<html>
<body>
<pre>
<h1>µVision Build Log</h1>
<h2>Tool Versions:</h2>
IDE-Version: ¦ÌVision V5.22.0.0
Copyright (C) 2016 ARM Ltd and ARM Germany GmbH. All rights reserved.
License Information: XXX admin, XXX, LIC=----
 
Tool Versions:
Toolchain:       MDK-Lite  Version: 5.22
Toolchain Path:  I:\Keil_v5\ARM\ARMCC\Bin
C Compiler:      Armcc.exe V5.06 update 4 (build 422)
Assembler:       Armasm.exe V5.06 update 4 (build 422)
Linker/Locator:  ArmLink.exe V5.06 update 4 (build 422)
Library Manager: ArmAr.exe V5.06 update 4 (build 422)
Hex Converter:   FromElf.exe V5.06 update 4 (build 422)
CPU DLL:         SARMCM3.DLL V5.22
Dialog DLL:      DCM.DLL V1.13.9.0
Target DLL:      lmidk-agdi.dll V???
Dialog DLL:      TCM.DLL V1.21.0.0
 
<h2>Project:</h2>
F:\2023_spring\S800\EXP3\EXP1.uvprojx
Project File Date:  05/29/2023

<h2>Output:</h2>
*** Using Compiler 'V5.06 update 4 (build 422)', folder: 'I:\Keil_v5\ARM\ARMCC\Bin'
Rebuild target 'Target 1'
assembling startup_TM4C129.s...
compiling exp3-6.c...
exp3-6.c(137): warning:  #223-D: function "sscanf" declared implicitly
  				sscanf(uart_receive_char,"%3s%2s%1s%2s%1s%2s",command_char,hour_char,gap_char,minute_char,gap_char,second_char);	
exp3-6.c(141): warning:  #223-D: function "sscanf" declared implicitly
  				sscanf(uart_receive_char,"%s",command_char);
exp3-6.c(151): warning:  #223-D: function "atoi" declared implicitly
  				hour = atoi(hour_char);
exp3-6.c(155): warning:  #223-D: function "sprintf" declared implicitly
  				sprintf(time_char,"TIME%02d:%02d:%02d",hour,minute,second);
exp3-6.c(161): warning:  #223-D: function "atoi" declared implicitly
  				if((second+atoi(second_char)) >= 60)
exp3-6.c(189): warning:  #223-D: function "sprintf" declared implicitly
  				sprintf(time_char,"TIME%02d:%02d:%02d",hour,minute,second);
exp3-6.c(194): warning:  #223-D: function "sprintf" declared implicitly
  				sprintf(time_char,"TIME%02d:%02d:%02d",hour,minute,second);
exp3-6.c(275): warning:  #550-D: variable "result"  was set but never used
  	uint8_t result;
exp3-6.c: 8 warnings, 0 errors
compiling system_TM4C129.c...
linking...
Program Size: Code=7492 RO-data=2252 RW-data=36 ZI-data=620  
".\Objects\EXP1.axf" - 0 Error(s), 8 Warning(s).

<h2>Software Packages used:</h2>

Package Vendor: ARM
                http://www.keil.com/pack/ARM.CMSIS.5.0.0.pack
                ARM::CMSIS:CORE:5.0.0
                CMSIS (Cortex Microcontroller Software Interface Standard)
   * Component: CORE Version: 5.0.0

Package Vendor: Keil
                http://www.keil.com/pack/Keil.TM4C_DFP.1.1.0.pack
                Keil::Device:Startup:1.0.0
                Texas Instruments Tiva C Series Device Support and Examples
   * Component: Startup Version: 1.0.0

<h2>Collection of Component include folders:</h2>
  F:\2023_spring\S800\EXP3\RTE\_Target_1
  I:\Keil_v5\ARM\PACK\ARM\CMSIS\5.0.0\CMSIS\Include
  I:\Keil_v5\ARM\PACK\Keil\TM4C_DFP\1.1.0\Device\Include\TM4C129

<h2>Collection of Component Files used:</h2>

   * Component: ARM::CMSIS:CORE:5.0.0

   * Component: Keil::Device:Startup:1.0.0
      Source file:   Device\Source\ARM\startup_TM4C129.s
      Include file:  Device\Include\TM4C129\TM4C129.h
      Source file:   Device\Source\system_TM4C129.c
Build Time Elapsed:  00:00:00
</pre>
</body>
</html>
