<html>
<body>
<pre>
<h1>µVision Build Log</h1>
<h2>Tool Versions:</h2>
IDE-Version: ¦ÌVision V5.22.0.0
Copyright (C) 2016 ARM Ltd and ARM Germany GmbH. All rights reserved.
License Information: XXX admin, XXX, LIC=----
 
Tool Versions:
Toolchain:       MDK-Lite  Version: 5.22
Toolchain Path:  I:\Keil_v5\ARM\ARMCC\Bin
C Compiler:      Armcc.exe V5.06 update 4 (build 422)
Assembler:       Armasm.exe V5.06 update 4 (build 422)
Linker/Locator:  ArmLink.exe V5.06 update 4 (build 422)
Library Manager: ArmAr.exe V5.06 update 4 (build 422)
Hex Converter:   FromElf.exe V5.06 update 4 (build 422)
CPU DLL:         SARMCM3.DLL V5.22
Dialog DLL:      DCM.DLL V1.13.9.0
Target DLL:      lmidk-agdi.dll V???
Dialog DLL:      TCM.DLL V1.21.0.0
 
<h2>Project:</h2>
F:\2023_spring\S800\S800Final_Project\EXP1.uvprojx
Project File Date:  06/02/2023

<h2>Output:</h2>
*** Using Compiler 'V5.06 update 4 (build 422)', folder: 'I:\Keil_v5\ARM\ARMCC\Bin'
Rebuild target 'Target 1'
assembling startup_TM4C129.s...
compiling main.c...
main.c(119): warning:  #223-D: function "sscanf" declared implicitly
                  sscanf(uart_receive_char,"%3s%2s%1s%2s%1s%2s",command_char,hour_char,gap_char,minute_char,gap_char,second_char);	
main.c(123): warning:  #223-D: function "sscanf" declared implicitly
                  sscanf(uart_receive_char,"%s",command_char);
main.c(127): warning:  #223-D: function "sscanf" declared implicitly
                  sscanf(uart_receive_char,"%7s%1s",command_char,commandIndex);
main.c(135): warning:  #223-D: function "atoi" declared implicitly
                  hour = atoi(hour_char);
main.c(139): warning:  #223-D: function "sprintf" declared implicitly
                  sprintf(time_char,"TIME%02d:%02d:%02d",hour,minute,second);
main.c(144): warning:  #223-D: function "sprintf" declared implicitly
                  sprintf(time_char,"TIME%02d:%02d:%02d",hour,minute,second);
main.c(149): warning:  #223-D: function "sprintf" declared implicitly
                  sprintf(time_char,"FUNCTIONSET%01d",commandIndex);
main.c(85): warning:  #177-D: variable "month_char"  was declared but never referenced
      char month_char[12][4] = {"JAN","FEB","MAR","APR","MAY","JUN","JUL","AUG","SEP","OCT","NOV","DEC"};
main.c(86): warning:  #177-D: variable "num_char"  was declared but never referenced
      char num_char[12][3] = {"00","01","02","03","04","05","06","07","08","09","10","11"};  
main.c(297): warning:  #550-D: variable "result"  was set but never used
      uint8_t result;
main.c(337): warning:  #550-D: variable "result"  was set but never used
      uint8_t result;
main.c(402): warning:  #550-D: variable "result"  was set but never used
  	uint8_t result;
main.c: 12 warnings, 0 errors
compiling system_TM4C129.c...
linking...
Program Size: Code=8720 RO-data=2336 RW-data=60 ZI-data=620  
".\Objects\EXP1.axf" - 0 Error(s), 12 Warning(s).

<h2>Software Packages used:</h2>

Package Vendor: ARM
                http://www.keil.com/pack/ARM.CMSIS.5.0.0.pack
                ARM::CMSIS:CORE:5.0.0
                CMSIS (Cortex Microcontroller Software Interface Standard)
   * Component: CORE Version: 5.0.0

Package Vendor: Keil
                http://www.keil.com/pack/Keil.TM4C_DFP.1.1.0.pack
                Keil::Device:Startup:1.0.0
                Texas Instruments Tiva C Series Device Support and Examples
   * Component: Startup Version: 1.0.0

<h2>Collection of Component include folders:</h2>
  F:\2023_spring\S800\S800Final_Project\RTE\_Target_1
  I:\Keil_v5\ARM\PACK\ARM\CMSIS\5.0.0\CMSIS\Include
  I:\Keil_v5\ARM\PACK\Keil\TM4C_DFP\1.1.0\Device\Include\TM4C129

<h2>Collection of Component Files used:</h2>

   * Component: ARM::CMSIS:CORE:5.0.0

   * Component: Keil::Device:Startup:1.0.0
      Include file:  Device\Include\TM4C129\TM4C129.h
      Source file:   Device\Source\ARM\startup_TM4C129.s
      Source file:   Device\Source\system_TM4C129.c
Build Time Elapsed:  00:00:00
</pre>
</body>
</html>
