Component: ARM Compiler 5.06 update 4 (build 422) Tool: armlink [4d35d2]

==============================================================================

Section Cross References

    main.o(i.Alarm_time) refers to main.o(.data) for setSecond
    main.o(i.Alarmring) refers to main.o(i.PWM_Init) for PWM_Init
    main.o(i.Alarmring) refers to main.o(.data) for setHour
    main.o(i.AuthorDisplay) refers to sysctl.o(.emb_text) for SysCtlDelay
    main.o(i.AuthorDisplay) refers to main.o(i.UARTStringPut) for UARTStringPut
    main.o(i.AuthorDisplay) refers to main.o(i.I2C0_WriteByte) for I2C0_WriteByte
    main.o(i.AuthorDisplay) refers to main.o(.data) for ui32SysClock
    main.o(i.Display_alarm) refers to main.o(i.I2C0_WriteByte) for I2C0_WriteByte
    main.o(i.Display_alarm) refers to main.o(i.Delay) for Delay
    main.o(i.Display_alarm) refers to main.o(.data) for setHour
    main.o(i.Display_countdown) refers to main.o(i.I2C0_WriteByte) for I2C0_WriteByte
    main.o(i.Display_countdown) refers to main.o(i.Delay) for Delay
    main.o(i.Display_countdown) refers to main.o(.data) for countdown_start
    main.o(i.Display_countdown) refers to main.o(.bss) for countdown
    main.o(i.Display_date) refers to main.o(i.I2C0_WriteByte) for I2C0_WriteByte
    main.o(i.Display_date) refers to main.o(i.Delay) for Delay
    main.o(i.Display_date) refers to main.o(.data) for year
    main.o(i.Display_time) refers to main.o(i.I2C0_WriteByte) for I2C0_WriteByte
    main.o(i.Display_time) refers to main.o(i.Delay) for Delay
    main.o(i.Display_time) refers to main.o(.data) for hour
    main.o(i.GPIOJ_Handler) refers to _printf_pad.o(.text) for _printf_pre_padding
    main.o(i.GPIOJ_Handler) refers to _printf_percent.o(.ARM.Collect$$_printf_percent$$00000000) for _printf_percent
    main.o(i.GPIOJ_Handler) refers to _printf_d.o(.ARM.Collect$$_printf_percent$$00000009) for _printf_d
    main.o(i.GPIOJ_Handler) refers to _printf_dec.o(.text) for _printf_int_dec
    main.o(i.GPIOJ_Handler) refers to gpio.o(i.GPIOIntStatus) for GPIOIntStatus
    main.o(i.GPIOJ_Handler) refers to sysctl.o(.emb_text) for SysCtlDelay
    main.o(i.GPIOJ_Handler) refers to gpio.o(i.GPIOIntClear) for GPIOIntClear
    main.o(i.GPIOJ_Handler) refers to noretval__2sprintf.o(.text) for __2sprintf
    main.o(i.GPIOJ_Handler) refers to main.o(i.UARTStringPut) for UARTStringPut
    main.o(i.GPIOJ_Handler) refers to main.o(.data) for ui32SysClock
    main.o(i.I2C0_ReadByte) refers to i2c.o(i.I2CMasterBusy) for I2CMasterBusy
    main.o(i.I2C0_ReadByte) refers to i2c.o(i.I2CMasterSlaveAddrSet) for I2CMasterSlaveAddrSet
    main.o(i.I2C0_ReadByte) refers to i2c.o(i.I2CMasterDataPut) for I2CMasterDataPut
    main.o(i.I2C0_ReadByte) refers to i2c.o(i.I2CMasterControl) for I2CMasterControl
    main.o(i.I2C0_ReadByte) refers to i2c.o(i.I2CMasterBusBusy) for I2CMasterBusBusy
    main.o(i.I2C0_ReadByte) refers to i2c.o(i.I2CMasterErr) for I2CMasterErr
    main.o(i.I2C0_ReadByte) refers to main.o(i.Delay) for Delay
    main.o(i.I2C0_ReadByte) refers to i2c.o(i.I2CMasterDataGet) for I2CMasterDataGet
    main.o(i.I2C0_WriteByte) refers to i2c.o(i.I2CMasterBusy) for I2CMasterBusy
    main.o(i.I2C0_WriteByte) refers to i2c.o(i.I2CMasterSlaveAddrSet) for I2CMasterSlaveAddrSet
    main.o(i.I2C0_WriteByte) refers to i2c.o(i.I2CMasterDataPut) for I2CMasterDataPut
    main.o(i.I2C0_WriteByte) refers to i2c.o(i.I2CMasterControl) for I2CMasterControl
    main.o(i.I2C0_WriteByte) refers to i2c.o(i.I2CMasterErr) for I2CMasterErr
    main.o(i.PWM_Init) refers to gpio.o(i.GPIOPinRead) for GPIOPinRead
    main.o(i.PWM_Init) refers to gpio.o(i.GPIOPinWrite) for GPIOPinWrite
    main.o(i.PWM_Init) refers to sysctl.o(.emb_text) for SysCtlDelay
    main.o(i.PWM_Init) refers to main.o(i.I2C0_WriteByte) for I2C0_WriteByte
    main.o(i.PWM_Init) refers to main.o(.data) for audio
    main.o(i.S800_Clock_Init) refers to sysctl.o(i.SysCtlClockFreqSet) for SysCtlClockFreqSet
    main.o(i.S800_Clock_Init) refers to main.o(.data) for ui32SysClock
    main.o(i.S800_GPIO_Init) refers to sysctl.o(i.SysCtlPeripheralEnable) for SysCtlPeripheralEnable
    main.o(i.S800_GPIO_Init) refers to sysctl.o(i.SysCtlPeripheralReady) for SysCtlPeripheralReady
    main.o(i.S800_GPIO_Init) refers to gpio.o(i.GPIOPinTypeGPIOOutput) for GPIOPinTypeGPIOOutput
    main.o(i.S800_GPIO_Init) refers to gpio.o(i.GPIOPinTypeGPIOInput) for GPIOPinTypeGPIOInput
    main.o(i.S800_GPIO_Init) refers to gpio.o(i.GPIOPadConfigSet) for GPIOPadConfigSet
    main.o(i.S800_GPIO_Init) refers to gpio.o(i.GPIOIntTypeSet) for GPIOIntTypeSet
    main.o(i.S800_GPIO_Init) refers to gpio.o(i.GPIOIntEnable) for GPIOIntEnable
    main.o(i.S800_GPIO_Init) refers to interrupt.o(i.IntEnable) for IntEnable
    main.o(i.S800_I2C0_Init) refers to sysctl.o(i.SysCtlPeripheralEnable) for SysCtlPeripheralEnable
    main.o(i.S800_I2C0_Init) refers to gpio.o(i.GPIOPinConfigure) for GPIOPinConfigure
[...]
    i.GPIOPinConfigure                       0x000029a4   Section        0  gpio.o(i.GPIOPinConfigure)
    i.GPIOPinRead                            0x000029e8   Section        0  gpio.o(i.GPIOPinRead)
    i.GPIOPinTypeGPIOInput                   0x000029ee   Section        0  gpio.o(i.GPIOPinTypeGPIOInput)
    i.GPIOPinTypeGPIOOutput                  0x00002a0a   Section        0  gpio.o(i.GPIOPinTypeGPIOOutput)
    i.GPIOPinTypeI2C                         0x00002a26   Section        0  gpio.o(i.GPIOPinTypeI2C)
    i.GPIOPinTypeI2CSCL                      0x00002a42   Section        0  gpio.o(i.GPIOPinTypeI2CSCL)
    i.GPIOPinTypeUART                        0x00002a5e   Section        0  gpio.o(i.GPIOPinTypeUART)
    i.GPIOPinWrite                           0x00002a7a   Section        0  gpio.o(i.GPIOPinWrite)
    i.I2C0_ReadByte                          0x00002a80   Section        0  main.o(i.I2C0_ReadByte)
    i.I2C0_WriteByte                         0x00002b0c   Section        0  main.o(i.I2C0_WriteByte)
    i.I2CMasterBusBusy                       0x00002b80   Section        0  i2c.o(i.I2CMasterBusBusy)
    i.I2CMasterBusy                          0x00002b8c   Section        0  i2c.o(i.I2CMasterBusy)
    i.I2CMasterControl                       0x00002b98   Section        0  i2c.o(i.I2CMasterControl)
    i.I2CMasterDataGet                       0x00002b9c   Section        0  i2c.o(i.I2CMasterDataGet)
    i.I2CMasterDataPut                       0x00002ba0   Section        0  i2c.o(i.I2CMasterDataPut)
    i.I2CMasterEnable                        0x00002ba4   Section        0  i2c.o(i.I2CMasterEnable)
    i.I2CMasterErr                           0x00002bae   Section        0  i2c.o(i.I2CMasterErr)
    i.I2CMasterInitExpClk                    0x00002bc8   Section        0  i2c.o(i.I2CMasterInitExpClk)
    i.I2CMasterSlaveAddrSet                  0x00002c1c   Section        0  i2c.o(i.I2CMasterSlaveAddrSet)
    i.IntEnable                              0x00002c24   Section        0  interrupt.o(i.IntEnable)
    i.IntMasterDisable                       0x00002c88   Section        0  interrupt.o(i.IntMasterDisable)
    i.IntMasterEnable                        0x00002c96   Section        0  interrupt.o(i.IntMasterEnable)
    i.PWM_Init                               0x00002ca4   Section        0  main.o(i.PWM_Init)
    i.S800_Clock_Init                        0x00002cf8   Section        0  main.o(i.S800_Clock_Init)
    i.S800_GPIO_Init                         0x00002d14   Section        0  main.o(i.S800_GPIO_Init)
    i.S800_I2C0_Init                         0x00002dec   Section        0  main.o(i.S800_I2C0_Init)
    i.S800_SysTick_Init                      0x00002e84   Section        0  main.o(i.S800_SysTick_Init)
    i.S800_UART_Init                         0x00002ea8   Section        0  main.o(i.S800_UART_Init)
    i.SWPressed                              0x00002fb8   Section        0  main.o(i.SWPressed)
    i.SysCtlClockFreqSet                     0x0000346c   Section        0  sysctl.o(i.SysCtlClockFreqSet)
    i.SysCtlPeripheralEnable                 0x00003750   Section        0  sysctl.o(i.SysCtlPeripheralEnable)
    i.SysCtlPeripheralReady                  0x00003778   Section        0  sysctl.o(i.SysCtlPeripheralReady)
    i.SysTickEnable                          0x000037a4   Section        0  systick.o(i.SysTickEnable)
    i.SysTickIntEnable                       0x000037b2   Section        0  systick.o(i.SysTickIntEnable)
    i.SysTickPeriodSet                       0x000037c0   Section        0  systick.o(i.SysTickPeriodSet)
    i.SysTick_Handler                        0x000037cc   Section        0  main.o(i.SysTick_Handler)
    i.SystemInit                             0x0000388c   Section        0  system_tm4c129.o(i.SystemInit)
    i.UART0_Handler                          0x000038ac   Section        0  main.o(i.UART0_Handler)
    i.UARTCharGetNonBlocking                 0x00003924   Section        0  uart.o(i.UARTCharGetNonBlocking)
    i.UARTCharPut                            0x00003934   Section        0  uart.o(i.UARTCharPut)
    i.UARTCharsAvail                         0x00003940   Section        0  uart.o(i.UARTCharsAvail)
    i.UARTConfigSetExpClk                    0x0000394a   Section        0  uart.o(i.UARTConfigSetExpClk)
    i.UARTFIFOLevelSet                       0x000039b8   Section        0  uart.o(i.UARTFIFOLevelSet)
    i.UARTIntClear                           0x000039be   Section        0  uart.o(i.UARTIntClear)
    i.UARTIntEnable                          0x000039c2   Section        0  uart.o(i.UARTIntEnable)
    i.UARTIntStatus                          0x000039ca   Section        0  uart.o(i.UARTIntStatus)
    i.UARTStringPut                          0x000039d4   Section        0  main.o(i.UARTStringPut)
    i.Uart_set                               0x000039f0   Section        0  main.o(i.Uart_set)
    i.__hardfp_ldexp                         0x00004018   Section        0  ldexp.o(i.__hardfp_ldexp)
    i.__mathlib_dbl_overflow                 0x000040e8   Section        0  dunder.o(i.__mathlib_dbl_overflow)
    i.__mathlib_dbl_underflow                0x00004108   Section        0  dunder.o(i.__mathlib_dbl_underflow)
    i.__mathlib_narrow                       0x00004128   Section        0  narrow.o(i.__mathlib_narrow)
    i.__support_ldexp                        0x000041e0   Section        0  ldexp.o(i.__support_ldexp)
    i._is_digit                              0x000041f4   Section        0  __printf_wp.o(i._is_digit)
    i.atof                                   0x00004208   Section        0  atof.o(i.atof)
    i.frexp                                  0x00004240   Section        0  frexp.o(i.frexp)
    i.main                                   0x000042cc   Section        0  main.o(i.main)
    i.setAlarm                               0x000043a8   Section        0  main.o(i.setAlarm)
    i.setDate                                0x000043f8   Section        0  main.o(i.setDate)
    i.setTime                                0x00004448   Section        0  main.o(i.setTime)
    i.timeUpdate                             0x00004498   Section        0  main.o(i.timeUpdate)
    i.transAlarm                             0x000048ec   Section        0  main.o(i.transAlarm)
    i.transDate                              0x00004938   Section        0  main.o(i.transDate)
    i.transTime                              0x00004984   Section        0  main.o(i.transTime)
    locale$$code                             0x000049d0   Section       44  lc_numeric_c.o(locale$$code)
    locale$$code                             0x000049fc   Section       44  lc_ctype_c.o(locale$$code)
    x$fpl$d2f                                0x00004a28   Section       98  d2f.o(x$fpl$d2f)
    $v0                                      0x00004a28   Number         0  d2f.o(x$fpl$d2f)
    x$fpl$dcheck1                            0x00004a8c   Section       16  dcheck1.o(x$fpl$dcheck1)
    $v0                                      0x00004a8c   Number         0  dcheck1.o(x$fpl$dcheck1)
    x$fpl$dcmpinf                            0x00004a9c   Section       24  dcmpi.o(x$fpl$dcmpinf)
    $v0                                      0x00004a9c   Number         0  dcmpi.o(x$fpl$dcmpinf)
    x$fpl$deqf                               0x00004ab4   Section      120  deqf.o(x$fpl$deqf)
    $v0                                      0x00004ab4   Number         0  deqf.o(x$fpl$deqf)
    x$fpl$dleqf                              0x00004b2c   Section      120  dleqf.o(x$fpl$dleqf)
    $v0                                      0x00004b2c   Number         0  dleqf.o(x$fpl$dleqf)
    x$fpl$dmul                               0x00004ba4   Section      340  dmul.o(x$fpl$dmul)
    $v0                                      0x00004ba4   Number         0  dmul.o(x$fpl$dmul)
    x$fpl$dnaninf                            0x00004cf8   Section      156  dnaninf.o(x$fpl$dnaninf)
    $v0                                      0x00004cf8   Number         0  dnaninf.o(x$fpl$dnaninf)
    x$fpl$dretinf                            0x00004d94   Section       12  dretinf.o(x$fpl$dretinf)
    $v0                                      0x00004d94   Number         0  dretinf.o(x$fpl$dretinf)
    x$fpl$drleqf                             0x00004da0   Section      108  drleqf.o(x$fpl$drleqf)
    $v0                                      0x00004da0   Number         0  drleqf.o(x$fpl$drleqf)
    x$fpl$fpinit                             0x00004e0c   Section       10  fpinit.o(x$fpl$fpinit)
    $v0                                      0x00004e0c   Number         0  fpinit.o(x$fpl$fpinit)
    x$fpl$fretinf                            0x00004e16   Section       10  fretinf.o(x$fpl$fretinf)
    $v0                                      0x00004e16   Number         0  fretinf.o(x$fpl$fretinf)
    x$fpl$retnan                             0x00004e20   Section      100  retnan.o(x$fpl$retnan)
    $v0                                      0x00004e20   Number         0  retnan.o(x$fpl$retnan)
    x$fpl$scalbn                             0x00004e84   Section       92  scalbn.o(x$fpl$scalbn)
    $v0                                      0x00004e84   Number         0  scalbn.o(x$fpl$scalbn)
    x$fpl$scanf1                             0x00004ee0   Section        4  scanf1.o(x$fpl$scanf1)
    $v0                                      0x00004ee0   Number         0  scanf1.o(x$fpl$scanf1)
    x$fpl$scanf2                             0x00004ee4   Section        8  scanf2.o(x$fpl$scanf2)
    $v0                                      0x00004ee4   Number         0  scanf2.o(x$fpl$scanf2)
    x$fpl$trapveneer                         0x00004eec   Section       48  trapv.o(x$fpl$trapveneer)
    $v0                                      0x00004eec   Number         0  trapv.o(x$fpl$trapveneer)
    .constdata                               0x00004f1c   Section       84  main.o(.constdata)
    x$fpl$usenofp                            0x00004f1c   Section        0  usenofp.o(x$fpl$usenofp)
    .constdata                               0x00004f70   Section      552  gpio.o(.constdata)
    g_ppui32GPIOIntMapBlizzard               0x00004f70   Data         192  gpio.o(.constdata)
    g_ppui32GPIOIntMapSnowflake              0x00005030   Data         216  gpio.o(.constdata)
    g_pui32GPIOBaseAddrs                     0x00005108   Data         144  gpio.o(.constdata)
    .constdata                               0x00005198   Section      268  interrupt.o(.constdata)
    g_pui32Priority                          0x00005198   Data          32  interrupt.o(.constdata)
    g_pui32Regs                              0x000051b8   Data         156  interrupt.o(.constdata)
    g_pui32EnRegs                            0x00005254   Data          20  interrupt.o(.constdata)
    g_pui32Dii16Regs                         0x00005268   Data          20  interrupt.o(.constdata)
    g_pui32PendRegs                          0x0000527c   Data          20  interrupt.o(.constdata)
    g_pui32UnpendRegs                        0x00005290   Data          20  interrupt.o(.constdata)
    .constdata                               0x000052a4   Section      596  sysctl.o(.constdata)
    g_pui32VCOFrequencies                    0x000052a4   Data           8  sysctl.o(.constdata)
    g_pui32Xtals                             0x000052ac   Data         108  sysctl.o(.constdata)
    g_pppui32XTALtoVCO                       0x00005318   Data         432  sysctl.o(.constdata)
    g_sXTALtoMEMTIM                          0x000054c8   Data          48  sysctl.o(.constdata)
    .constdata                               0x000054f8   Section       17  __printf_flags_wp.o(.constdata)
    maptable                                 0x000054f8   Data          17  __printf_flags_wp.o(.constdata)
    .constdata                               0x0000550c   Section      148  bigflt0.o(.constdata)
    tenpwrs_x                                0x0000550c   Data          60  bigflt0.o(.constdata)
    tenpwrs_i                                0x00005548   Data          64  bigflt0.o(.constdata)
    .conststring                             0x000055a0   Section      814  main.o(.conststring)
    c$$dinf                                  0x000058f0   Section        8  fpconst.o(c$$dinf)
    locale$$data                             0x000058f8   Section       28  lc_numeric_c.o(locale$$data)
    __lcnum_c_name                           0x000058fc   Data           2  lc_numeric_c.o(locale$$data)
    __lcnum_c_start                          0x00005904   Data           0  lc_numeric_c.o(locale$$data)
    __lcnum_c_point                          0x00005910   Data           0  lc_numeric_c.o(locale$$data)
    __lcnum_c_thousands                      0x00005912   Data           0  lc_numeric_c.o(locale$$data)
    __lcnum_c_grouping                       0x00005913   Data           0  lc_numeric_c.o(locale$$data)
    locale$$data                             0x00005914   Section      272  lc_ctype_c.o(locale$$data)
    __lcnum_c_end                            0x00005914   Data           0  lc_numeric_c.o(locale$$data)
    __lcctype_c_name                         0x00005918   Data           2  lc_ctype_c.o(locale$$data)
    __lcctype_c_start                        0x00005920   Data           0  lc_ctype_c.o(locale$$data)
    __lcctype_c_end                          0x00005a24   Data           0  lc_ctype_c.o(locale$$data)
    .data                                    0x20000000   Section      230  main.o(.data)
    k                                        0x200000e5   Data           1  main.o(.data)
    .data                                    0x200000e8   Section        4  system_tm4c129.o(.data)
    .bss                                     0x200000ec   Section      428  main.o(.bss)
    .bss                                     0x20000298   Section       96  libspace.o(.bss)
    HEAP                                     0x200002f8   Section        0  startup_tm4c129.o(HEAP)
    STACK                                    0x200002f8   Section      512  startup_tm4c129.o(STACK)
    Heap_Mem                                 0x200002f8   Data           0  startup_tm4c129.o(HEAP)
    Stack_Mem                                0x200002f8   Data         512  startup_tm4c129.o(STACK)
    __initial_sp                             0x200004f8   Data           0  startup_tm4c129.o(STACK)

    Global Symbols

    Symbol Name                              Value     Ov Type        Size  Object(Section)

    BuildAttributes$$THM_ISAv4$E$P$D$K$B$S$7EM$VFPi3$EXTD16$VFPS$VFMA$PE$A:L22UL41UL21$X:L11$S22US41US21$IEEE1$IW$USESV6$~STKCKD$USESV7$~SHL$OTIME$ROPI$IEEEX$EBA8$UX$STANDARDLIB$REQ8$PRES8$EABIv2 0x00000000   Number         0  anon$$obj.o ABSOLUTE
    __ARM_use_no_argv                        0x00000000   Number         0  main.o ABSOLUTE
    __Vectors                                0x00000000   Data           4  startup_tm4c129.o(RESET)
    _printf_flags                            0x00000000   Number         0  printf_stubs.o ABSOLUTE
    _printf_return_value                     0x00000000   Number         0  printf_stubs.o ABSOLUTE
    _printf_sizespec                         0x00000000   Number         0  printf_stubs.o ABSOLUTE
    _printf_widthprec                        0x00000000   Number         0  printf_stubs.o ABSOLUTE
    __ARM_exceptions_init                     - Undefined Weak Reference
    __alloca_initialize                       - Undefined Weak Reference
    __arm_preinit_                            - Undefined Weak Reference
    __cpp_initialize__aeabi_                  - Undefined Weak Reference
    __cxa_finalize                            - Undefined Weak Reference
    __sigvec_lookup                           - Undefined Weak Reference
    _atexit_init                              - Undefined Weak Reference
    _call_atexit_fns                          - Undefined Weak Reference
    _clock_init                               - Undefined Weak Reference
    _fp_trap_init                             - Undefined Weak Reference
    _fp_trap_shutdown                         - Undefined Weak Reference
    _get_lc_collate                           - Undefined Weak Reference
    _get_lc_monetary                          - Undefined Weak Reference
    _get_lc_time                              - Undefined Weak Reference
    _getenv_init                              - Undefined Weak Reference
    _handle_redirection                       - Undefined Weak Reference
    _init_alloc                               - Undefined Weak Reference
    _init_user_alloc                          - Undefined Weak Reference
    _initio                                   - Undefined Weak Reference
    _printf_mbtowc                            - Undefined Weak Reference
    _printf_truncate_signed                   - Undefined Weak Reference
    _printf_truncate_unsigned                 - Undefined Weak Reference
    _rand_init                                - Undefined Weak Reference
    _signal_finish                            - Undefined Weak Reference
    _signal_init                              - Undefined Weak Reference
    _terminate_alloc                          - Undefined Weak Reference
    _terminate_user_alloc                     - Undefined Weak Reference
    _terminateio                              - Undefined Weak Reference
    __Vectors_End                            0x00000200   Data           0  startup_tm4c129.o(RESET)
    __Vectors_Size                           0x00000200   Number         0  startup_tm4c129.o ABSOLUTE
    __main                                   0x00000201   Thumb Code     8  __main.o(!!!main)
    __scatterload                            0x00000209   Thumb Code     0  __scatter.o(!!!scatter)
    __scatterload_rt2                        0x00000209   Thumb Code    44  __scatter.o(!!!scatter)
    __scatterload_rt2_thumb_only             0x00000209   Thumb Code     0  __scatter.o(!!!scatter)
    __scatterload_null                       0x00000217   Thumb Code     0  __scatter.o(!!!scatter)
    __scatterload_copy                       0x0000023d   Thumb Code    26  __scatter_copy.o(!!handler_copy)
    __scatterload_zeroinit                   0x00000259   Thumb Code    28  __scatter_zi.o(!!handler_zi)
    _printf_d                                0x00000275   Thumb Code     0  _printf_d.o(.ARM.Collect$$_printf_percent$$00000009)
    _printf_percent                          0x00000275   Thumb Code     0  _printf_percent.o(.ARM.Collect$$_printf_percent$$00000000)
    _printf_u                                0x0000027b   Thumb Code     0  _printf_u.o(.ARM.Collect$$_printf_percent$$0000000A)
    _printf_s                                0x00000281   Thumb Code     0  _printf_s.o(.ARM.Collect$$_printf_percent$$00000014)
    _printf_percent_end                      0x00000287   Thumb Code     0  _printf_percent_end.o(.ARM.Collect$$_printf_percent$$00000017)
    __rt_lib_init                            0x0000028b   Thumb Code     0  libinit.o(.ARM.Collect$$libinit$$00000000)
    __rt_lib_init_fp_1                       0x0000028d   Thumb Code     0  libinit2.o(.ARM.Collect$$libinit$$00000001)
    __rt_lib_init_heap_1                     0x00000291   Thumb Code     0  libinit2.o(.ARM.Collect$$libinit$$0000000A)
    __rt_lib_init_lc_common                  0x00000291   Thumb Code     0  libinit2.o(.ARM.Collect$$libinit$$0000000F)
    __rt_lib_init_preinit_1                  0x00000291   Thumb Code     0  libinit2.o(.ARM.Collect$$libinit$$00000004)
    __rt_lib_init_rand_1                     0x00000291   Thumb Code     0  libinit2.o(.ARM.Collect$$libinit$$0000000E)
    __rt_lib_init_user_alloc_1               0x00000291   Thumb Code     0  libinit2.o(.ARM.Collect$$libinit$$0000000C)
    __rt_lib_init_lc_collate_1               0x00000297   Thumb Code     0  libinit2.o(.ARM.Collect$$libinit$$00000011)
    __rt_lib_init_lc_ctype_2                 0x00000297   Thumb Code     0  libinit2.o(.ARM.Collect$$libinit$$00000012)
    __rt_lib_init_lc_ctype_1                 0x000002a3   Thumb Code     0  libinit2.o(.ARM.Collect$$libinit$$00000013)
    __rt_lib_init_lc_monetary_1              0x000002a3   Thumb Code     0  libinit2.o(.ARM.Collect$$libinit$$00000015)
    __rt_lib_init_lc_numeric_2               0x000002a3   Thumb Code     0  libinit2.o(.ARM.Collect$$libinit$$00000016)
    __rt_lib_init_alloca_1                   0x000002ad   Thumb Code     0  libinit2.o(.ARM.Collect$$libinit$$0000002E)
    __rt_lib_init_argv_1                     0x000002ad   Thumb Code     0  libinit2.o(.ARM.Collect$$libinit$$0000002C)
    __rt_lib_init_atexit_1                   0x000002ad   Thumb Code     0  libinit2.o(.ARM.Collect$$libinit$$0000001B)
    __rt_lib_init_clock_1                    0x000002ad   Thumb Code     0  libinit2.o(.ARM.Collect$$libinit$$00000021)
    __rt_lib_init_cpp_1                      0x000002ad   Thumb Code     0  libinit2.o(.ARM.Collect$$libinit$$00000032)
    __rt_lib_init_exceptions_1               0x000002ad   Thumb Code     0  libinit2.o(.ARM.Collect$$libinit$$00000030)
    __rt_lib_init_fp_trap_1                  0x000002ad   Thumb Code     0  libinit2.o(.ARM.Collect$$libinit$$0000001F)
    __rt_lib_init_getenv_1                   0x000002ad   Thumb Code     0  libinit2.o(.ARM.Collect$$libinit$$00000023)
    __rt_lib_init_lc_numeric_1               0x000002ad   Thumb Code     0  libinit2.o(.ARM.Collect$$libinit$$00000017)
    __rt_lib_init_lc_time_1                  0x000002ad   Thumb Code     0  libinit2.o(.ARM.Collect$$libinit$$00000019)
    __rt_lib_init_return                     0x000002ad   Thumb Code     0  libinit2.o(.ARM.Collect$$libinit$$00000033)
    __rt_lib_init_signal_1                   0x000002ad   Thumb Code     0  libinit2.o(.ARM.Collect$$libinit$$0000001D)
    __rt_lib_init_stdio_1                    0x000002ad   Thumb Code     0  libinit2.o(.ARM.Collect$$libinit$$00000025)
    __rt_lib_shutdown                        0x000002af   Thumb Code     0  libshutdown.o(.ARM.Collect$$libshutdown$$00000000)
    __rt_lib_shutdown_cpp_1                  0x000002b1   Thumb Code     0  libshutdown2.o(.ARM.Collect$$libshutdown$$00000002)
    __rt_lib_shutdown_fp_trap_1              0x000002b1   Thumb Code     0  libshutdown2.o(.ARM.Collect$$libshutdown$$00000007)
    __rt_lib_shutdown_heap_1                 0x000002b1   Thumb Code     0  libshutdown2.o(.ARM.Collect$$libshutdown$$0000000F)
    __rt_lib_shutdown_return                 0x000002b1   Thumb Code     0  libshutdown2.o(.ARM.Collect$$libshutdown$$00000010)
    __rt_lib_shutdown_signal_1               0x000002b1   Thumb Code     0  libshutdown2.o(.ARM.Collect$$libshutdown$$0000000A)
    __rt_lib_shutdown_stdio_1                0x000002b1   Thumb Code     0  libshutdown2.o(.ARM.Collect$$libshutdown$$00000004)
    __rt_lib_shutdown_user_alloc_1           0x000002b1   Thumb Code     0  libshutdown2.o(.ARM.Collect$$libshutdown$$0000000C)
    __rt_entry                               0x000002b3   Thumb Code     0  __rtentry.o(.ARM.Collect$$rtentry$$00000000)
    __rt_entry_presh_1                       0x000002b3   Thumb Code     0  __rtentry2.o(.ARM.Collect$$rtentry$$00000002)
    __rt_entry_sh                            0x000002b3   Thumb Code     0  __rtentry4.o(.ARM.Collect$$rtentry$$00000004)
    __rt_entry_li                            0x000002b9   Thumb Code     0  __rtentry2.o(.ARM.Collect$$rtentry$$0000000A)
    __rt_entry_postsh_1                      0x000002b9   Thumb Code     0  __rtentry2.o(.ARM.Collect$$rtentry$$00000009)
    __rt_entry_main                          0x000002bd   Thumb Code     0  __rtentry2.o(.ARM.Collect$$rtentry$$0000000D)
    __rt_entry_postli_1                      0x000002bd   Thumb Code     0  __rtentry2.o(.ARM.Collect$$rtentry$$0000000C)
    __rt_exit                                0x000002c5   Thumb Code     0  rtexit.o(.ARM.Collect$$rtexit$$00000000)
    __rt_exit_ls                             0x000002c7   Thumb Code     0  rtexit2.o(.ARM.Collect$$rtexit$$00000003)
    __rt_exit_prels_1                        0x000002c7   Thumb Code     0  rtexit2.o(.ARM.Collect$$rtexit$$00000002)
    __rt_exit_exit                           0x000002cb   Thumb Code     0  rtexit2.o(.ARM.Collect$$rtexit$$00000004)
    SysCtlDelay                              0x000002d1   Thumb Code     6  sysctl.o(.emb_text)
    CPUcpsid                                 0x000002d9   Thumb Code     8  cpu.o(.emb_text)
    CPUprimask                               0x000002e1   Thumb Code     6  cpu.o(.emb_text)
    CPUcpsie                                 0x000002e7   Thumb Code     8  cpu.o(.emb_text)
    CPUwfi                                   0x000002ef   Thumb Code     4  cpu.o(.emb_text)
    CPUbasepriSet                            0x000002f3   Thumb Code     6  cpu.o(.emb_text)
    CPUbasepriGet                            0x000002f9   Thumb Code     6  cpu.o(.emb_text)
    Reset_Handler                            0x00000301   Thumb Code     8  startup_tm4c129.o(.text)
    NMI_Handler                              0x00000309   Thumb Code     2  startup_tm4c129.o(.text)
    HardFault_Handler                        0x0000030b   Thumb Code     2  startup_tm4c129.o(.text)
    MemManage_Handler                        0x0000030d   Thumb Code     2  startup_tm4c129.o(.text)
    BusFault_Handler                         0x0000030f   Thumb Code     2  startup_tm4c129.o(.text)
    UsageFault_Handler                       0x00000311   Thumb Code     2  startup_tm4c129.o(.text)
    SVC_Handler                              0x00000313   Thumb Code     2  startup_tm4c129.o(.text)
    DebugMon_Handler                         0x00000315   Thumb Code     2  startup_tm4c129.o(.text)
    PendSV_Handler                           0x00000317   Thumb Code     2  startup_tm4c129.o(.text)
    GPIOA_Handler                            0x0000031b   Thumb Code     2  startup_tm4c129.o(.text)
    GPIOB_Handler                            0x0000031d   Thumb Code     2  startup_tm4c129.o(.text)
    GPIOC_Handler                            0x0000031f   Thumb Code     2  startup_tm4c129.o(.text)
    GPIOD_Handler                            0x00000321   Thumb Code     2  startup_tm4c129.o(.text)
    GPIOE_Handler                            0x00000323   Thumb Code     2  startup_tm4c129.o(.text)
    UART1_Handler                            0x00000327   Thumb Code     2  startup_tm4c129.o(.text)
    SSI0_Handler                             0x00000329   Thumb Code     2  startup_tm4c129.o(.text)
    I2C0_Handler                             0x0000032b   Thumb Code     2  startup_tm4c129.o(.text)
    PMW0_FAULT_Handler                       0x0000032d   Thumb Code     2  startup_tm4c129.o(.text)
    PWM0_0_Handler                           0x0000032f   Thumb Code     2  startup_tm4c129.o(.text)
    PWM0_1_Handler                           0x00000331   Thumb Code     2  startup_tm4c129.o(.text)
    PWM0_2_Handler                           0x00000333   Thumb Code     2  startup_tm4c129.o(.text)
    QEI0_Handler                             0x00000335   Thumb Code     2  startup_tm4c129.o(.text)
    ADC0SS0_Handler                          0x00000337   Thumb Code     2  startup_tm4c129.o(.text)
    ADC0SS1_Handler                          0x00000339   Thumb Code     2  startup_tm4c129.o(.text)
    ADC0SS2_Handler                          0x0000033b   Thumb Code     2  startup_tm4c129.o(.text)
    ADC0SS3_Handler                          0x0000033d   Thumb Code     2  startup_tm4c129.o(.text)
    WDT0_Handler                             0x0000033f   Thumb Code     2  startup_tm4c129.o(.text)
    TIMER0A_Handler                          0x00000341   Thumb Code     2  startup_tm4c129.o(.text)
    TIMER0B_Handler                          0x00000343   Thumb Code     2  startup_tm4c129.o(.text)
    TIMER1A_Handler                          0x00000345   Thumb Code     2  startup_tm4c129.o(.text)
    TIMER1B_Handler                          0x00000347   Thumb Code     2  startup_tm4c129.o(.text)
    TIMER2A_Handler                          0x00000349   Thumb Code     2  startup_tm4c129.o(.text)
    TIMER2B_Handler                          0x0000034b   Thumb Code     2  startup_tm4c129.o(.text)
    COMP0_Handler                            0x0000034d   Thumb Code     2  startup_tm4c129.o(.text)
    COMP1_Handler                            0x0000034f   Thumb Code     2  startup_tm4c129.o(.text)
    COMP2_Handler                            0x00000351   Thumb Code     2  startup_tm4c129.o(.text)
    SYSCTL_Handler                           0x00000353   Thumb Code     2  startup_tm4c129.o(.text)
    FLASH_Handler                            0x00000355   Thumb Code     2  startup_tm4c129.o(.text)
    GPIOF_Handler                            0x00000357   Thumb Code     2  startup_tm4c129.o(.text)
    GPIOG_Handler                            0x00000359   Thumb Code     2  startup_tm4c129.o(.text)
    GPIOH_Handler                            0x0000035b   Thumb Code     2  startup_tm4c129.o(.text)
    UART2_Handler                            0x0000035d   Thumb Code     2  startup_tm4c129.o(.text)
    SSI1_Handler                             0x0000035f   Thumb Code     2  startup_tm4c129.o(.text)
    TIMER3A_Handler                          0x00000361   Thumb Code     2  startup_tm4c129.o(.text)
    TIMER3B_Handler                          0x00000363   Thumb Code     2  startup_tm4c129.o(.text)
    I2C1_Handler                             0x00000365   Thumb Code     2  startup_tm4c129.o(.text)
    CAN0_Handler                             0x00000367   Thumb Code     2  startup_tm4c129.o(.text)
    CAN1_Handler                             0x00000369   Thumb Code     2  startup_tm4c129.o(.text)
    ETH_Handler                              0x0000036b   Thumb Code     2  startup_tm4c129.o(.text)
    HIB_Handler                              0x0000036d   Thumb Code     2  startup_tm4c129.o(.text)
    USB0_Handler                             0x0000036f   Thumb Code     2  startup_tm4c129.o(.text)
    PWM0_3_Handler                           0x00000371   Thumb Code     2  startup_tm4c129.o(.text)
    UDMA_Handler                             0x00000373   Thumb Code     2  startup_tm4c129.o(.text)
    UDMAERR_Handler                          0x00000375   Thumb Code     2  startup_tm4c129.o(.text)
    ADC1SS0_Handler                          0x00000377   Thumb Code     2  startup_tm4c129.o(.text)
    ADC1SS1_Handler                          0x00000379   Thumb Code     2  startup_tm4c129.o(.text)
    ADC1SS2_Handler                          0x0000037b   Thumb Code     2  startup_tm4c129.o(.text)
    ADC1SS3_Handler                          0x0000037d   Thumb Code     2  startup_tm4c129.o(.text)
    EBI0_Handler                             0x0000037f   Thumb Code     2  startup_tm4c129.o(.text)
    GPIOK_Handler                            0x00000383   Thumb Code     2  startup_tm4c129.o(.text)
    GPIOL_Handler                            0x00000385   Thumb Code     2  startup_tm4c129.o(.text)
    SSI2_Handler                             0x00000387   Thumb Code     2  startup_tm4c129.o(.text)
    SSI3_Handler                             0x00000389   Thumb Code     2  startup_tm4c129.o(.text)
    UART3_Handler                            0x0000038b   Thumb Code     2  startup_tm4c129.o(.text)
    UART4_Handler                            0x0000038d   Thumb Code     2  startup_tm4c129.o(.text)
    UART5_Handler                            0x0000038f   Thumb Code     2  startup_tm4c129.o(.text)
    UART6_Handler                            0x00000391   Thumb Code     2  startup_tm4c129.o(.text)
    UART7_Handler                            0x00000393   Thumb Code     2  startup_tm4c129.o(.text)
    I2C2_Handler                             0x00000395   Thumb Code     2  startup_tm4c129.o(.text)
    I2C3_Handler                             0x00000397   Thumb Code     2  startup_tm4c129.o(.text)
    TIMER4A_Handler                          0x00000399   Thumb Code     2  startup_tm4c129.o(.text)
    TIMER4B_Handler                          0x0000039b   Thumb Code     2  startup_tm4c129.o(.text)
    TIMER5A_Handler                          0x0000039d   Thumb Code     2  startup_tm4c129.o(.text)
    TIMER5B_Handler                          0x0000039f   Thumb Code     2  startup_tm4c129.o(.text)
    WTIMER0A_Handler                         0x000003a1   Thumb Code     2  startup_tm4c129.o(.text)
    WTIMER0B_Handler                         0x000003a3   Thumb Code     2  startup_tm4c129.o(.text)
    WTIMER1A_Handler                         0x000003a5   Thumb Code     2  startup_tm4c129.o(.text)
    WTIMER1B_Handler                         0x000003a7   Thumb Code     2  startup_tm4c129.o(.text)
    WTIMER2A_Handler                         0x000003a9   Thumb Code     2  startup_tm4c129.o(.text)
    WTIMER2B_Handler                         0x000003ab   Thumb Code     2  startup_tm4c129.o(.text)
    WTIMER3A_Handler                         0x000003ad   Thumb Code     2  startup_tm4c129.o(.text)
    WTIMER3B_Handler                         0x000003af   Thumb Code     2  startup_tm4c129.o(.text)
    WTIMER4A_Handler                         0x000003b1   Thumb Code     2  startup_tm4c129.o(.text)
    WTIMER4B_Handler                         0x000003b3   Thumb Code     2  startup_tm4c129.o(.text)
    WTIMER5A_Handler                         0x000003b5   Thumb Code     2  startup_tm4c129.o(.text)
    WTIMER5B_Handler                         0x000003b7   Thumb Code     2  startup_tm4c129.o(.text)
    FPU_Handler                              0x000003b9   Thumb Code     2  startup_tm4c129.o(.text)
    I2C4_Handler                             0x000003bb   Thumb Code     2  startup_tm4c129.o(.text)
    I2C5_Handler                             0x000003bd   Thumb Code     2  startup_tm4c129.o(.text)
    GPIOM_Handler                            0x000003bf   Thumb Code     2  startup_tm4c129.o(.text)
    GPION_Handler                            0x000003c1   Thumb Code     2  startup_tm4c129.o(.text)
    TAMPER_Handler                           0x000003c3   Thumb Code     2  startup_tm4c129.o(.text)
    GPIOP0_Handler                           0x000003c5   Thumb Code     2  startup_tm4c129.o(.text)
    GPIOP1_Handler                           0x000003c7   Thumb Code     2  startup_tm4c129.o(.text)
    GPIOP2_Handler                           0x000003c9   Thumb Code     2  startup_tm4c129.o(.text)
    GPIOP3_Handler                           0x000003cb   Thumb Code     2  startup_tm4c129.o(.text)
    GPIOP4_Handler                           0x000003cd   Thumb Code     2  startup_tm4c129.o(.text)
    GPIOP5_Handler                           0x000003cf   Thumb Code     2  startup_tm4c129.o(.text)
    GPIOP6_Handler                           0x000003d1   Thumb Code     2  startup_tm4c129.o(.text)
    GPIOP7_Handler                           0x000003d3   Thumb Code     2  startup_tm4c129.o(.text)
    GPIOQ0_Handler                           0x000003d5   Thumb Code     2  startup_tm4c129.o(.text)
    GPIOQ1_Handler                           0x000003d7   Thumb Code     2  startup_tm4c129.o(.text)
    GPIOQ2_Handler                           0x000003d9   Thumb Code     2  startup_tm4c129.o(.text)
    GPIOQ3_Handler                           0x000003db   Thumb Code     2  startup_tm4c129.o(.text)
    GPIOQ4_Handler                           0x000003dd   Thumb Code     2  startup_tm4c129.o(.text)
    GPIOQ5_Handler                           0x000003df   Thumb Code     2  startup_tm4c129.o(.text)
    GPIOQ6_Handler                           0x000003e1   Thumb Code     2  startup_tm4c129.o(.text)
    GPIOQ7_Handler                           0x000003e3   Thumb Code     2  startup_tm4c129.o(.text)
    GPIOR_Handler                            0x000003e5   Thumb Code     2  startup_tm4c129.o(.text)
    GPIOS_Handler                            0x000003e7   Thumb Code     2  startup_tm4c129.o(.text)
    SHAMD5_Handler                           0x000003e9   Thumb Code     2  startup_tm4c129.o(.text)
    AES_Handler                              0x000003eb   Thumb Code     2  startup_tm4c129.o(.text)
    DES3DES_Handler                          0x000003ed   Thumb Code     2  startup_tm4c129.o(.text)
    LCDCONTROLLER_Handler                    0x000003ef   Thumb Code     2  startup_tm4c129.o(.text)
    TIMER6A_Handler                          0x000003f1   Thumb Code     2  startup_tm4c129.o(.text)
    TIMER6B_Handler                          0x000003f3   Thumb Code     2  startup_tm4c129.o(.text)
    TIMER7A_Handler                          0x000003f5   Thumb Code     2  startup_tm4c129.o(.text)
    TIMER7B_Handler                          0x000003f7   Thumb Code     2  startup_tm4c129.o(.text)
    I2C6_Handler                             0x000003f9   Thumb Code     2  startup_tm4c129.o(.text)
    I2C7_Handler                             0x000003fb   Thumb Code     2  startup_tm4c129.o(.text)
    HIMSCANKEYBOARD_Handler                  0x000003fd   Thumb Code     2  startup_tm4c129.o(.text)
    ONEWIRE_Handler                          0x000003ff   Thumb Code     2  startup_tm4c129.o(.text)
    HIMPS2_Handler                           0x00000401   Thumb Code     2  startup_tm4c129.o(.text)
    HIMLEDSEQUENCER_Handler                  0x00000403   Thumb Code     2  startup_tm4c129.o(.text)
    HIMCONSUMERIR_Handler                    0x00000405   Thumb Code     2  startup_tm4c129.o(.text)
    I2C8_Handler                             0x00000407   Thumb Code     2  startup_tm4c129.o(.text)
    I2C9_Handler                             0x00000409   Thumb Code     2  startup_tm4c129.o(.text)
    GPIOT_Handler                            0x0000040b   Thumb Code     2  startup_tm4c129.o(.text)
    __user_initial_stackheap                 0x0000040d   Thumb Code     0  startup_tm4c129.o(.text)
    __2sprintf                               0x0000042d   Thumb Code    34  noretval__2sprintf.o(.text)
    _printf_pre_padding                      0x00000455   Thumb Code    44  _printf_pad.o(.text)
    _printf_post_padding                     0x00000481   Thumb Code    34  _printf_pad.o(.text)
    _printf_str                              0x000004a3   Thumb Code    82  _printf_str.o(.text)
    _printf_int_dec                          0x000004f5   Thumb Code   104  _printf_dec.o(.text)
    __printf                                 0x0000056d   Thumb Code   308  __printf_flags_wp.o(.text)
    atoi                                     0x000006a5   Thumb Code    26  atoi.o(.text)
    strcpy                                   0x000006bf   Thumb Code    72  strcpy.o(.text)
    __aeabi_memcpy4                          0x00000707   Thumb Code     0  rt_memcpy_w.o(.text)
    __aeabi_memcpy8                          0x00000707   Thumb Code     0  rt_memcpy_w.o(.text)
    __rt_memcpy_w                            0x00000707   Thumb Code   100  rt_memcpy_w.o(.text)
    _memcpy_lastbytes_aligned                0x0000074f   Thumb Code     0  rt_memcpy_w.o(.text)
    strncpy                                  0x0000076b   Thumb Code    86  strncpy.o(.text)
    __use_two_region_memory                  0x000007c1   Thumb Code     2  heapauxi.o(.text)
    __rt_heap_escrow$2region                 0x000007c3   Thumb Code     2  heapauxi.o(.text)
    __rt_heap_expand$2region                 0x000007c5   Thumb Code     2  heapauxi.o(.text)
    __aeabi_errno_addr                       0x000007c9   Thumb Code     8  rt_errno_addr_intlibspace.o(.text)
    __errno$intlibspace                      0x000007c9   Thumb Code     0  rt_errno_addr_intlibspace.o(.text)
    __rt_errno_addr$intlibspace              0x000007c9   Thumb Code     0  rt_errno_addr_intlibspace.o(.text)
    __read_errno                             0x000007d1   Thumb Code    10  _rserrno.o(.text)
    __set_errno                              0x000007db   Thumb Code    12  _rserrno.o(.text)
    _printf_int_common                       0x000007e7   Thumb Code   178  _printf_intcommon.o(.text)
    _printf_char_common                      0x000008a3   Thumb Code    32  _printf_char_common.o(.text)
    _sputc                                   0x000008c9   Thumb Code    10  _sputc.o(.text)
    _printf_cs_common                        0x000008d3   Thumb Code    20  _printf_char.o(.text)
    _printf_char                             0x000008e7   Thumb Code    16  _printf_char.o(.text)
    _printf_string                           0x000008f7   Thumb Code     8  _printf_char.o(.text)
    __strtod_int                             0x0000093d   Thumb Code    90  strtod.o(.text)
    strtol                                   0x000009a5   Thumb Code   112  strtol.o(.text)
    __aeabi_memclr                           0x00000a15   Thumb Code     0  rt_memclr.o(.text)
    __rt_memclr                              0x00000a15   Thumb Code    68  rt_memclr.o(.text)
    _memset                                  0x00000a19   Thumb Code     0  rt_memclr.o(.text)
    __user_libspace                          0x00000a59   Thumb Code     8  libspace.o(.text)
    __user_perproc_libspace                  0x00000a59   Thumb Code     0  libspace.o(.text)
    __user_perthread_libspace                0x00000a59   Thumb Code     0  libspace.o(.text)
    __rt_ctype_table                         0x00000a61   Thumb Code    16  rt_ctype_table.o(.text)
    isspace                                  0x00000a71   Thumb Code    18  isspace.o(.text)
    _sgetc                                   0x00000a83   Thumb Code    30  _sgetc.o(.text)
    _sbackspace                              0x00000aa1   Thumb Code    34  _sgetc.o(.text)
    _strtoul                                 0x00000ac3   Thumb Code   158  _strtoul.o(.text)
    __aeabi_memclr4                          0x00000b61   Thumb Code     0  rt_memclr_w.o(.text)
    __aeabi_memclr8                          0x00000b61   Thumb Code     0  rt_memclr_w.o(.text)
    __rt_memclr_w                            0x00000b61   Thumb Code    78  rt_memclr_w.o(.text)
    _memset_w                                0x00000b65   Thumb Code     0  rt_memclr_w.o(.text)
    __user_setup_stackheap                   0x00000baf   Thumb Code    74  sys_stackheap_outer.o(.text)
    __rt_locale                              0x00000bf9   Thumb Code     8  rt_locale_intlibspace.o(.text)
    _chval                                   0x00000c01   Thumb Code    28  _chval.o(.text)
    _scanf_really_real                       0x00000e19   Thumb Code   668  scanf_fp.o(.text)
    exit                                     0x000010c1   Thumb Code    18  exit.o(.text)
    strcmp                                   0x000010d5   Thumb Code   128  strcmpv7m.o(.text)
    _btod_etento                             0x00001155   Thumb Code   216  bigflt0.o(.text)
    _scanf_really_hex_real                   0x00001231   Thumb Code   786  scanf_hexfp.o(.text)
    _scanf_really_infnan                     0x00001551   Thumb Code   292  scanf_infnan.o(.text)
    _sys_exit                                0x00001685   Thumb Code     8  sys_exit.o(.text)
    __aeabi_llsl                             0x00001691   Thumb Code     0  llshl.o(.text)
    _ll_shift_l                              0x00001691   Thumb Code    38  llshl.o(.text)
    __I$use$semihosting                      0x000016b7   Thumb Code     0  use_no_semi.o(.text)
    __use_no_semihosting_swi                 0x000016b7   Thumb Code     2  use_no_semi.o(.text)
    __btod_div_common                        0x000016b9   Thumb Code   696  btod.o(CL$$btod_div_common)
    __semihosting_library_function           0x000016b9   Thumb Code     0  indicate_semi.o(.text)
    _e2d                                     0x000019f1   Thumb Code    80  btod.o(CL$$btod_e2d)
    _e2e                                     0x00001a45   Thumb Code   198  btod.o(CL$$btod_e2e)
    _btod_ediv                               0x00001b0b   Thumb Code    40  btod.o(CL$$btod_ediv)
    _btod_edivd                              0x00001b33   Thumb Code    40  btod.o(CL$$btod_edivd)
    _btod_emul                               0x00001b5b   Thumb Code    40  btod.o(CL$$btod_emul)
    _btod_emuld                              0x00001b83   Thumb Code    40  btod.o(CL$$btod_emuld)
    __btod_mult_common                       0x00001bab   Thumb Code   580  btod.o(CL$$btod_mult_common)
    Alarmring                                0x00001df1   Thumb Code    64  main.o(i.Alarmring)
    AuthorDisplay                            0x00001e4d   Thumb Code   824  main.o(i.AuthorDisplay)
    Delay                                    0x000021a9   Thumb Code    12  main.o(i.Delay)
    Display_alarm                            0x000021b5   Thumb Code   252  main.o(i.Display_alarm)
    Display_countdown                        0x000022c9   Thumb Code   400  main.o(i.Display_countdown)
    Display_date                             0x00002479   Thumb Code   262  main.o(i.Display_date)
    Display_time                             0x00002599   Thumb Code   252  main.o(i.Display_time)
    GPIODirModeSet                           0x000026ad   Thumb Code    40  gpio.o(i.GPIODirModeSet)
    GPIOIntClear                             0x000026d5   Thumb Code     6  gpio.o(i.GPIOIntClear)
    GPIOIntEnable                            0x000026db   Thumb Code    12  gpio.o(i.GPIOIntEnable)
    GPIOIntStatus                            0x000026e7   Thumb Code    14  gpio.o(i.GPIOIntStatus)
    GPIOIntTypeSet                           0x000026f5   Thumb Code    80  gpio.o(i.GPIOIntTypeSet)
    GPIOJ_Handler                            0x00002745   Thumb Code   206  main.o(i.GPIOJ_Handler)
    GPIOPadConfigSet                         0x0000286d   Thumb Code   312  gpio.o(i.GPIOPadConfigSet)
    GPIOPinConfigure                         0x000029a5   Thumb Code    60  gpio.o(i.GPIOPinConfigure)
    GPIOPinRead                              0x000029e9   Thumb Code     6  gpio.o(i.GPIOPinRead)
    GPIOPinTypeGPIOInput                     0x000029ef   Thumb Code    28  gpio.o(i.GPIOPinTypeGPIOInput)
    GPIOPinTypeGPIOOutput                    0x00002a0b   Thumb Code    28  gpio.o(i.GPIOPinTypeGPIOOutput)
    GPIOPinTypeI2C                           0x00002a27   Thumb Code    28  gpio.o(i.GPIOPinTypeI2C)
    GPIOPinTypeI2CSCL                        0x00002a43   Thumb Code    28  gpio.o(i.GPIOPinTypeI2CSCL)
    GPIOPinTypeUART                          0x00002a5f   Thumb Code    28  gpio.o(i.GPIOPinTypeUART)
    GPIOPinWrite                             0x00002a7b   Thumb Code     6  gpio.o(i.GPIOPinWrite)
    I2C0_ReadByte                            0x00002a81   Thumb Code   134  main.o(i.I2C0_ReadByte)
    I2C0_WriteByte                           0x00002b0d   Thumb Code   110  main.o(i.I2C0_WriteByte)
    I2CMasterBusBusy                         0x00002b81   Thumb Code    12  i2c.o(i.I2CMasterBusBusy)
    I2CMasterBusy                            0x00002b8d   Thumb Code    12  i2c.o(i.I2CMasterBusy)
    I2CMasterControl                         0x00002b99   Thumb Code     4  i2c.o(i.I2CMasterControl)
    I2CMasterDataGet                         0x00002b9d   Thumb Code     4  i2c.o(i.I2CMasterDataGet)
    I2CMasterDataPut                         0x00002ba1   Thumb Code     4  i2c.o(i.I2CMasterDataPut)
    I2CMasterEnable                          0x00002ba5   Thumb Code    10  i2c.o(i.I2CMasterEnable)
    I2CMasterErr                             0x00002baf   Thumb Code    24  i2c.o(i.I2CMasterErr)
    I2CMasterInitExpClk                      0x00002bc9   Thumb Code    72  i2c.o(i.I2CMasterInitExpClk)
    I2CMasterSlaveAddrSet                    0x00002c1d   Thumb Code     8  i2c.o(i.I2CMasterSlaveAddrSet)
    IntEnable                                0x00002c25   Thumb Code    92  interrupt.o(i.IntEnable)
    IntMasterDisable                         0x00002c89   Thumb Code    14  interrupt.o(i.IntMasterDisable)
    IntMasterEnable                          0x00002c97   Thumb Code    14  interrupt.o(i.IntMasterEnable)
    PWM_Init                                 0x00002ca5   Thumb Code    68  main.o(i.PWM_Init)
    S800_Clock_Init                          0x00002cf9   Thumb Code    16  main.o(i.S800_Clock_Init)
    S800_GPIO_Init                           0x00002d15   Thumb Code   194  main.o(i.S800_GPIO_Init)
    S800_I2C0_Init                           0x00002ded   Thumb Code   122  main.o(i.S800_I2C0_Init)
    S800_SysTick_Init                        0x00002e85   Thumb Code    30  main.o(i.S800_SysTick_Init)
    S800_UART_Init                           0x00002ea9   Thumb Code   182  main.o(i.S800_UART_Init)
    SWPressed                                0x00002fb9   Thumb Code  1184  main.o(i.SWPressed)
    SysCtlClockFreqSet                       0x0000346d   Thumb Code   700  sysctl.o(i.SysCtlClockFreqSet)
    SysCtlPeripheralEnable                   0x00003751   Thumb Code    36  sysctl.o(i.SysCtlPeripheralEnable)
    SysCtlPeripheralReady                    0x00003779   Thumb Code    40  sysctl.o(i.SysCtlPeripheralReady)
    SysTickEnable                            0x000037a5   Thumb Code    14  systick.o(i.SysTickEnable)
    SysTickIntEnable                         0x000037b3   Thumb Code    14  systick.o(i.SysTickIntEnable)
    SysTickPeriodSet                         0x000037c1   Thumb Code    10  systick.o(i.SysTickPeriodSet)
    SysTick_Handler                          0x000037cd   Thumb Code   156  main.o(i.SysTick_Handler)
    SystemInit                               0x0000388d   Thumb Code    20  system_tm4c129.o(i.SystemInit)
    UART0_Handler                            0x000038ad   Thumb Code   102  main.o(i.UART0_Handler)
    UARTCharGetNonBlocking                   0x00003925   Thumb Code    16  uart.o(i.UARTCharGetNonBlocking)
    UARTCharPut                              0x00003935   Thumb Code    12  uart.o(i.UARTCharPut)
    UARTCharsAvail                           0x00003941   Thumb Code    10  uart.o(i.UARTCharsAvail)
    UARTConfigSetExpClk                      0x0000394b   Thumb Code   110  uart.o(i.UARTConfigSetExpClk)
    UARTFIFOLevelSet                         0x000039b9   Thumb Code     6  uart.o(i.UARTFIFOLevelSet)
    UARTIntClear                             0x000039bf   Thumb Code     4  uart.o(i.UARTIntClear)
    UARTIntEnable                            0x000039c3   Thumb Code     8  uart.o(i.UARTIntEnable)
    UARTIntStatus                            0x000039cb   Thumb Code    10  uart.o(i.UARTIntStatus)
    UARTStringPut                            0x000039d5   Thumb Code    24  main.o(i.UARTStringPut)
    Uart_set                                 0x000039f1   Thumb Code  1532  main.o(i.Uart_set)
    __hardfp_ldexp                           0x00004019   Thumb Code   200  ldexp.o(i.__hardfp_ldexp)
    __mathlib_dbl_overflow                   0x000040e9   Thumb Code    24  dunder.o(i.__mathlib_dbl_overflow)
    __mathlib_dbl_underflow                  0x00004109   Thumb Code    24  dunder.o(i.__mathlib_dbl_underflow)
    __mathlib_narrow                         0x00004129   Thumb Code   166  narrow.o(i.__mathlib_narrow)
    __support_ldexp                          0x000041e1   Thumb Code    20  ldexp.o(i.__support_ldexp)
    _is_digit                                0x000041f5   Thumb Code    14  __printf_wp.o(i._is_digit)
    atof                                     0x00004209   Thumb Code    48  atof.o(i.atof)
    frexp                                    0x00004241   Thumb Code   118  frexp.o(i.frexp)
    main                                     0x000042cd   Thumb Code   194  main.o(i.main)
    setAlarm                                 0x000043a9   Thumb Code    66  main.o(i.setAlarm)
    setDate                                  0x000043f9   Thumb Code    68  main.o(i.setDate)
    setTime                                  0x00004449   Thumb Code    66  main.o(i.setTime)
    timeUpdate                               0x00004499   Thumb Code  1098  main.o(i.timeUpdate)
    transAlarm                               0x000048ed   Thumb Code    40  main.o(i.transAlarm)
    transDate                                0x00004939   Thumb Code    40  main.o(i.transDate)
    transTime                                0x00004985   Thumb Code    40  main.o(i.transTime)
    _get_lc_numeric                          0x000049d1   Thumb Code    44  lc_numeric_c.o(locale$$code)
    _get_lc_ctype                            0x000049fd   Thumb Code    44  lc_ctype_c.o(locale$$code)
    __aeabi_d2f                              0x00004a29   Thumb Code     0  d2f.o(x$fpl$d2f)
    _d2f                                     0x00004a29   Thumb Code    98  d2f.o(x$fpl$d2f)
    __fpl_dcheck_NaN1                        0x00004a8d   Thumb Code    10  dcheck1.o(x$fpl$dcheck1)
    __fpl_dcmp_Inf                           0x00004a9d   Thumb Code    24  dcmpi.o(x$fpl$dcmpinf)
    __aeabi_cdcmpeq                          0x00004ab5   Thumb Code     0  deqf.o(x$fpl$deqf)
    _dcmpeq                                  0x00004ab5   Thumb Code   120  deqf.o(x$fpl$deqf)
    __aeabi_cdcmple                          0x00004b2d   Thumb Code     0  dleqf.o(x$fpl$dleqf)
    _dcmple                                  0x00004b2d   Thumb Code   120  dleqf.o(x$fpl$dleqf)
    __fpl_dcmple_InfNaN                      0x00004b8f   Thumb Code     0  dleqf.o(x$fpl$dleqf)
    __aeabi_dmul                             0x00004ba5   Thumb Code     0  dmul.o(x$fpl$dmul)
    _dmul                                    0x00004ba5   Thumb Code   332  dmul.o(x$fpl$dmul)
    __fpl_dnaninf                            0x00004cf9   Thumb Code   156  dnaninf.o(x$fpl$dnaninf)
    __fpl_dretinf                            0x00004d95   Thumb Code    12  dretinf.o(x$fpl$dretinf)
    __aeabi_cdrcmple                         0x00004da1   Thumb Code     0  drleqf.o(x$fpl$drleqf)
    _drcmple                                 0x00004da1   Thumb Code   108  drleqf.o(x$fpl$drleqf)
    _fp_init                                 0x00004e0d   Thumb Code    10  fpinit.o(x$fpl$fpinit)
    __fplib_config_fpu_vfp                   0x00004e15   Thumb Code     0  fpinit.o(x$fpl$fpinit)
    __fplib_config_pureend_doubles           0x00004e15   Thumb Code     0  fpinit.o(x$fpl$fpinit)
    __fpl_fretinf                            0x00004e17   Thumb Code    10  fretinf.o(x$fpl$fretinf)
    __fpl_return_NaN                         0x00004e21   Thumb Code   100  retnan.o(x$fpl$retnan)
    __ARM_scalbn                             0x00004e85   Thumb Code    92  scalbn.o(x$fpl$scalbn)
    _scanf_real                              0x00004ee1   Thumb Code     4  scanf1.o(x$fpl$scanf1)
    _scanf_hex_real                          0x00004ee5   Thumb Code     4  scanf2.o(x$fpl$scanf2)
    _scanf_infnan                            0x00004ee9   Thumb Code     4  scanf2.o(x$fpl$scanf2)
    __fpl_cmpreturn                          0x00004eed   Thumb Code    48  trapv.o(x$fpl$trapveneer)
    __I$use$fp                               0x00004f1c   Number         0  usenofp.o(x$fpl$usenofp)
    Region$$Table$$Base                      0x000058d0   Number         0  anon$$obj.o(Region$$Table)
    Region$$Table$$Limit                     0x000058f0   Number         0  anon$$obj.o(Region$$Table)
    __aeabi_HUGE_VAL                         0x000058f0   Data           0  fpconst.o(c$$dinf)
    __aeabi_HUGE_VALL                        0x000058f0   Data           0  fpconst.o(c$$dinf)
    __aeabi_INFINITY                         0x000058f0   Data           0  fpconst.o(c$$dinf)
    __dInf                                   0x000058f0   Data           0  fpconst.o(c$$dinf)
    __huge_val                               0x000058f0   Data           0  fpconst.o(c$$dinf)
    __ctype                                  0x00005921   Data           0  lc_ctype_c.o(locale$$data)
    result                                   0x20000000   Data           1  main.o(.data)
    ui32SysClock                             0x20000004   Data           4  main.o(.data)
    seg7                                     0x20000008   Data          17  main.o(.data)
    author                                   0x20000019   Data           8  main.o(.data)
    welcome                                  0x20000021   Data           6  main.o(.data)
    x                                        0x20000027   Data           1  main.o(.data)
    y                                        0x20000028   Data           1  main.o(.data)
    z                                        0x20000029   Data           1  main.o(.data)
    i                                        0x2000002a   Data           1  main.o(.data)
    t                                        0x2000002b   Data           1  main.o(.data)
    i2c_flash_cnt1                           0x2000002c   Data           2  main.o(.data)
    systick_1ms_couter2                      0x2000002e   Data           2  main.o(.data)
    systick_1ms_couter                       0x20000030   Data           2  main.o(.data)
    systick_1ms_couter1                      0x20000032   Data           2  main.o(.data)
    systick_10ms_couter                      0x20000034   Data           2  main.o(.data)
    systick_100ms_couter                     0x20000036   Data           2  main.o(.data)
    systick_500ms_couter                     0x20000038   Data           2  main.o(.data)
    systick_1ms_status2                      0x2000003a   Data           1  main.o(.data)
    systick_1ms_status1                      0x2000003b   Data           1  main.o(.data)
    systick_10ms_status                      0x2000003c   Data           1  main.o(.data)
    systick_100ms_status                     0x2000003d   Data           1  main.o(.data)
    systick_1ms_status                       0x2000003e   Data           1  main.o(.data)
    msCounter                                0x20000040   Data           4  main.o(.data)
    pressStart                               0x20000044   Data           8  main.o(.data)
    pressEnd                                 0x2000004c   Data           8  main.o(.data)
    PJPressed                                0x20000054   Data           4  main.o(.data)
    systick_1s_couter                        0x20000058   Data           2  main.o(.data)
    systick_1s_status                        0x2000005a   Data           1  main.o(.data)
    rightshift                               0x2000005b   Data           1  main.o(.data)
    functionChoice                           0x2000005c   Data           1  main.o(.data)
    permitted                                0x2000005d   Data           1  main.o(.data)
    column                                   0x2000005e   Data           1  main.o(.data)
    row                                      0x2000005f   Data           1  main.o(.data)
    timer                                    0x20000060   Data           1  main.o(.data)
    button_time                              0x20000061   Data           1  main.o(.data)
    initCount                                0x20000062   Data           1  main.o(.data)
    button_status                            0x20000063   Data           1  main.o(.data)
    t1                                       0x20000064   Data           1  main.o(.data)
    t2                                       0x20000065   Data           1  main.o(.data)
    t3                                       0x20000066   Data           1  main.o(.data)
    t4                                       0x20000067   Data           1  main.o(.data)
    t5                                       0x20000068   Data           1  main.o(.data)
    countdown_value                          0x2000006c   Data           4  main.o(.data)
    countdown_start                          0x20000070   Data           4  main.o(.data)
    countdown_stop                           0x20000074   Data           4  main.o(.data)
    p                                        0x20000078   Data          16  main.o(.data)
    p2                                       0x20000088   Data          18  main.o(.data)
    p3                                       0x2000009a   Data          19  main.o(.data)
    Sw_status                                0x200000ad   Data           1  main.o(.data)
    year                                     0x200000b0   Data           4  main.o(.data)
    month                                    0x200000b4   Data           4  main.o(.data)
    day                                      0x200000b8   Data           4  main.o(.data)
    setHour                                  0x200000bc   Data           1  main.o(.data)
    setMinute                                0x200000bd   Data           1  main.o(.data)
    setSecond                                0x200000be   Data           1  main.o(.data)
    hour                                     0x200000c0   Data           4  main.o(.data)
    minute                                   0x200000c4   Data           4  main.o(.data)
    second                                   0x200000c8   Data           4  main.o(.data)
    carryFlag1                               0x200000cc   Data           1  main.o(.data)
    carryFlag2                               0x200000cd   Data           1  main.o(.data)
    carryFlag3                               0x200000ce   Data           1  main.o(.data)
    carryFlag4                               0x200000cf   Data           1  main.o(.data)
    carryFlag5                               0x200000d0   Data           1  main.o(.data)
    daysOfMonth                              0x200000d1   Data          12  main.o(.data)
    clockFlag                                0x200000dd   Data           1  main.o(.data)
    audio                                    0x200000e0   Data           4  main.o(.data)
    uart_receive_status                      0x200000e4   Data           1  main.o(.data)
    SystemCoreClock                          0x200000e8   Data           4  system_tm4c129.o(.data)
    countdown                                0x200000ec   Data          28  main.o(.bss)
    send_char                                0x20000108   Data         100  main.o(.bss)
    send_char1                               0x2000016c   Data         100  main.o(.bss)
    send_char2                               0x200001d0   Data         100  main.o(.bss)
    uart_receive_char                        0x20000234   Data         100  main.o(.bss)
    __libspace_start                         0x20000298   Data          96  libspace.o(.bss)
    __temporary_stack_top$libspace           0x200002f8   Data           0  libspace.o(.bss)



==============================================================================

Memory Map of the image

  Image Entry point : 0x00000301

  Load Region LR_1 (Base: 0x00000000, Size: 0x00005b10, Max: 0xffffffff, ABSOLUTE)

    Execution Region ER_RO (Base: 0x00000000, Size: 0x00005a24, Max: 0xffffffff, ABSOLUTE)

    Base Addr    Size         Type   Attr      Idx    E Section Name        Object

    0x00000000   0x00000200   Data   RO          288    RESET               startup_tm4c129.o
    0x00000200   0x00000008   Code   RO         1894  * !!!main             c_w.l(__main.o)
    0x00000208   0x00000034   Code   RO         2234    !!!scatter          c_w.l(__scatter.o)
    0x0000023c   0x0000001a   Code   RO         2236    !!handler_copy      c_w.l(__scatter_copy.o)
    0x00000256   0x00000002   PAD
    0x00000258   0x0000001c   Code   RO         2238    !!handler_zi        c_w.l(__scatter_zi.o)
    0x00000274   0x00000000   Code   RO         1883    .ARM.Collect$$_printf_percent$$00000000  c_w.l(_printf_percent.o)
    0x00000274   0x00000006   Code   RO         1881    .ARM.Collect$$_printf_percent$$00000009  c_w.l(_printf_d.o)
    0x0000027a   0x00000006   Code   RO         1882    .ARM.Collect$$_printf_percent$$0000000A  c_w.l(_printf_u.o)
    0x00000280   0x00000006   Code   RO         1880    .ARM.Collect$$_printf_percent$$00000014  c_w.l(_printf_s.o)
    0x00000286   0x00000004   Code   RO         1918    .ARM.Collect$$_printf_percent$$00000017  c_w.l(_printf_percent_end.o)
    0x0000028a   0x00000002   Code   RO         1984    .ARM.Collect$$libinit$$00000000  c_w.l(libinit.o)
    0x0000028c   0x00000004   Code   RO         1985    .ARM.Collect$$libinit$$00000001  c_w.l(libinit2.o)
    0x00000290   0x00000000   Code   RO         1988    .ARM.Collect$$libinit$$00000004  c_w.l(libinit2.o)
    0x00000290   0x00000000   Code   RO         1991    .ARM.Collect$$libinit$$0000000A  c_w.l(libinit2.o)
    0x00000290   0x00000000   Code   RO         1993    .ARM.Collect$$libinit$$0000000C  c_w.l(libinit2.o)
    0x00000290   0x00000000   Code   RO         1995    .ARM.Collect$$libinit$$0000000E  c_w.l(libinit2.o)
    0x00000290   0x00000006   Code   RO         1996    .ARM.Collect$$libinit$$0000000F  c_w.l(libinit2.o)
    0x00000296   0x00000000   Code   RO         1998    .ARM.Collect$$libinit$$00000011  c_w.l(libinit2.o)
    0x00000296   0x0000000c   Code   RO         1999    .ARM.Collect$$libinit$$00000012  c_w.l(libinit2.o)
    0x000002a2   0x00000000   Code   RO         2000    .ARM.Collect$$libinit$$00000013  c_w.l(libinit2.o)
    0x000002a2   0x00000000   Code   RO         2002    .ARM.Collect$$libinit$$00000015  c_w.l(libinit2.o)
    0x000002a2   0x0000000a   Code   RO         2003    .ARM.Collect$$libinit$$00000016  c_w.l(libinit2.o)
    0x000002ac   0x00000000   Code   RO         2004    .ARM.Collect$$libinit$$00000017  c_w.l(libinit2.o)
    0x000002ac   0x00000000   Code   RO         2006    .ARM.Collect$$libinit$$00000019  c_w.l(libinit2.o)
    0x000002ac   0x00000000   Code   RO         2008    .ARM.Collect$$libinit$$0000001B  c_w.l(libinit2.o)
    0x000002ac   0x00000000   Code   RO         2010    .ARM.Collect$$libinit$$0000001D  c_w.l(libinit2.o)
    0x000002ac   0x00000000   Code   RO         2012    .ARM.Collect$$libinit$$0000001F  c_w.l(libinit2.o)
    0x000002ac   0x00000000   Code   RO         2014    .ARM.Collect$$libinit$$00000021  c_w.l(libinit2.o)
    0x000002ac   0x00000000   Code   RO         2016    .ARM.Collect$$libinit$$00000023  c_w.l(libinit2.o)
    0x000002ac   0x00000000   Code   RO         2018    .ARM.Collect$$libinit$$00000025  c_w.l(libinit2.o)
    0x000002ac   0x00000000   Code   RO         2022    .ARM.Collect$$libinit$$0000002C  c_w.l(libinit2.o)
    0x000002ac   0x00000000   Code   RO         2024    .ARM.Collect$$libinit$$0000002E  c_w.l(libinit2.o)
    0x000002ac   0x00000000   Code   RO         2026    .ARM.Collect$$libinit$$00000030  c_w.l(libinit2.o)
    0x000002ac   0x00000000   Code   RO         2028    .ARM.Collect$$libinit$$00000032  c_w.l(libinit2.o)
    0x000002ac   0x00000002   Code   RO         2029    .ARM.Collect$$libinit$$00000033  c_w.l(libinit2.o)
    0x000002ae   0x00000002   Code   RO         2121    .ARM.Collect$$libshutdown$$00000000  c_w.l(libshutdown.o)
    0x000002b0   0x00000000   Code   RO         2158    .ARM.Collect$$libshutdown$$00000002  c_w.l(libshutdown2.o)
    0x000002b0   0x00000000   Code   RO         2160    .ARM.Collect$$libshutdown$$00000004  c_w.l(libshutdown2.o)
    0x000002b0   0x00000000   Code   RO         2163    .ARM.Collect$$libshutdown$$00000007  c_w.l(libshutdown2.o)
    0x000002b0   0x00000000   Code   RO         2166    .ARM.Collect$$libshutdown$$0000000A  c_w.l(libshutdown2.o)
    0x000002b0   0x00000000   Code   RO         2168    .ARM.Collect$$libshutdown$$0000000C  c_w.l(libshutdown2.o)
    0x000002b0   0x00000000   Code   RO         2171    .ARM.Collect$$libshutdown$$0000000F  c_w.l(libshutdown2.o)
    0x000002b0   0x00000002   Code   RO         2172    .ARM.Collect$$libshutdown$$00000010  c_w.l(libshutdown2.o)
    0x000002b2   0x00000000   Code   RO         1902    .ARM.Collect$$rtentry$$00000000  c_w.l(__rtentry.o)
    0x000002b2   0x00000000   Code   RO         1930    .ARM.Collect$$rtentry$$00000002  c_w.l(__rtentry2.o)
    0x000002b2   0x00000006   Code   RO         1942    .ARM.Collect$$rtentry$$00000004  c_w.l(__rtentry4.o)
    0x000002b8   0x00000000   Code   RO         1932    .ARM.Collect$$rtentry$$00000009  c_w.l(__rtentry2.o)
    0x000002b8   0x00000004   Code   RO         1933    .ARM.Collect$$rtentry$$0000000A  c_w.l(__rtentry2.o)
    0x000002bc   0x00000000   Code   RO         1935    .ARM.Collect$$rtentry$$0000000C  c_w.l(__rtentry2.o)
    0x000002bc   0x00000008   Code   RO         1936    .ARM.Collect$$rtentry$$0000000D  c_w.l(__rtentry2.o)
    0x000002c4   0x00000002   Code   RO         2030    .ARM.Collect$$rtexit$$00000000  c_w.l(rtexit.o)
    0x000002c6   0x00000000   Code   RO         2081    .ARM.Collect$$rtexit$$00000002  c_w.l(rtexit2.o)
    0x000002c6   0x00000004   Code   RO         2082    .ARM.Collect$$rtexit$$00000003  c_w.l(rtexit2.o)
    0x000002ca   0x00000006   Code   RO         2083    .ARM.Collect$$rtexit$$00000004  c_w.l(rtexit2.o)
    0x000002d0   0x00000006   Code   RO         1130    .emb_text           driverlib.lib(sysctl.o)
    0x000002d6   0x00000002   PAD
    0x000002d8   0x00000026   Code   RO         1836    .emb_text           driverlib.lib(cpu.o)
    0x000002fe   0x00000002   PAD
    0x00000300   0x0000012c   Code   RO          289  * .text               startup_tm4c129.o
    0x0000042c   0x00000028   Code   RO         1850    .text               c_w.l(noretval__2sprintf.o)
    0x00000454   0x0000004e   Code   RO         1854    .text               c_w.l(_printf_pad.o)
    0x000004a2   0x00000052   Code   RO         1856    .text               c_w.l(_printf_str.o)
    0x000004f4   0x00000078   Code   RO         1858    .text               c_w.l(_printf_dec.o)
    0x0000056c   0x00000138   Code   RO         1872    .text               c_w.l(__printf_flags_wp.o)
    0x000006a4   0x0000001a   Code   RO         1884    .text               c_w.l(atoi.o)
    0x000006be   0x00000048   Code   RO         1886    .text               c_w.l(strcpy.o)
    0x00000706   0x00000064   Code   RO         1888    .text               c_w.l(rt_memcpy_w.o)
    0x0000076a   0x00000056   Code   RO         1890    .text               c_w.l(strncpy.o)
    0x000007c0   0x00000006   Code   RO         1892    .text               c_w.l(heapauxi.o)
    0x000007c6   0x00000002   PAD
    0x000007c8   0x00000008   Code   RO         1906    .text               c_w.l(rt_errno_addr_intlibspace.o)
    0x000007d0   0x00000016   Code   RO         1908    .text               c_w.l(_rserrno.o)
    0x000007e6   0x000000b2   Code   RO         1910    .text               c_w.l(_printf_intcommon.o)
    0x00000898   0x00000030   Code   RO         1912    .text               c_w.l(_printf_char_common.o)
    0x000008c8   0x0000000a   Code   RO         1914    .text               c_w.l(_sputc.o)
    0x000008d2   0x0000002c   Code   RO         1916    .text               c_w.l(_printf_char.o)
    0x000008fe   0x00000002   PAD
    0x00000900   0x000000a4   Code   RO         1919    .text               c_w.l(strtod.o)
    0x000009a4   0x00000070   Code   RO         1921    .text               c_w.l(strtol.o)
    0x00000a14   0x00000044   Code   RO         1923    .text               c_w.l(rt_memclr.o)
    0x00000a58   0x00000008   Code   RO         1926    .text               c_w.l(libspace.o)
    0x00000a60   0x00000010   Code   RO         1944    .text               c_w.l(rt_ctype_table.o)
    0x00000a70   0x00000012   Code   RO         1946    .text               c_w.l(isspace.o)
    0x00000a82   0x00000040   Code   RO         1950    .text               c_w.l(_sgetc.o)
    0x00000ac2   0x0000009e   Code   RO         1952    .text               c_w.l(_strtoul.o)
    0x00000b60   0x0000004e   Code   RO         1957    .text               c_w.l(rt_memclr_w.o)
    0x00000bae   0x0000004a   Code   RO         1961    .text               c_w.l(sys_stackheap_outer.o)
    0x00000bf8   0x00000008   Code   RO         1966    .text               c_w.l(rt_locale_intlibspace.o)
    0x00000c00   0x0000001c   Code   RO         1968    .text               c_w.l(_chval.o)
    0x00000c1c   0x000004a4   Code   RO         1970    .text               c_w.l(scanf_fp.o)
    0x000010c0   0x00000012   Code   RO         1975    .text               c_w.l(exit.o)
    0x000010d2   0x00000002   PAD
    0x000010d4   0x00000080   Code   RO         1977    .text               c_w.l(strcmpv7m.o)
    0x00001154   0x000000dc   Code   RO         2032    .text               c_w.l(bigflt0.o)
    0x00001230   0x00000320   Code   RO         2087    .text               c_w.l(scanf_hexfp.o)
    0x00001550   0x00000134   Code   RO         2089    .text               c_w.l(scanf_infnan.o)
    0x00001684   0x0000000c   Code   RO         2109    .text               c_w.l(sys_exit.o)
    0x00001690   0x00000026   Code   RO         2113    .text               c_w.l(llshl.o)
    0x000016b6   0x00000002   Code   RO         2148    .text               c_w.l(use_no_semi.o)
    0x000016b8   0x00000000   Code   RO         2150    .text               c_w.l(indicate_semi.o)
    0x000016b8   0x00000338   Code   RO         2045    CL$$btod_div_common  c_w.l(btod.o)
    0x000019f0   0x00000054   Code   RO         2043    CL$$btod_e2d        c_w.l(btod.o)
    0x00001a44   0x000000c6   Code   RO         2042    CL$$btod_e2e        c_w.l(btod.o)
    0x00001b0a   0x00000028   Code   RO         2039    CL$$btod_ediv       c_w.l(btod.o)
    0x00001b32   0x00000028   Code   RO         2041    CL$$btod_edivd      c_w.l(btod.o)
    0x00001b5a   0x00000028   Code   RO         2038    CL$$btod_emul       c_w.l(btod.o)
    0x00001b82   0x00000028   Code   RO         2040    CL$$btod_emuld      c_w.l(btod.o)
    0x00001baa   0x00000244   Code   RO         2044    CL$$btod_mult_common  c_w.l(btod.o)
    0x00001dee   0x00000002   PAD
    0x00001df0   0x0000005c   Code   RO            2    i.Alarmring         main.o
    0x00001e4c   0x0000035c   Code   RO            3    i.AuthorDisplay     main.o
    0x000021a8   0x0000000c   Code   RO            4    i.Delay             main.o
    0x000021b4   0x00000114   Code   RO            5    i.Display_alarm     main.o
    0x000022c8   0x000001b0   Code   RO            6    i.Display_countdown  main.o
    0x00002478   0x00000120   Code   RO            7    i.Display_date      main.o
    0x00002598   0x00000114   Code   RO            8    i.Display_time      main.o
    0x000026ac   0x00000028   Code   RO          351    i.GPIODirModeSet    driverlib.lib(gpio.o)
    0x000026d4   0x00000006   Code   RO          352    i.GPIOIntClear      driverlib.lib(gpio.o)
    0x000026da   0x0000000c   Code   RO          354    i.GPIOIntEnable     driverlib.lib(gpio.o)
    0x000026e6   0x0000000e   Code   RO          357    i.GPIOIntStatus     driverlib.lib(gpio.o)
    0x000026f4   0x00000050   Code   RO          359    i.GPIOIntTypeSet    driverlib.lib(gpio.o)
    0x00002744   0x00000128   Code   RO            9    i.GPIOJ_Handler     main.o
    0x0000286c   0x00000138   Code   RO          363    i.GPIOPadConfigSet  driverlib.lib(gpio.o)
    0x000029a4   0x00000044   Code   RO          364    i.GPIOPinConfigure  driverlib.lib(gpio.o)
    0x000029e8   0x00000006   Code   RO          365    i.GPIOPinRead       driverlib.lib(gpio.o)
    0x000029ee   0x0000001c   Code   RO          374    i.GPIOPinTypeGPIOInput  driverlib.lib(gpio.o)
    0x00002a0a   0x0000001c   Code   RO          375    i.GPIOPinTypeGPIOOutput  driverlib.lib(gpio.o)
    0x00002a26   0x0000001c   Code   RO          378    i.GPIOPinTypeI2C    driverlib.lib(gpio.o)
    0x00002a42   0x0000001c   Code   RO          379    i.GPIOPinTypeI2CSCL  driverlib.lib(gpio.o)
    0x00002a5e   0x0000001c   Code   RO          387    i.GPIOPinTypeUART   driverlib.lib(gpio.o)
    0x00002a7a   0x00000006   Code   RO          393    i.GPIOPinWrite      driverlib.lib(gpio.o)
    0x00002a80   0x0000008c   Code   RO           10    i.I2C0_ReadByte     main.o
    0x00002b0c   0x00000074   Code   RO           11    i.I2C0_WriteByte    main.o
    0x00002b80   0x0000000c   Code   RO          687    i.I2CMasterBusBusy  driverlib.lib(i2c.o)
    0x00002b8c   0x0000000c   Code   RO          688    i.I2CMasterBusy     driverlib.lib(i2c.o)
    0x00002b98   0x00000004   Code   RO          689    i.I2CMasterControl  driverlib.lib(i2c.o)
    0x00002b9c   0x00000004   Code   RO          690    i.I2CMasterDataGet  driverlib.lib(i2c.o)
    0x00002ba0   0x00000004   Code   RO          691    i.I2CMasterDataPut  driverlib.lib(i2c.o)
    0x00002ba4   0x0000000a   Code   RO          693    i.I2CMasterEnable   driverlib.lib(i2c.o)
    0x00002bae   0x00000018   Code   RO          694    i.I2CMasterErr      driverlib.lib(i2c.o)
    0x00002bc6   0x00000002   PAD
    0x00002bc8   0x00000054   Code   RO          696    i.I2CMasterInitExpClk  driverlib.lib(i2c.o)
    0x00002c1c   0x00000008   Code   RO          706    i.I2CMasterSlaveAddrSet  driverlib.lib(i2c.o)
    0x00002c24   0x00000064   Code   RO         1015    i.IntEnable         driverlib.lib(interrupt.o)
    0x00002c88   0x0000000e   Code   RO         1017    i.IntMasterDisable  driverlib.lib(interrupt.o)
    0x00002c96   0x0000000e   Code   RO         1018    i.IntMasterEnable   driverlib.lib(interrupt.o)
    0x00002ca4   0x00000054   Code   RO           12    i.PWM_Init          main.o
    0x00002cf8   0x0000001c   Code   RO           13    i.S800_Clock_Init   main.o
    0x00002d14   0x000000d8   Code   RO           14    i.S800_GPIO_Init    main.o
    0x00002dec   0x00000098   Code   RO           15    i.S800_I2C0_Init    main.o
    0x00002e84   0x00000024   Code   RO           16    i.S800_SysTick_Init  main.o
    0x00002ea8   0x00000110   Code   RO           17    i.S800_UART_Init    main.o
    0x00002fb8   0x000004b4   Code   RO           18    i.SWPressed         main.o
    0x0000346c   0x000002e4   Code   RO         1132    i.SysCtlClockFreqSet  driverlib.lib(sysctl.o)
    0x00003750   0x00000028   Code   RO         1164    i.SysCtlPeripheralEnable  driverlib.lib(sysctl.o)
    0x00003778   0x0000002c   Code   RO         1168    i.SysCtlPeripheralReady  driverlib.lib(sysctl.o)
    0x000037a4   0x0000000e   Code   RO         1479    i.SysTickEnable     driverlib.lib(systick.o)
    0x000037b2   0x0000000e   Code   RO         1481    i.SysTickIntEnable  driverlib.lib(systick.o)
    0x000037c0   0x0000000a   Code   RO         1485    i.SysTickPeriodSet  driverlib.lib(systick.o)
    0x000037ca   0x00000002   PAD
    0x000037cc   0x000000c0   Code   RO           21    i.SysTick_Handler   main.o
    0x0000388c   0x00000020   Code   RO          298    i.SystemInit        system_tm4c129.o
    0x000038ac   0x00000078   Code   RO           22    i.UART0_Handler     main.o
    0x00003924   0x00000010   Code   RO         1548    i.UARTCharGetNonBlocking  driverlib.lib(uart.o)
    0x00003934   0x0000000c   Code   RO         1549    i.UARTCharPut       driverlib.lib(uart.o)
    0x00003940   0x0000000a   Code   RO         1551    i.UARTCharsAvail    driverlib.lib(uart.o)
    0x0000394a   0x0000006e   Code   RO         1555    i.UARTConfigSetExpClk  driverlib.lib(uart.o)
    0x000039b8   0x00000006   Code   RO         1565    i.UARTFIFOLevelSet  driverlib.lib(uart.o)
    0x000039be   0x00000004   Code   RO         1568    i.UARTIntClear      driverlib.lib(uart.o)
    0x000039c2   0x00000008   Code   RO         1570    i.UARTIntEnable     driverlib.lib(uart.o)
    0x000039ca   0x0000000a   Code   RO         1572    i.UARTIntStatus     driverlib.lib(uart.o)
    0x000039d4   0x0000001c   Code   RO           23    i.UARTStringPut     main.o
    0x000039f0   0x00000628   Code   RO           25    i.Uart_set          main.o
    0x00004018   0x000000d0   Code   RO         2132    i.__hardfp_ldexp    m_wm.l(ldexp.o)
    0x000040e8   0x00000020   Code   RO         2181    i.__mathlib_dbl_overflow  m_wm.l(dunder.o)
    0x00004108   0x00000020   Code   RO         2183    i.__mathlib_dbl_underflow  m_wm.l(dunder.o)
    0x00004128   0x000000b8   Code   RO         2073    i.__mathlib_narrow  m_wm.l(narrow.o)
    0x000041e0   0x00000014   Code   RO         2134    i.__support_ldexp   m_wm.l(ldexp.o)
    0x000041f4   0x0000000e   Code   RO         1870    i._is_digit         c_w.l(__printf_wp.o)
    0x00004202   0x00000006   PAD
    0x00004208   0x00000038   Code   RO         1898    i.atof              m_wm.l(atof.o)
    0x00004240   0x0000008c   Code   RO         2103    i.frexp             m_wm.l(frexp.o)
    0x000042cc   0x000000dc   Code   RO           27    i.main              main.o
    0x000043a8   0x00000050   Code   RO           28    i.setAlarm          main.o
    0x000043f8   0x00000050   Code   RO           30    i.setDate           main.o
    0x00004448   0x00000050   Code   RO           31    i.setTime           main.o
    0x00004498   0x00000454   Code   RO           34    i.timeUpdate        main.o
    0x000048ec   0x0000004c   Code   RO           35    i.transAlarm        main.o
    0x00004938   0x0000004c   Code   RO           36    i.transDate         main.o
    0x00004984   0x0000004c   Code   RO           37    i.transTime         main.o
    0x000049d0   0x0000002c   Code   RO         1955    locale$$code        c_w.l(lc_numeric_c.o)
    0x000049fc   0x0000002c   Code   RO         1973    locale$$code        c_w.l(lc_ctype_c.o)
    0x00004a28   0x00000062   Code   RO         2095    x$fpl$d2f           fz_wm.l(d2f.o)
    0x00004a8a   0x00000002   PAD
    0x00004a8c   0x00000010   Code   RO         2202    x$fpl$dcheck1       fz_wm.l(dcheck1.o)
    0x00004a9c   0x00000018   Code   RO         2122    x$fpl$dcmpinf       fz_wm.l(dcmpi.o)
    0x00004ab4   0x00000078   Code   RO         2097    x$fpl$deqf          fz_wm.l(deqf.o)
    0x00004b2c   0x00000078   Code   RO         2124    x$fpl$dleqf         fz_wm.l(dleqf.o)
    0x00004ba4   0x00000154   Code   RO         2126    x$fpl$dmul          fz_wm.l(dmul.o)
    0x00004cf8   0x0000009c   Code   RO         2128    x$fpl$dnaninf       fz_wm.l(dnaninf.o)
    0x00004d94   0x0000000c   Code   RO         2173    x$fpl$dretinf       fz_wm.l(dretinf.o)
    0x00004da0   0x0000006c   Code   RO         2099    x$fpl$drleqf        fz_wm.l(drleqf.o)
    0x00004e0c   0x0000000a   Code   RO         2062    x$fpl$fpinit        fz_wm.l(fpinit.o)
    0x00004e16   0x0000000a   Code   RO         2130    x$fpl$fretinf       fz_wm.l(fretinf.o)
    0x00004e20   0x00000064   Code   RO         2212    x$fpl$retnan        fz_wm.l(retnan.o)
    0x00004e84   0x0000005c   Code   RO         2175    x$fpl$scalbn        fz_wm.l(scalbn.o)
    0x00004ee0   0x00000004   Code   RO         1959    x$fpl$scanf1        fz_wm.l(scanf1.o)
    0x00004ee4   0x00000008   Code   RO         2066    x$fpl$scanf2        fz_wm.l(scanf2.o)
    0x00004eec   0x00000030   Code   RO         2230    x$fpl$trapveneer    fz_wm.l(trapv.o)
    0x00004f1c   0x00000000   Code   RO         1925    x$fpl$usenofp       fz_wm.l(usenofp.o)
    0x00004f1c   0x00000054   Data   RO           39    .constdata          main.o
    0x00004f70   0x00000228   Data   RO          395    .constdata          driverlib.lib(gpio.o)
    0x00005198   0x0000010c   Data   RO         1031    .constdata          driverlib.lib(interrupt.o)
    0x000052a4   0x00000254   Data   RO         1186    .constdata          driverlib.lib(sysctl.o)
    0x000054f8   0x00000011   Data   RO         1873    .constdata          c_w.l(__printf_flags_wp.o)
    0x00005509   0x00000003   PAD
    0x0000550c   0x00000094   Data   RO         2033    .constdata          c_w.l(bigflt0.o)
    0x000055a0   0x0000032e   Data   RO           40    .conststring        main.o
    0x000058ce   0x00000002   PAD
    0x000058d0   0x00000020   Data   RO         2232    Region$$Table       anon$$obj.o
    0x000058f0   0x00000008   Data   RO         2059    c$$dinf             fz_wm.l(fpconst.o)
    0x000058f8   0x0000001c   Data   RO         1954    locale$$data        c_w.l(lc_numeric_c.o)
    0x00005914   0x00000110   Data   RO         1972    locale$$data        c_w.l(lc_ctype_c.o)


    Execution Region ER_RW (Base: 0x20000000, Size: 0x000000ec, Max: 0xffffffff, ABSOLUTE)

    Base Addr    Size         Type   Attr      Idx    E Section Name        Object

    0x20000000   0x000000e6   Data   RW           41    .data               main.o
    0x200000e6   0x00000002   PAD
    0x200000e8   0x00000004   Data   RW          299    .data               system_tm4c129.o


    Execution Region ER_ZI (Base: 0x200000ec, Size: 0x0000040c, Max: 0xffffffff, ABSOLUTE)

    Base Addr    Size         Type   Attr      Idx    E Section Name        Object

    0x200000ec   0x000001ac   Zero   RW           38    .bss                main.o
    0x20000298   0x00000060   Zero   RW         1927    .bss                c_w.l(libspace.o)
    0x200002f8   0x00000000   Zero   RW          287    HEAP                startup_tm4c129.o
    0x200002f8   0x00000200   Zero   RW          286    STACK               startup_tm4c129.o


==============================================================================

Image component sizes


      Code (inc. data)   RO Data    RW Data    ZI Data      Debug   Object Name

      8492       1420        898        230        428      28082   main.o
       300         22        512          0        512       6040   startup_tm4c129.o
        32         12          0          4          0        723   system_tm4c129.o

    ----------------------------------------------------------------------
      8824       1454       1444        236        940      34845   Object Totals
         0          0         32          0          0          0   (incl. Generated)
         0          0          2          2          0          0   (incl. Padding)

    ----------------------------------------------------------------------

      Code (inc. data)   RO Data    RW Data    ZI Data      Debug   Library Member Name

         8          0          0          0          0         68   __main.o
       312          4         17          0          0         92   __printf_flags_wp.o
        14          0          0          0          0         68   __printf_wp.o
         0          0          0          0          0          0   __rtentry.o
        12          0          0          0          0          0   __rtentry2.o
         6          0          0          0          0          0   __rtentry4.o
        52          8          0          0          0          0   __scatter.o
        26          0          0          0          0          0   __scatter_copy.o
        28          0          0          0          0          0   __scatter_zi.o
        28          0          0          0          0         68   _chval.o
        44          0          0          0          0        108   _printf_char.o
        48          6          0          0          0         96   _printf_char_common.o
         6          0          0          0          0          0   _printf_d.o
       120         16          0          0          0         92   _printf_dec.o
       178          0          0          0          0         88   _printf_intcommon.o
        78          0          0          0          0        108   _printf_pad.o
         0          0          0          0          0          0   _printf_percent.o
         4          0          0          0          0          0   _printf_percent_end.o
         6          0          0          0          0          0   _printf_s.o
        82          0          0          0          0         80   _printf_str.o
         6          0          0          0          0          0   _printf_u.o
        22          0          0          0          0        100   _rserrno.o
        64          0          0          0          0         84   _sgetc.o
        10          0          0          0          0         68   _sputc.o
       158          0          0          0          0         92   _strtoul.o
        26          0          0          0          0         80   atoi.o
       220          4        148          0          0         96   bigflt0.o
      1846        132          0          0          0        736   btod.o
        18          0          0          0          0         80   exit.o
         6          0          0          0          0        152   heapauxi.o
         0          0          0          0          0          0   indicate_semi.o
        18          0          0          0          0         76   isspace.o
        44         10        272          0          0         76   lc_ctype_c.o
        44         10         28          0          0         76   lc_numeric_c.o
         2          0          0          0          0          0   libinit.o
        34          0          0          0          0          0   libinit2.o
         2          0          0          0          0          0   libshutdown.o
         2          0          0          0          0          0   libshutdown2.o
         8          4          0          0         96         68   libspace.o
        38          0          0          0          0         68   llshl.o
        40          6          0          0          0         84   noretval__2sprintf.o
        16          4          0          0          0         76   rt_ctype_table.o
         8          4          0          0          0         68   rt_errno_addr_intlibspace.o
         8          4          0          0          0         68   rt_locale_intlibspace.o
        68          0          0          0          0         68   rt_memclr.o
        78          0          0          0          0         80   rt_memclr_w.o
       100          0          0          0          0         80   rt_memcpy_w.o
         2          0          0          0          0          0   rtexit.o
        10          0          0          0          0          0   rtexit2.o
      1188         12          0          0          0        148   scanf_fp.o
       800         14          0          0          0        100   scanf_hexfp.o
       308         16          0          0          0        100   scanf_infnan.o
       128          0          0          0          0         68   strcmpv7m.o
        72          0          0          0          0         80   strcpy.o
        86          0          0          0          0         76   strncpy.o
       164         14          0          0          0        120   strtod.o
       112          0          0          0          0         88   strtol.o
        12          4          0          0          0         68   sys_exit.o
        74          0          0          0          0         80   sys_stackheap_outer.o
         2          0          0          0          0         68   use_no_semi.o
        38          0          0          0          0        572   cpu.o
       684          8        552          0          0      11874   gpio.o
       162         12          0          0          0       5454   i2c.o
       128          8        268          0          0       2561   interrupt.o
       830         48        596          0          0       4870   sysctl.o
        38          0          0          0          0       1410   systick.o
       176          0          0          0          0       5097   uart.o
        98          4          0          0          0        140   d2f.o
        16          4          0          0          0        116   dcheck1.o
        24          0          0          0          0        116   dcmpi.o
       120          4          0          0          0        140   deqf.o
       120          4          0          0          0        140   dleqf.o
       340         12          0          0          0        152   dmul.o
       156          4          0          0          0        140   dnaninf.o
        12          0          0          0          0        116   dretinf.o
       108          0          0          0          0        128   drleqf.o
         0          0          8          0          0          0   fpconst.o
        10          0          0          0          0        116   fpinit.o
        10          0          0          0          0        116   fretinf.o
       100          0          0          0          0        116   retnan.o
        92          0          0          0          0        116   scalbn.o
         4          0          0          0          0        116   scanf1.o
         8          0          0          0          0        132   scanf2.o
        48          0          0          0          0        116   trapv.o
         0          0          0          0          0          0   usenofp.o
        56          8          0          0          0        132   atof.o
        64         16          0          0          0        248   dunder.o
       140         22          0          0          0        132   frexp.o
       228          8          0          0          0        308   ldexp.o
       184         18          0          0          0        152   narrow.o

    ----------------------------------------------------------------------
     10916        452       1892          0         96      39066   Library Totals
        26          0          3          0          0          0   (incl. Padding)

    ----------------------------------------------------------------------

      Code (inc. data)   RO Data    RW Data    ZI Data      Debug   Library Name

      6896        272        465          0         96       4240   c_w.l
      2056         76       1416          0          0      31838   driverlib.lib
      1266         32          8          0          0       2016   fz_wm.l
       672         72          0          0          0        972   m_wm.l

    ----------------------------------------------------------------------
     10916        452       1892          0         96      39066   Library Totals

    ----------------------------------------------------------------------

==============================================================================


      Code (inc. data)   RO Data    RW Data    ZI Data      Debug   

     19740       1906       3336        236       1036      62971   Grand Totals
     19740       1906       3336        236       1036      62971   ELF Image Totals
     19740       1906       3336        236          0          0   ROM Totals

==============================================================================

    Total RO  Size (Code + RO Data)                23076 (  22.54kB)
    Total RW  Size (RW Data + ZI Data)              1272 (   1.24kB)
    Total ROM Size (Code + RO Data + RW Data)      23312 (  22.77kB)

==============================================================================

