Component: ARM Compiler 5.06 update 4 (build 422) Tool: armlink [4d35d2]

==============================================================================

Section Cross References

    main.o(i.Alarm_time) refers to main.o(.data) for setSecond
    main.o(i.Alarmring) refers to main.o(i.BootMusic) for BootMusic
    main.o(i.Alarmring) refers to gpio.o(i.GPIOPinWrite) for GPIOPinWrite
    main.o(i.Alarmring) refers to main.o(.data) for setHour
    main.o(i.AuthorDisplay) refers to sysctl.o(.emb_text) for SysCtlDelay
    main.o(i.AuthorDisplay) refers to main.o(i.UARTStringPut) for UARTStringPut
    main.o(i.AuthorDisplay) refers to main.o(i.I2C0_WriteByte) for I2C0_WriteByte
    main.o(i.AuthorDisplay) refers to main.o(.data) for ui32SysClock
    main.o(i.BootMusic) refers to gpio.o(i.GPIOPinWrite) for GPIOPinWrite
    main.o(i.BootMusic) refers to gpio.o(i.GPIOPinRead) for GPIOPinRead
    main.o(i.BootMusic) refers to sysctl.o(.emb_text) for SysCtlDelay
    main.o(i.BootMusic) refers to main.o(.data) for clockFlag
    main.o(i.Display_alarm) refers to main.o(i.I2C0_WriteByte) for I2C0_WriteByte
    main.o(i.Display_alarm) refers to main.o(i.Delay) for Delay
    main.o(i.Display_alarm) refers to main.o(.data) for setHour
    main.o(i.Display_countdown) refers to main.o(i.I2C0_WriteByte) for I2C0_WriteByte
    main.o(i.Display_countdown) refers to main.o(i.Delay) for Delay
    main.o(i.Display_countdown) refers to main.o(.data) for countdown_start
    main.o(i.Display_countdown) refers to main.o(.bss) for countdown
    main.o(i.Display_date) refers to main.o(i.I2C0_WriteByte) for I2C0_WriteByte
    main.o(i.Display_date) refers to main.o(i.Delay) for Delay
    main.o(i.Display_date) refers to main.o(.data) for year
    main.o(i.Display_time) refers to main.o(i.I2C0_WriteByte) for I2C0_WriteByte
    main.o(i.Display_time) refers to main.o(i.Delay) for Delay
    main.o(i.Display_time) refers to main.o(.data) for hour
    main.o(i.GPIOJ_Handler) refers to gpio.o(i.GPIOIntStatus) for GPIOIntStatus
    main.o(i.GPIOJ_Handler) refers to sysctl.o(.emb_text) for SysCtlDelay
    main.o(i.GPIOJ_Handler) refers to gpio.o(i.GPIOIntClear) for GPIOIntClear
    main.o(i.GPIOJ_Handler) refers to main.o(.data) for ui32SysClock
    main.o(i.I2C0_ReadByte) refers to i2c.o(i.I2CMasterBusy) for I2CMasterBusy
    main.o(i.I2C0_ReadByte) refers to i2c.o(i.I2CMasterSlaveAddrSet) for I2CMasterSlaveAddrSet
    main.o(i.I2C0_ReadByte) refers to i2c.o(i.I2CMasterDataPut) for I2CMasterDataPut
    main.o(i.I2C0_ReadByte) refers to i2c.o(i.I2CMasterControl) for I2CMasterControl
    main.o(i.I2C0_ReadByte) refers to i2c.o(i.I2CMasterBusBusy) for I2CMasterBusBusy
    main.o(i.I2C0_ReadByte) refers to i2c.o(i.I2CMasterErr) for I2CMasterErr
    main.o(i.I2C0_ReadByte) refers to main.o(i.Delay) for Delay
    main.o(i.I2C0_ReadByte) refers to i2c.o(i.I2CMasterDataGet) for I2CMasterDataGet
    main.o(i.I2C0_WriteByte) refers to i2c.o(i.I2CMasterBusy) for I2CMasterBusy
    main.o(i.I2C0_WriteByte) refers to i2c.o(i.I2CMasterSlaveAddrSet) for I2CMasterSlaveAddrSet
    main.o(i.I2C0_WriteByte) refers to i2c.o(i.I2CMasterDataPut) for I2CMasterDataPut
    main.o(i.I2C0_WriteByte) refers to i2c.o(i.I2CMasterControl) for I2CMasterControl
    main.o(i.I2C0_WriteByte) refers to i2c.o(i.I2CMasterErr) for I2CMasterErr
    main.o(i.PWM_Init) refers to gpio.o(i.GPIOPinRead) for GPIOPinRead
    main.o(i.PWM_Init) refers to gpio.o(i.GPIOPinWrite) for GPIOPinWrite
    main.o(i.PWM_Init) refers to sysctl.o(.emb_text) for SysCtlDelay
    main.o(i.PWM_Init) refers to main.o(i.I2C0_WriteByte) for I2C0_WriteByte
    main.o(i.PWM_Init) refers to main.o(.data) for audio
    main.o(i.S800_Clock_Init) refers to sysctl.o(i.SysCtlClockFreqSet) for SysCtlClockFreqSet
    main.o(i.S800_Clock_Init) refers to main.o(.data) for ui32SysClock
    main.o(i.S800_GPIO_Init) refers to sysctl.o(i.SysCtlPeripheralEnable) for SysCtlPeripheralEnable
    main.o(i.S800_GPIO_Init) refers to sysctl.o(i.SysCtlPeripheralReady) for SysCtlPeripheralReady
    main.o(i.S800_GPIO_Init) refers to gpio.o(i.GPIOPinTypeGPIOOutput) for GPIOPinTypeGPIOOutput
    main.o(i.S800_GPIO_Init) refers to gpio.o(i.GPIOPinTypeGPIOInput) for GPIOPinTypeGPIOInput
    main.o(i.S800_GPIO_Init) refers to gpio.o(i.GPIOPadConfigSet) for GPIOPadConfigSet
    main.o(i.S800_GPIO_Init) refers to gpio.o(i.GPIOIntTypeSet) for GPIOIntTypeSet
    main.o(i.S800_GPIO_Init) refers to gpio.o(i.GPIOIntEnable) for GPIOIntEnable
    main.o(i.S800_GPIO_Init) refers to interrupt.o(i.IntEnable) for IntEnable
    main.o(i.S800_I2C0_Init) refers to sysctl.o(i.SysCtlPeripheralEnable) for SysCtlPeripheralEnable
    main.o(i.S800_I2C0_Init) refers to gpio.o(i.GPIOPinConfigure) for GPIOPinConfigure
    main.o(i.S800_I2C0_Init) refers to gpio.o(i.GPIOPinTypeI2CSCL) for GPIOPinTypeI2CSCL
    main.o(i.S800_I2C0_Init) refers to gpio.o(i.GPIOPinTypeI2C) for GPIOPinTypeI2C
[...]
    ../clib/printf.c                         0x00000000   Number         0  _printf_char.o ABSOLUTE
    ../clib/printf.c                         0x00000000   Number         0  _printf_str.o ABSOLUTE
    ../clib/printf.c                         0x00000000   Number         0  __printf.o ABSOLUTE
    ../clib/printf.c                         0x00000000   Number         0  __printf_flags.o ABSOLUTE
    ../clib/printf.c                         0x00000000   Number         0  __2sprintf.o ABSOLUTE
    ../clib/printf.c                         0x00000000   Number         0  __printf_flags_wp.o ABSOLUTE
    ../clib/printf.c                         0x00000000   Number         0  __printf_wp.o ABSOLUTE
    ../clib/printf.c                         0x00000000   Number         0  __printf_flags_ss.o ABSOLUTE
    ../clib/printf.c                         0x00000000   Number         0  __printf_ss.o ABSOLUTE
    ../clib/printf.c                         0x00000000   Number         0  noretval__2sprintf.o ABSOLUTE
    ../clib/printf.c                         0x00000000   Number         0  __printf_nopercent.o ABSOLUTE
    ../clib/printf.c                         0x00000000   Number         0  _printf_intcommon.o ABSOLUTE
    ../clib/printf.c                         0x00000000   Number         0  _printf_pad.o ABSOLUTE
    ../clib/printf.c                         0x00000000   Number         0  _printf_char_common.o ABSOLUTE
    ../clib/printf.c                         0x00000000   Number         0  __printf_ss_wp.o ABSOLUTE
    ../clib/printf.c                         0x00000000   Number         0  __printf_flags_ss_wp.o ABSOLUTE
    ../clib/printf_percent.s                 0x00000000   Number         0  _printf_percent_end.o ABSOLUTE
    ../clib/printf_percent.s                 0x00000000   Number         0  _printf_s.o ABSOLUTE
    ../clib/printf_percent.s                 0x00000000   Number         0  _printf_d.o ABSOLUTE
    ../clib/printf_percent.s                 0x00000000   Number         0  _printf_u.o ABSOLUTE
    ../clib/printf_percent.s                 0x00000000   Number         0  _printf_percent.o ABSOLUTE
    ../clib/scanf.c                          0x00000000   Number         0  _chval.o ABSOLUTE
    ../clib/scanf.c                          0x00000000   Number         0  _strtoul.o ABSOLUTE
    ../clib/scanf.c                          0x00000000   Number         0  strtol.o ABSOLUTE
    ../clib/scanf.c                          0x00000000   Number         0  atoi.o ABSOLUTE
    ../clib/signal.c                         0x00000000   Number         0  defsig_exit.o ABSOLUTE
    ../clib/signal.c                         0x00000000   Number         0  defsig_rtmem_formal.o ABSOLUTE
    ../clib/signal.c                         0x00000000   Number         0  defsig_rtmem_outer.o ABSOLUTE
    ../clib/signal.c                         0x00000000   Number         0  defsig_general.o ABSOLUTE
    ../clib/signal.c                         0x00000000   Number         0  defsig_other.o ABSOLUTE
    ../clib/signal.c                         0x00000000   Number         0  defsig_segv_inner.o ABSOLUTE
    ../clib/signal.c                         0x00000000   Number         0  defsig_cppl_inner.o ABSOLUTE
    ../clib/signal.c                         0x00000000   Number         0  defsig_pvfn_inner.o ABSOLUTE
    ../clib/signal.c                         0x00000000   Number         0  defsig_stak_inner.o ABSOLUTE
    ../clib/signal.c                         0x00000000   Number         0  defsig_rtred_inner.o ABSOLUTE
    ../clib/signal.c                         0x00000000   Number         0  defsig_fpe_inner.o ABSOLUTE
    ../clib/signal.c                         0x00000000   Number         0  defsig_abrt_inner.o ABSOLUTE
    ../clib/signal.c                         0x00000000   Number         0  __raise.o ABSOLUTE
    ../clib/signal.c                         0x00000000   Number         0  defsig_rtmem_inner.o ABSOLUTE
    ../clib/signal.s                         0x00000000   Number         0  defsig.o ABSOLUTE
    ../clib/stdlib.c                         0x00000000   Number         0  exit.o ABSOLUTE
    ../clib/string.c                         0x00000000   Number         0  strcpy.o ABSOLUTE
    ../fplib/fpinit.s                        0x00000000   Number         0  fpinit.o ABSOLUTE
    RTE\Device\TM4C1294NCPDT\startup_TM4C129.s 0x00000000   Number         0  startup_tm4c129.o ABSOLUTE
    RTE\Device\TM4C1294NCPDT\system_TM4C129.c 0x00000000   Number         0  system_tm4c129.o ABSOLUTE
    RTE\\Device\\TM4C1294NCPDT\\system_TM4C129.c 0x00000000   Number         0  system_tm4c129.o ABSOLUTE
    cpu.c                                    0x00000000   Number         0  cpu.o ABSOLUTE
    cpu.c                                    0x00000000   Number         0  cpu.o ABSOLUTE
    dc.s                                     0x00000000   Number         0  dc.o ABSOLUTE
    gpio.c                                   0x00000000   Number         0  gpio.o ABSOLUTE
    i2c.c                                    0x00000000   Number         0  i2c.o ABSOLUTE
    interrupt.c                              0x00000000   Number         0  interrupt.o ABSOLUTE
    main.c                                   0x00000000   Number         0  main.o ABSOLUTE
    sysctl.c                                 0x00000000   Number         0  sysctl.o ABSOLUTE
    sysctl.c                                 0x00000000   Number         0  sysctl.o ABSOLUTE
    systick.c                                0x00000000   Number         0  systick.o ABSOLUTE
    uart.c                                   0x00000000   Number         0  uart.o ABSOLUTE
    !!!main                                  0x00000200   Section        8  __main.o(!!!main)
    !!!scatter                               0x00000208   Section       52  __scatter.o(!!!scatter)
    !!handler_copy                           0x0000023c   Section       26  __scatter_copy.o(!!handler_copy)
    !!handler_zi                             0x00000258   Section       28  __scatter_zi.o(!!handler_zi)
    .ARM.Collect$$_printf_percent$$00000000  0x00000274   Section        0  _printf_percent.o(.ARM.Collect$$_printf_percent$$00000000)
    .ARM.Collect$$_printf_percent$$00000009  0x00000274   Section        6  _printf_d.o(.ARM.Collect$$_printf_percent$$00000009)
    .ARM.Collect$$_printf_percent$$0000000A  0x0000027a   Section        6  _printf_u.o(.ARM.Collect$$_printf_percent$$0000000A)
    .ARM.Collect$$_printf_percent$$00000014  0x00000280   Section        6  _printf_s.o(.ARM.Collect$$_printf_percent$$00000014)
    .ARM.Collect$$_printf_percent$$00000017  0x00000286   Section        4  _printf_percent_end.o(.ARM.Collect$$_printf_percent$$00000017)
    .ARM.Collect$$libinit$$00000000          0x0000028a   Section        2  libinit.o(.ARM.Collect$$libinit$$00000000)
    .ARM.Collect$$libinit$$00000001          0x0000028c   Section        4  libinit2.o(.ARM.Collect$$libinit$$00000001)
    .ARM.Collect$$libinit$$00000004          0x00000290   Section        0  libinit2.o(.ARM.Collect$$libinit$$00000004)
    .ARM.Collect$$libinit$$0000000A          0x00000290   Section        0  libinit2.o(.ARM.Collect$$libinit$$0000000A)
    .ARM.Collect$$libinit$$0000000C          0x00000290   Section        0  libinit2.o(.ARM.Collect$$libinit$$0000000C)
    .ARM.Collect$$libinit$$0000000E          0x00000290   Section        0  libinit2.o(.ARM.Collect$$libinit$$0000000E)
    .ARM.Collect$$libinit$$0000000F          0x00000290   Section        6  libinit2.o(.ARM.Collect$$libinit$$0000000F)
    .ARM.Collect$$libinit$$00000011          0x00000296   Section        0  libinit2.o(.ARM.Collect$$libinit$$00000011)
    .ARM.Collect$$libinit$$00000012          0x00000296   Section       12  libinit2.o(.ARM.Collect$$libinit$$00000012)
    .ARM.Collect$$libinit$$00000013          0x000002a2   Section        0  libinit2.o(.ARM.Collect$$libinit$$00000013)
    .ARM.Collect$$libinit$$00000015          0x000002a2   Section        0  libinit2.o(.ARM.Collect$$libinit$$00000015)
    .ARM.Collect$$libinit$$00000017          0x000002a2   Section        0  libinit2.o(.ARM.Collect$$libinit$$00000017)
    .ARM.Collect$$libinit$$00000019          0x000002a2   Section        0  libinit2.o(.ARM.Collect$$libinit$$00000019)
    .ARM.Collect$$libinit$$0000001B          0x000002a2   Section        0  libinit2.o(.ARM.Collect$$libinit$$0000001B)
    .ARM.Collect$$libinit$$0000001D          0x000002a2   Section        0  libinit2.o(.ARM.Collect$$libinit$$0000001D)
    .ARM.Collect$$libinit$$0000001F          0x000002a2   Section        0  libinit2.o(.ARM.Collect$$libinit$$0000001F)
    .ARM.Collect$$libinit$$00000021          0x000002a2   Section        0  libinit2.o(.ARM.Collect$$libinit$$00000021)
    .ARM.Collect$$libinit$$00000023          0x000002a2   Section        0  libinit2.o(.ARM.Collect$$libinit$$00000023)
    .ARM.Collect$$libinit$$00000025          0x000002a2   Section        0  libinit2.o(.ARM.Collect$$libinit$$00000025)
    .ARM.Collect$$libinit$$0000002C          0x000002a2   Section        0  libinit2.o(.ARM.Collect$$libinit$$0000002C)
    .ARM.Collect$$libinit$$0000002E          0x000002a2   Section        0  libinit2.o(.ARM.Collect$$libinit$$0000002E)
    .ARM.Collect$$libinit$$00000030          0x000002a2   Section        0  libinit2.o(.ARM.Collect$$libinit$$00000030)
    .ARM.Collect$$libinit$$00000032          0x000002a2   Section        0  libinit2.o(.ARM.Collect$$libinit$$00000032)
    .ARM.Collect$$libinit$$00000033          0x000002a2   Section        2  libinit2.o(.ARM.Collect$$libinit$$00000033)
    .ARM.Collect$$libshutdown$$00000000      0x000002a4   Section        2  libshutdown.o(.ARM.Collect$$libshutdown$$00000000)
    .ARM.Collect$$libshutdown$$00000002      0x000002a6   Section        0  libshutdown2.o(.ARM.Collect$$libshutdown$$00000002)
    .ARM.Collect$$libshutdown$$00000004      0x000002a6   Section        0  libshutdown2.o(.ARM.Collect$$libshutdown$$00000004)
    .ARM.Collect$$libshutdown$$00000007      0x000002a6   Section        0  libshutdown2.o(.ARM.Collect$$libshutdown$$00000007)
    .ARM.Collect$$libshutdown$$0000000A      0x000002a6   Section        0  libshutdown2.o(.ARM.Collect$$libshutdown$$0000000A)
    .ARM.Collect$$libshutdown$$0000000C      0x000002a6   Section        0  libshutdown2.o(.ARM.Collect$$libshutdown$$0000000C)
    .ARM.Collect$$libshutdown$$0000000F      0x000002a6   Section        0  libshutdown2.o(.ARM.Collect$$libshutdown$$0000000F)
    .ARM.Collect$$libshutdown$$00000010      0x000002a6   Section        2  libshutdown2.o(.ARM.Collect$$libshutdown$$00000010)
    .ARM.Collect$$rtentry$$00000000          0x000002a8   Section        0  __rtentry.o(.ARM.Collect$$rtentry$$00000000)
    .ARM.Collect$$rtentry$$00000002          0x000002a8   Section        0  __rtentry2.o(.ARM.Collect$$rtentry$$00000002)
    .ARM.Collect$$rtentry$$00000004          0x000002a8   Section        6  __rtentry4.o(.ARM.Collect$$rtentry$$00000004)
    .ARM.Collect$$rtentry$$00000009          0x000002ae   Section        0  __rtentry2.o(.ARM.Collect$$rtentry$$00000009)
    .ARM.Collect$$rtentry$$0000000A          0x000002ae   Section        4  __rtentry2.o(.ARM.Collect$$rtentry$$0000000A)
    .ARM.Collect$$rtentry$$0000000C          0x000002b2   Section        0  __rtentry2.o(.ARM.Collect$$rtentry$$0000000C)
    .ARM.Collect$$rtentry$$0000000D          0x000002b2   Section        8  __rtentry2.o(.ARM.Collect$$rtentry$$0000000D)
    .ARM.Collect$$rtexit$$00000000           0x000002ba   Section        2  rtexit.o(.ARM.Collect$$rtexit$$00000000)
    .ARM.Collect$$rtexit$$00000002           0x000002bc   Section        0  rtexit2.o(.ARM.Collect$$rtexit$$00000002)
    .ARM.Collect$$rtexit$$00000003           0x000002bc   Section        4  rtexit2.o(.ARM.Collect$$rtexit$$00000003)
    .ARM.Collect$$rtexit$$00000004           0x000002c0   Section        6  rtexit2.o(.ARM.Collect$$rtexit$$00000004)
    .emb_text                                0x000002c8   Section        6  sysctl.o(.emb_text)
    $v0                                      0x000002c8   Number         0  sysctl.o(.emb_text)
    .emb_text                                0x000002d0   Section       38  cpu.o(.emb_text)
    $v0                                      0x000002d0   Number         0  cpu.o(.emb_text)
    .text                                    0x000002f8   Section      300  startup_tm4c129.o(.text)
    $v0                                      0x000002f8   Number         0  startup_tm4c129.o(.text)
    .text                                    0x00000424   Section        0  noretval__2sprintf.o(.text)
    .text                                    0x0000044c   Section        0  _printf_pad.o(.text)
    .text                                    0x0000049a   Section        0  _printf_str.o(.text)
    .text                                    0x000004ec   Section        0  _printf_dec.o(.text)
    .text                                    0x00000564   Section        0  __printf_flags_wp.o(.text)
    .text                                    0x0000069c   Section        0  atoi.o(.text)
    .text                                    0x000006b6   Section        0  strcpy.o(.text)
    .text                                    0x000006fe   Section      100  rt_memcpy_w.o(.text)
    .text                                    0x00000762   Section       86  strncpy.o(.text)
    .text                                    0x000007b8   Section        0  heapauxi.o(.text)
    .text                                    0x000007c0   Section        8  rt_errno_addr_intlibspace.o(.text)
    .text                                    0x000007c8   Section        0  _printf_intcommon.o(.text)
    .text                                    0x0000087c   Section        0  _printf_char_common.o(.text)
    _printf_input_char                       0x0000087d   Thumb Code    10  _printf_char_common.o(.text)
    .text                                    0x000008ac   Section        0  _sputc.o(.text)
    .text                                    0x000008b6   Section        0  _printf_char.o(.text)
    .text                                    0x000008e2   Section        0  strtol.o(.text)
    .text                                    0x00000952   Section       68  rt_memclr.o(.text)
    .text                                    0x00000998   Section        8  libspace.o(.text)
    .text                                    0x000009a0   Section       16  rt_ctype_table.o(.text)
    .text                                    0x000009b0   Section        0  _strtoul.o(.text)
    .text                                    0x00000a4e   Section       78  rt_memclr_w.o(.text)
    .text                                    0x00000a9c   Section       74  sys_stackheap_outer.o(.text)
    .text                                    0x00000ae8   Section        8  rt_locale_intlibspace.o(.text)
    .text                                    0x00000af0   Section        0  _chval.o(.text)
    .text                                    0x00000b0c   Section        0  exit.o(.text)
    .text                                    0x00000b20   Section      128  strcmpv7m.o(.text)
    .text                                    0x00000ba0   Section        0  sys_exit.o(.text)
    .text                                    0x00000bac   Section        2  use_no_semi.o(.text)
    .text                                    0x00000bae   Section        0  indicate_semi.o(.text)
    i.Alarmring                              0x00000bb0   Section        0  main.o(i.Alarmring)
    i.AuthorDisplay                          0x00000c20   Section        0  main.o(i.AuthorDisplay)
    i.BootMusic                              0x00000f90   Section        0  main.o(i.BootMusic)
    i.Delay                                  0x00001638   Section        0  main.o(i.Delay)
    i.Display_alarm                          0x00001644   Section        0  main.o(i.Display_alarm)
    i.Display_countdown                      0x000017d8   Section        0  main.o(i.Display_countdown)
    i.Display_date                           0x00001a08   Section        0  main.o(i.Display_date)
    i.Display_time                           0x00001b7c   Section        0  main.o(i.Display_time)
    i.GPIODirModeSet                         0x00001d10   Section        0  gpio.o(i.GPIODirModeSet)
    i.GPIOIntClear                           0x00001d38   Section        0  gpio.o(i.GPIOIntClear)
    i.GPIOIntEnable                          0x00001d3e   Section        0  gpio.o(i.GPIOIntEnable)
    i.GPIOIntStatus                          0x00001d4a   Section        0  gpio.o(i.GPIOIntStatus)
    i.GPIOIntTypeSet                         0x00001d58   Section        0  gpio.o(i.GPIOIntTypeSet)
    i.GPIOJ_Handler                          0x00001da8   Section        0  main.o(i.GPIOJ_Handler)
    i.GPIOPadConfigSet                       0x00001e34   Section        0  gpio.o(i.GPIOPadConfigSet)
    i.GPIOPinConfigure                       0x00001f6c   Section        0  gpio.o(i.GPIOPinConfigure)
    i.GPIOPinRead                            0x00001fb0   Section        0  gpio.o(i.GPIOPinRead)
    i.GPIOPinTypeGPIOInput                   0x00001fb6   Section        0  gpio.o(i.GPIOPinTypeGPIOInput)
    i.GPIOPinTypeGPIOOutput                  0x00001fd2   Section        0  gpio.o(i.GPIOPinTypeGPIOOutput)
    i.GPIOPinTypeI2C                         0x00001fee   Section        0  gpio.o(i.GPIOPinTypeI2C)
    i.GPIOPinTypeI2CSCL                      0x0000200a   Section        0  gpio.o(i.GPIOPinTypeI2CSCL)
    i.GPIOPinTypeUART                        0x00002026   Section        0  gpio.o(i.GPIOPinTypeUART)
    i.GPIOPinWrite                           0x00002042   Section        0  gpio.o(i.GPIOPinWrite)
    i.I2C0_ReadByte                          0x00002048   Section        0  main.o(i.I2C0_ReadByte)
    i.I2C0_WriteByte                         0x000020d4   Section        0  main.o(i.I2C0_WriteByte)
    i.I2CMasterBusBusy                       0x00002148   Section        0  i2c.o(i.I2CMasterBusBusy)
    i.I2CMasterBusy                          0x00002154   Section        0  i2c.o(i.I2CMasterBusy)
    i.I2CMasterControl                       0x00002160   Section        0  i2c.o(i.I2CMasterControl)
    i.I2CMasterDataGet                       0x00002164   Section        0  i2c.o(i.I2CMasterDataGet)
    i.I2CMasterDataPut                       0x00002168   Section        0  i2c.o(i.I2CMasterDataPut)
    i.I2CMasterEnable                        0x0000216c   Section        0  i2c.o(i.I2CMasterEnable)
    i.I2CMasterErr                           0x00002176   Section        0  i2c.o(i.I2CMasterErr)
    i.I2CMasterInitExpClk                    0x00002190   Section        0  i2c.o(i.I2CMasterInitExpClk)
    i.I2CMasterSlaveAddrSet                  0x000021e4   Section        0  i2c.o(i.I2CMasterSlaveAddrSet)
    i.IntEnable                              0x000021ec   Section        0  interrupt.o(i.IntEnable)
    i.IntMasterDisable                       0x00002250   Section        0  interrupt.o(i.IntMasterDisable)
    i.IntMasterEnable                        0x0000225e   Section        0  interrupt.o(i.IntMasterEnable)
    i.S800_Clock_Init                        0x0000226c   Section        0  main.o(i.S800_Clock_Init)
    i.S800_GPIO_Init                         0x00002288   Section        0  main.o(i.S800_GPIO_Init)
    i.S800_I2C0_Init                         0x00002360   Section        0  main.o(i.S800_I2C0_Init)
    i.S800_SysTick_Init                      0x000023f8   Section        0  main.o(i.S800_SysTick_Init)
    i.S800_UART_Init                         0x0000241c   Section        0  main.o(i.S800_UART_Init)
    i.SWPressed                              0x0000252c   Section        0  main.o(i.SWPressed)
    i.SysCtlClockFreqSet                     0x000029ec   Section        0  sysctl.o(i.SysCtlClockFreqSet)
    i.SysCtlPeripheralEnable                 0x00002cd0   Section        0  sysctl.o(i.SysCtlPeripheralEnable)
    i.SysCtlPeripheralReady                  0x00002cf8   Section        0  sysctl.o(i.SysCtlPeripheralReady)
    i.SysTickEnable                          0x00002d24   Section        0  systick.o(i.SysTickEnable)
    i.SysTickIntEnable                       0x00002d32   Section        0  systick.o(i.SysTickIntEnable)
    i.SysTickPeriodSet                       0x00002d40   Section        0  systick.o(i.SysTickPeriodSet)
    i.SysTick_Handler                        0x00002d4c   Section        0  main.o(i.SysTick_Handler)
    i.SystemInit                             0x00002dd8   Section        0  system_tm4c129.o(i.SystemInit)
    i.UART0_Handler                          0x00002df8   Section        0  main.o(i.UART0_Handler)
    i.UARTCharGetNonBlocking                 0x00002e70   Section        0  uart.o(i.UARTCharGetNonBlocking)
    i.UARTCharPut                            0x00002e80   Section        0  uart.o(i.UARTCharPut)
    i.UARTCharsAvail                         0x00002e8c   Section        0  uart.o(i.UARTCharsAvail)
    i.UARTConfigSetExpClk                    0x00002e96   Section        0  uart.o(i.UARTConfigSetExpClk)
    i.UARTFIFOLevelSet                       0x00002f04   Section        0  uart.o(i.UARTFIFOLevelSet)
    i.UARTIntClear                           0x00002f0a   Section        0  uart.o(i.UARTIntClear)
    i.UARTIntEnable                          0x00002f0e   Section        0  uart.o(i.UARTIntEnable)
    i.UARTIntStatus                          0x00002f16   Section        0  uart.o(i.UARTIntStatus)
    i.UARTStringPut                          0x00002f20   Section        0  main.o(i.UARTStringPut)
    i.Uart_set                               0x00002f3c   Section        0  main.o(i.Uart_set)
    i._is_digit                              0x00003550   Section        0  __printf_wp.o(i._is_digit)
    i.main                                   0x00003560   Section        0  main.o(i.main)
    i.setAlarm                               0x000037f4   Section        0  main.o(i.setAlarm)
    i.setDate                                0x00003844   Section        0  main.o(i.setDate)
    i.setTime                                0x00003894   Section        0  main.o(i.setTime)
    i.timeUpdate                             0x000038e4   Section        0  main.o(i.timeUpdate)
    i.transAlarm                             0x00003d38   Section        0  main.o(i.transAlarm)
    i.transDate                              0x00003d84   Section        0  main.o(i.transDate)
    i.transTime                              0x00003dd0   Section        0  main.o(i.transTime)
    locale$$code                             0x00003e1c   Section       44  lc_ctype_c.o(locale$$code)
    x$fpl$fpinit                             0x00003e48   Section       10  fpinit.o(x$fpl$fpinit)
    $v0                                      0x00003e48   Number         0  fpinit.o(x$fpl$fpinit)
    .constdata                               0x00003e54   Section       64  main.o(.constdata)
    .constdata                               0x00003e94   Section      552  gpio.o(.constdata)
    g_ppui32GPIOIntMapBlizzard               0x00003e94   Data         192  gpio.o(.constdata)
    g_ppui32GPIOIntMapSnowflake              0x00003f54   Data         216  gpio.o(.constdata)
    g_pui32GPIOBaseAddrs                     0x0000402c   Data         144  gpio.o(.constdata)
    .constdata                               0x000040bc   Section      268  interrupt.o(.constdata)
    g_pui32Priority                          0x000040bc   Data          32  interrupt.o(.constdata)
    g_pui32Regs                              0x000040dc   Data         156  interrupt.o(.constdata)
    g_pui32EnRegs                            0x00004178   Data          20  interrupt.o(.constdata)
    g_pui32Dii16Regs                         0x0000418c   Data          20  interrupt.o(.constdata)
    g_pui32PendRegs                          0x000041a0   Data          20  interrupt.o(.constdata)
    g_pui32UnpendRegs                        0x000041b4   Data          20  interrupt.o(.constdata)
    .constdata                               0x000041c8   Section      596  sysctl.o(.constdata)
    g_pui32VCOFrequencies                    0x000041c8   Data           8  sysctl.o(.constdata)
    g_pui32Xtals                             0x000041d0   Data         108  sysctl.o(.constdata)
    g_pppui32XTALtoVCO                       0x0000423c   Data         432  sysctl.o(.constdata)
    g_sXTALtoMEMTIM                          0x000043ec   Data          48  sysctl.o(.constdata)
    .constdata                               0x0000441c   Section       17  __printf_flags_wp.o(.constdata)
    maptable                                 0x0000441c   Data          17  __printf_flags_wp.o(.constdata)
    .conststring                             0x00004430   Section      814  main.o(.conststring)
    locale$$data                             0x00004780   Section      272  lc_ctype_c.o(locale$$data)
    __lcctype_c_name                         0x00004784   Data           2  lc_ctype_c.o(locale$$data)
    __lcctype_c_start                        0x0000478c   Data           0  lc_ctype_c.o(locale$$data)
    __lcctype_c_end                          0x00004890   Data           0  lc_ctype_c.o(locale$$data)
    .data                                    0x20000000   Section      234  main.o(.data)
    k                                        0x200000e9   Data           1  main.o(.data)
    .data                                    0x200000ec   Section        4  system_tm4c129.o(.data)
    .bss                                     0x200000f0   Section      428  main.o(.bss)
    .bss                                     0x2000029c   Section       96  libspace.o(.bss)
    HEAP                                     0x20000300   Section        0  startup_tm4c129.o(HEAP)
    STACK                                    0x20000300   Section      512  startup_tm4c129.o(STACK)
    Heap_Mem                                 0x20000300   Data           0  startup_tm4c129.o(HEAP)
    Stack_Mem                                0x20000300   Data         512  startup_tm4c129.o(STACK)
    __initial_sp                             0x20000500   Data           0  startup_tm4c129.o(STACK)

    Global Symbols

    Symbol Name                              Value     Ov Type        Size  Object(Section)

    BuildAttributes$$THM_ISAv4$E$P$D$K$B$S$7EM$VFPi3$EXTD16$VFPS$VFMA$PE$A:L22UL41UL21$X:L11$S22US41US21$IEEE1$IW$USESV6$~STKCKD$USESV7$~SHL$OTIME$ROPI$EBA8$UX$STANDARDLIB$REQ8$PRES8$EABIv2 0x00000000   Number         0  anon$$obj.o ABSOLUTE
    __ARM_use_no_argv                        0x00000000   Number         0  main.o ABSOLUTE
    __Vectors                                0x00000000   Data           4  startup_tm4c129.o(RESET)
    _printf_flags                            0x00000000   Number         0  printf_stubs.o ABSOLUTE
    _printf_return_value                     0x00000000   Number         0  printf_stubs.o ABSOLUTE
    _printf_sizespec                         0x00000000   Number         0  printf_stubs.o ABSOLUTE
    _printf_widthprec                        0x00000000   Number         0  printf_stubs.o ABSOLUTE
    __ARM_exceptions_init                     - Undefined Weak Reference
    __alloca_initialize                       - Undefined Weak Reference
    __arm_preinit_                            - Undefined Weak Reference
    __cpp_initialize__aeabi_                  - Undefined Weak Reference
    __cxa_finalize                            - Undefined Weak Reference
    __sigvec_lookup                           - Undefined Weak Reference
    _atexit_init                              - Undefined Weak Reference
    _call_atexit_fns                          - Undefined Weak Reference
    _clock_init                               - Undefined Weak Reference
    _fp_trap_init                             - Undefined Weak Reference
    _fp_trap_shutdown                         - Undefined Weak Reference
    _get_lc_collate                           - Undefined Weak Reference
    _get_lc_monetary                          - Undefined Weak Reference
    _get_lc_numeric                           - Undefined Weak Reference
    _get_lc_time                              - Undefined Weak Reference
    _getenv_init                              - Undefined Weak Reference
    _handle_redirection                       - Undefined Weak Reference
    _init_alloc                               - Undefined Weak Reference
    _init_user_alloc                          - Undefined Weak Reference
    _initio                                   - Undefined Weak Reference
    _printf_mbtowc                            - Undefined Weak Reference
    _printf_truncate_signed                   - Undefined Weak Reference
    _printf_truncate_unsigned                 - Undefined Weak Reference
    _rand_init                                - Undefined Weak Reference
    _signal_finish                            - Undefined Weak Reference
    _signal_init                              - Undefined Weak Reference
    _terminate_alloc                          - Undefined Weak Reference
    _terminate_user_alloc                     - Undefined Weak Reference
    _terminateio                              - Undefined Weak Reference
    __Vectors_End                            0x00000200   Data           0  startup_tm4c129.o(RESET)
    __Vectors_Size                           0x00000200   Number         0  startup_tm4c129.o ABSOLUTE
    __main                                   0x00000201   Thumb Code     8  __main.o(!!!main)
    __scatterload                            0x00000209   Thumb Code     0  __scatter.o(!!!scatter)
    __scatterload_rt2                        0x00000209   Thumb Code    44  __scatter.o(!!!scatter)
    __scatterload_rt2_thumb_only             0x00000209   Thumb Code     0  __scatter.o(!!!scatter)
    __scatterload_null                       0x00000217   Thumb Code     0  __scatter.o(!!!scatter)
    __scatterload_copy                       0x0000023d   Thumb Code    26  __scatter_copy.o(!!handler_copy)
    __scatterload_zeroinit                   0x00000259   Thumb Code    28  __scatter_zi.o(!!handler_zi)
    _printf_d                                0x00000275   Thumb Code     0  _printf_d.o(.ARM.Collect$$_printf_percent$$00000009)
    _printf_percent                          0x00000275   Thumb Code     0  _printf_percent.o(.ARM.Collect$$_printf_percent$$00000000)
    _printf_u                                0x0000027b   Thumb Code     0  _printf_u.o(.ARM.Collect$$_printf_percent$$0000000A)
    _printf_s                                0x00000281   Thumb Code     0  _printf_s.o(.ARM.Collect$$_printf_percent$$00000014)
    _printf_percent_end                      0x00000287   Thumb Code     0  _printf_percent_end.o(.ARM.Collect$$_printf_percent$$00000017)
    __rt_lib_init                            0x0000028b   Thumb Code     0  libinit.o(.ARM.Collect$$libinit$$00000000)
    __rt_lib_init_fp_1                       0x0000028d   Thumb Code     0  libinit2.o(.ARM.Collect$$libinit$$00000001)
    __rt_lib_init_heap_1                     0x00000291   Thumb Code     0  libinit2.o(.ARM.Collect$$libinit$$0000000A)
    __rt_lib_init_lc_common                  0x00000291   Thumb Code     0  libinit2.o(.ARM.Collect$$libinit$$0000000F)
    __rt_lib_init_preinit_1                  0x00000291   Thumb Code     0  libinit2.o(.ARM.Collect$$libinit$$00000004)
    __rt_lib_init_rand_1                     0x00000291   Thumb Code     0  libinit2.o(.ARM.Collect$$libinit$$0000000E)
    __rt_lib_init_user_alloc_1               0x00000291   Thumb Code     0  libinit2.o(.ARM.Collect$$libinit$$0000000C)
    __rt_lib_init_lc_collate_1               0x00000297   Thumb Code     0  libinit2.o(.ARM.Collect$$libinit$$00000011)
    __rt_lib_init_lc_ctype_2                 0x00000297   Thumb Code     0  libinit2.o(.ARM.Collect$$libinit$$00000012)
    __rt_lib_init_alloca_1                   0x000002a3   Thumb Code     0  libinit2.o(.ARM.Collect$$libinit$$0000002E)
    __rt_lib_init_argv_1                     0x000002a3   Thumb Code     0  libinit2.o(.ARM.Collect$$libinit$$0000002C)
    __rt_lib_init_atexit_1                   0x000002a3   Thumb Code     0  libinit2.o(.ARM.Collect$$libinit$$0000001B)
    __rt_lib_init_clock_1                    0x000002a3   Thumb Code     0  libinit2.o(.ARM.Collect$$libinit$$00000021)
    __rt_lib_init_cpp_1                      0x000002a3   Thumb Code     0  libinit2.o(.ARM.Collect$$libinit$$00000032)
    __rt_lib_init_exceptions_1               0x000002a3   Thumb Code     0  libinit2.o(.ARM.Collect$$libinit$$00000030)
    __rt_lib_init_fp_trap_1                  0x000002a3   Thumb Code     0  libinit2.o(.ARM.Collect$$libinit$$0000001F)
    __rt_lib_init_getenv_1                   0x000002a3   Thumb Code     0  libinit2.o(.ARM.Collect$$libinit$$00000023)
    __rt_lib_init_lc_ctype_1                 0x000002a3   Thumb Code     0  libinit2.o(.ARM.Collect$$libinit$$00000013)
    __rt_lib_init_lc_monetary_1              0x000002a3   Thumb Code     0  libinit2.o(.ARM.Collect$$libinit$$00000015)
    __rt_lib_init_lc_numeric_1               0x000002a3   Thumb Code     0  libinit2.o(.ARM.Collect$$libinit$$00000017)
    __rt_lib_init_lc_time_1                  0x000002a3   Thumb Code     0  libinit2.o(.ARM.Collect$$libinit$$00000019)
    __rt_lib_init_return                     0x000002a3   Thumb Code     0  libinit2.o(.ARM.Collect$$libinit$$00000033)
    __rt_lib_init_signal_1                   0x000002a3   Thumb Code     0  libinit2.o(.ARM.Collect$$libinit$$0000001D)
    __rt_lib_init_stdio_1                    0x000002a3   Thumb Code     0  libinit2.o(.ARM.Collect$$libinit$$00000025)
    __rt_lib_shutdown                        0x000002a5   Thumb Code     0  libshutdown.o(.ARM.Collect$$libshutdown$$00000000)
    __rt_lib_shutdown_cpp_1                  0x000002a7   Thumb Code     0  libshutdown2.o(.ARM.Collect$$libshutdown$$00000002)
    __rt_lib_shutdown_fp_trap_1              0x000002a7   Thumb Code     0  libshutdown2.o(.ARM.Collect$$libshutdown$$00000007)
    __rt_lib_shutdown_heap_1                 0x000002a7   Thumb Code     0  libshutdown2.o(.ARM.Collect$$libshutdown$$0000000F)
    __rt_lib_shutdown_return                 0x000002a7   Thumb Code     0  libshutdown2.o(.ARM.Collect$$libshutdown$$00000010)
    __rt_lib_shutdown_signal_1               0x000002a7   Thumb Code     0  libshutdown2.o(.ARM.Collect$$libshutdown$$0000000A)
    __rt_lib_shutdown_stdio_1                0x000002a7   Thumb Code     0  libshutdown2.o(.ARM.Collect$$libshutdown$$00000004)
    __rt_lib_shutdown_user_alloc_1           0x000002a7   Thumb Code     0  libshutdown2.o(.ARM.Collect$$libshutdown$$0000000C)
    __rt_entry                               0x000002a9   Thumb Code     0  __rtentry.o(.ARM.Collect$$rtentry$$00000000)
    __rt_entry_presh_1                       0x000002a9   Thumb Code     0  __rtentry2.o(.ARM.Collect$$rtentry$$00000002)
    __rt_entry_sh                            0x000002a9   Thumb Code     0  __rtentry4.o(.ARM.Collect$$rtentry$$00000004)
    __rt_entry_li                            0x000002af   Thumb Code     0  __rtentry2.o(.ARM.Collect$$rtentry$$0000000A)
    __rt_entry_postsh_1                      0x000002af   Thumb Code     0  __rtentry2.o(.ARM.Collect$$rtentry$$00000009)
    __rt_entry_main                          0x000002b3   Thumb Code     0  __rtentry2.o(.ARM.Collect$$rtentry$$0000000D)
    __rt_entry_postli_1                      0x000002b3   Thumb Code     0  __rtentry2.o(.ARM.Collect$$rtentry$$0000000C)
    __rt_exit                                0x000002bb   Thumb Code     0  rtexit.o(.ARM.Collect$$rtexit$$00000000)
    __rt_exit_ls                             0x000002bd   Thumb Code     0  rtexit2.o(.ARM.Collect$$rtexit$$00000003)
    __rt_exit_prels_1                        0x000002bd   Thumb Code     0  rtexit2.o(.ARM.Collect$$rtexit$$00000002)
    __rt_exit_exit                           0x000002c1   Thumb Code     0  rtexit2.o(.ARM.Collect$$rtexit$$00000004)
    SysCtlDelay                              0x000002c9   Thumb Code     6  sysctl.o(.emb_text)
    CPUcpsid                                 0x000002d1   Thumb Code     8  cpu.o(.emb_text)
    CPUprimask                               0x000002d9   Thumb Code     6  cpu.o(.emb_text)
    CPUcpsie                                 0x000002df   Thumb Code     8  cpu.o(.emb_text)
    CPUwfi                                   0x000002e7   Thumb Code     4  cpu.o(.emb_text)
    CPUbasepriSet                            0x000002eb   Thumb Code     6  cpu.o(.emb_text)
    CPUbasepriGet                            0x000002f1   Thumb Code     6  cpu.o(.emb_text)
    Reset_Handler                            0x000002f9   Thumb Code     8  startup_tm4c129.o(.text)
    NMI_Handler                              0x00000301   Thumb Code     2  startup_tm4c129.o(.text)
    HardFault_Handler                        0x00000303   Thumb Code     2  startup_tm4c129.o(.text)
    MemManage_Handler                        0x00000305   Thumb Code     2  startup_tm4c129.o(.text)
    BusFault_Handler                         0x00000307   Thumb Code     2  startup_tm4c129.o(.text)
    UsageFault_Handler                       0x00000309   Thumb Code     2  startup_tm4c129.o(.text)
    SVC_Handler                              0x0000030b   Thumb Code     2  startup_tm4c129.o(.text)
    DebugMon_Handler                         0x0000030d   Thumb Code     2  startup_tm4c129.o(.text)
    PendSV_Handler                           0x0000030f   Thumb Code     2  startup_tm4c129.o(.text)
    GPIOA_Handler                            0x00000313   Thumb Code     2  startup_tm4c129.o(.text)
    GPIOB_Handler                            0x00000315   Thumb Code     2  startup_tm4c129.o(.text)
    GPIOC_Handler                            0x00000317   Thumb Code     2  startup_tm4c129.o(.text)
    GPIOD_Handler                            0x00000319   Thumb Code     2  startup_tm4c129.o(.text)
    GPIOE_Handler                            0x0000031b   Thumb Code     2  startup_tm4c129.o(.text)
    UART1_Handler                            0x0000031f   Thumb Code     2  startup_tm4c129.o(.text)
    SSI0_Handler                             0x00000321   Thumb Code     2  startup_tm4c129.o(.text)
    I2C0_Handler                             0x00000323   Thumb Code     2  startup_tm4c129.o(.text)
    PMW0_FAULT_Handler                       0x00000325   Thumb Code     2  startup_tm4c129.o(.text)
    PWM0_0_Handler                           0x00000327   Thumb Code     2  startup_tm4c129.o(.text)
    PWM0_1_Handler                           0x00000329   Thumb Code     2  startup_tm4c129.o(.text)
    PWM0_2_Handler                           0x0000032b   Thumb Code     2  startup_tm4c129.o(.text)
    QEI0_Handler                             0x0000032d   Thumb Code     2  startup_tm4c129.o(.text)
    ADC0SS0_Handler                          0x0000032f   Thumb Code     2  startup_tm4c129.o(.text)
    ADC0SS1_Handler                          0x00000331   Thumb Code     2  startup_tm4c129.o(.text)
    ADC0SS2_Handler                          0x00000333   Thumb Code     2  startup_tm4c129.o(.text)
    ADC0SS3_Handler                          0x00000335   Thumb Code     2  startup_tm4c129.o(.text)
    WDT0_Handler                             0x00000337   Thumb Code     2  startup_tm4c129.o(.text)
    TIMER0A_Handler                          0x00000339   Thumb Code     2  startup_tm4c129.o(.text)
    TIMER0B_Handler                          0x0000033b   Thumb Code     2  startup_tm4c129.o(.text)
    TIMER1A_Handler                          0x0000033d   Thumb Code     2  startup_tm4c129.o(.text)
    TIMER1B_Handler                          0x0000033f   Thumb Code     2  startup_tm4c129.o(.text)
    TIMER2A_Handler                          0x00000341   Thumb Code     2  startup_tm4c129.o(.text)
    TIMER2B_Handler                          0x00000343   Thumb Code     2  startup_tm4c129.o(.text)
    COMP0_Handler                            0x00000345   Thumb Code     2  startup_tm4c129.o(.text)
    COMP1_Handler                            0x00000347   Thumb Code     2  startup_tm4c129.o(.text)
    COMP2_Handler                            0x00000349   Thumb Code     2  startup_tm4c129.o(.text)
    SYSCTL_Handler                           0x0000034b   Thumb Code     2  startup_tm4c129.o(.text)
    FLASH_Handler                            0x0000034d   Thumb Code     2  startup_tm4c129.o(.text)
    GPIOF_Handler                            0x0000034f   Thumb Code     2  startup_tm4c129.o(.text)
    GPIOG_Handler                            0x00000351   Thumb Code     2  startup_tm4c129.o(.text)
    GPIOH_Handler                            0x00000353   Thumb Code     2  startup_tm4c129.o(.text)
    UART2_Handler                            0x00000355   Thumb Code     2  startup_tm4c129.o(.text)
    SSI1_Handler                             0x00000357   Thumb Code     2  startup_tm4c129.o(.text)
    TIMER3A_Handler                          0x00000359   Thumb Code     2  startup_tm4c129.o(.text)
    TIMER3B_Handler                          0x0000035b   Thumb Code     2  startup_tm4c129.o(.text)
    I2C1_Handler                             0x0000035d   Thumb Code     2  startup_tm4c129.o(.text)
    CAN0_Handler                             0x0000035f   Thumb Code     2  startup_tm4c129.o(.text)
    CAN1_Handler                             0x00000361   Thumb Code     2  startup_tm4c129.o(.text)
    ETH_Handler                              0x00000363   Thumb Code     2  startup_tm4c129.o(.text)
    HIB_Handler                              0x00000365   Thumb Code     2  startup_tm4c129.o(.text)
    USB0_Handler                             0x00000367   Thumb Code     2  startup_tm4c129.o(.text)
    PWM0_3_Handler                           0x00000369   Thumb Code     2  startup_tm4c129.o(.text)
    UDMA_Handler                             0x0000036b   Thumb Code     2  startup_tm4c129.o(.text)
    UDMAERR_Handler                          0x0000036d   Thumb Code     2  startup_tm4c129.o(.text)
    ADC1SS0_Handler                          0x0000036f   Thumb Code     2  startup_tm4c129.o(.text)
    ADC1SS1_Handler                          0x00000371   Thumb Code     2  startup_tm4c129.o(.text)
    ADC1SS2_Handler                          0x00000373   Thumb Code     2  startup_tm4c129.o(.text)
    ADC1SS3_Handler                          0x00000375   Thumb Code     2  startup_tm4c129.o(.text)
    EBI0_Handler                             0x00000377   Thumb Code     2  startup_tm4c129.o(.text)
    GPIOK_Handler                            0x0000037b   Thumb Code     2  startup_tm4c129.o(.text)
    GPIOL_Handler                            0x0000037d   Thumb Code     2  startup_tm4c129.o(.text)
    SSI2_Handler                             0x0000037f   Thumb Code     2  startup_tm4c129.o(.text)
    SSI3_Handler                             0x00000381   Thumb Code     2  startup_tm4c129.o(.text)
    UART3_Handler                            0x00000383   Thumb Code     2  startup_tm4c129.o(.text)
    UART4_Handler                            0x00000385   Thumb Code     2  startup_tm4c129.o(.text)
    UART5_Handler                            0x00000387   Thumb Code     2  startup_tm4c129.o(.text)
    UART6_Handler                            0x00000389   Thumb Code     2  startup_tm4c129.o(.text)
    UART7_Handler                            0x0000038b   Thumb Code     2  startup_tm4c129.o(.text)
    I2C2_Handler                             0x0000038d   Thumb Code     2  startup_tm4c129.o(.text)
    I2C3_Handler                             0x0000038f   Thumb Code     2  startup_tm4c129.o(.text)
    TIMER4A_Handler                          0x00000391   Thumb Code     2  startup_tm4c129.o(.text)
    TIMER4B_Handler                          0x00000393   Thumb Code     2  startup_tm4c129.o(.text)
    TIMER5A_Handler                          0x00000395   Thumb Code     2  startup_tm4c129.o(.text)
    TIMER5B_Handler                          0x00000397   Thumb Code     2  startup_tm4c129.o(.text)
    WTIMER0A_Handler                         0x00000399   Thumb Code     2  startup_tm4c129.o(.text)
    WTIMER0B_Handler                         0x0000039b   Thumb Code     2  startup_tm4c129.o(.text)
    WTIMER1A_Handler                         0x0000039d   Thumb Code     2  startup_tm4c129.o(.text)
    WTIMER1B_Handler                         0x0000039f   Thumb Code     2  startup_tm4c129.o(.text)
    WTIMER2A_Handler                         0x000003a1   Thumb Code     2  startup_tm4c129.o(.text)
    WTIMER2B_Handler                         0x000003a3   Thumb Code     2  startup_tm4c129.o(.text)
    WTIMER3A_Handler                         0x000003a5   Thumb Code     2  startup_tm4c129.o(.text)
    WTIMER3B_Handler                         0x000003a7   Thumb Code     2  startup_tm4c129.o(.text)
    WTIMER4A_Handler                         0x000003a9   Thumb Code     2  startup_tm4c129.o(.text)
    WTIMER4B_Handler                         0x000003ab   Thumb Code     2  startup_tm4c129.o(.text)
    WTIMER5A_Handler                         0x000003ad   Thumb Code     2  startup_tm4c129.o(.text)
    WTIMER5B_Handler                         0x000003af   Thumb Code     2  startup_tm4c129.o(.text)
    FPU_Handler                              0x000003b1   Thumb Code     2  startup_tm4c129.o(.text)
    I2C4_Handler                             0x000003b3   Thumb Code     2  startup_tm4c129.o(.text)
    I2C5_Handler                             0x000003b5   Thumb Code     2  startup_tm4c129.o(.text)
    GPIOM_Handler                            0x000003b7   Thumb Code     2  startup_tm4c129.o(.text)
    GPION_Handler                            0x000003b9   Thumb Code     2  startup_tm4c129.o(.text)
    TAMPER_Handler                           0x000003bb   Thumb Code     2  startup_tm4c129.o(.text)
    GPIOP0_Handler                           0x000003bd   Thumb Code     2  startup_tm4c129.o(.text)
    GPIOP1_Handler                           0x000003bf   Thumb Code     2  startup_tm4c129.o(.text)
    GPIOP2_Handler                           0x000003c1   Thumb Code     2  startup_tm4c129.o(.text)
    GPIOP3_Handler                           0x000003c3   Thumb Code     2  startup_tm4c129.o(.text)
    GPIOP4_Handler                           0x000003c5   Thumb Code     2  startup_tm4c129.o(.text)
    GPIOP5_Handler                           0x000003c7   Thumb Code     2  startup_tm4c129.o(.text)
    GPIOP6_Handler                           0x000003c9   Thumb Code     2  startup_tm4c129.o(.text)
    GPIOP7_Handler                           0x000003cb   Thumb Code     2  startup_tm4c129.o(.text)
    GPIOQ0_Handler                           0x000003cd   Thumb Code     2  startup_tm4c129.o(.text)
    GPIOQ1_Handler                           0x000003cf   Thumb Code     2  startup_tm4c129.o(.text)
    GPIOQ2_Handler                           0x000003d1   Thumb Code     2  startup_tm4c129.o(.text)
    GPIOQ3_Handler                           0x000003d3   Thumb Code     2  startup_tm4c129.o(.text)
    GPIOQ4_Handler                           0x000003d5   Thumb Code     2  startup_tm4c129.o(.text)
    GPIOQ5_Handler                           0x000003d7   Thumb Code     2  startup_tm4c129.o(.text)
    GPIOQ6_Handler                           0x000003d9   Thumb Code     2  startup_tm4c129.o(.text)
    GPIOQ7_Handler                           0x000003db   Thumb Code     2  startup_tm4c129.o(.text)
    GPIOR_Handler                            0x000003dd   Thumb Code     2  startup_tm4c129.o(.text)
    GPIOS_Handler                            0x000003df   Thumb Code     2  startup_tm4c129.o(.text)
    SHAMD5_Handler                           0x000003e1   Thumb Code     2  startup_tm4c129.o(.text)
    AES_Handler                              0x000003e3   Thumb Code     2  startup_tm4c129.o(.text)
    DES3DES_Handler                          0x000003e5   Thumb Code     2  startup_tm4c129.o(.text)
    LCDCONTROLLER_Handler                    0x000003e7   Thumb Code     2  startup_tm4c129.o(.text)
    TIMER6A_Handler                          0x000003e9   Thumb Code     2  startup_tm4c129.o(.text)
    TIMER6B_Handler                          0x000003eb   Thumb Code     2  startup_tm4c129.o(.text)
    TIMER7A_Handler                          0x000003ed   Thumb Code     2  startup_tm4c129.o(.text)
    TIMER7B_Handler                          0x000003ef   Thumb Code     2  startup_tm4c129.o(.text)
    I2C6_Handler                             0x000003f1   Thumb Code     2  startup_tm4c129.o(.text)
    I2C7_Handler                             0x000003f3   Thumb Code     2  startup_tm4c129.o(.text)
    HIMSCANKEYBOARD_Handler                  0x000003f5   Thumb Code     2  startup_tm4c129.o(.text)
    ONEWIRE_Handler                          0x000003f7   Thumb Code     2  startup_tm4c129.o(.text)
    HIMPS2_Handler                           0x000003f9   Thumb Code     2  startup_tm4c129.o(.text)
    HIMLEDSEQUENCER_Handler                  0x000003fb   Thumb Code     2  startup_tm4c129.o(.text)
    HIMCONSUMERIR_Handler                    0x000003fd   Thumb Code     2  startup_tm4c129.o(.text)
    I2C8_Handler                             0x000003ff   Thumb Code     2  startup_tm4c129.o(.text)
    I2C9_Handler                             0x00000401   Thumb Code     2  startup_tm4c129.o(.text)
    GPIOT_Handler                            0x00000403   Thumb Code     2  startup_tm4c129.o(.text)
    __user_initial_stackheap                 0x00000405   Thumb Code     0  startup_tm4c129.o(.text)
    __2sprintf                               0x00000425   Thumb Code    34  noretval__2sprintf.o(.text)
    _printf_pre_padding                      0x0000044d   Thumb Code    44  _printf_pad.o(.text)
    _printf_post_padding                     0x00000479   Thumb Code    34  _printf_pad.o(.text)
    _printf_str                              0x0000049b   Thumb Code    82  _printf_str.o(.text)
    _printf_int_dec                          0x000004ed   Thumb Code   104  _printf_dec.o(.text)
    __printf                                 0x00000565   Thumb Code   308  __printf_flags_wp.o(.text)
    atoi                                     0x0000069d   Thumb Code    26  atoi.o(.text)
    strcpy                                   0x000006b7   Thumb Code    72  strcpy.o(.text)
    __aeabi_memcpy4                          0x000006ff   Thumb Code     0  rt_memcpy_w.o(.text)
    __aeabi_memcpy8                          0x000006ff   Thumb Code     0  rt_memcpy_w.o(.text)
    __rt_memcpy_w                            0x000006ff   Thumb Code   100  rt_memcpy_w.o(.text)
    _memcpy_lastbytes_aligned                0x00000747   Thumb Code     0  rt_memcpy_w.o(.text)
    strncpy                                  0x00000763   Thumb Code    86  strncpy.o(.text)
    __use_two_region_memory                  0x000007b9   Thumb Code     2  heapauxi.o(.text)
    __rt_heap_escrow$2region                 0x000007bb   Thumb Code     2  heapauxi.o(.text)
    __rt_heap_expand$2region                 0x000007bd   Thumb Code     2  heapauxi.o(.text)
    __aeabi_errno_addr                       0x000007c1   Thumb Code     8  rt_errno_addr_intlibspace.o(.text)
    __errno$intlibspace                      0x000007c1   Thumb Code     0  rt_errno_addr_intlibspace.o(.text)
    __rt_errno_addr$intlibspace              0x000007c1   Thumb Code     0  rt_errno_addr_intlibspace.o(.text)
    _printf_int_common                       0x000007c9   Thumb Code   178  _printf_intcommon.o(.text)
    _printf_char_common                      0x00000887   Thumb Code    32  _printf_char_common.o(.text)
    _sputc                                   0x000008ad   Thumb Code    10  _sputc.o(.text)
    _printf_cs_common                        0x000008b7   Thumb Code    20  _printf_char.o(.text)
    _printf_char                             0x000008cb   Thumb Code    16  _printf_char.o(.text)
    _printf_string                           0x000008db   Thumb Code     8  _printf_char.o(.text)
    strtol                                   0x000008e3   Thumb Code   112  strtol.o(.text)
    __aeabi_memclr                           0x00000953   Thumb Code     0  rt_memclr.o(.text)
    __rt_memclr                              0x00000953   Thumb Code    68  rt_memclr.o(.text)
    _memset                                  0x00000957   Thumb Code     0  rt_memclr.o(.text)
    __user_libspace                          0x00000999   Thumb Code     8  libspace.o(.text)
    __user_perproc_libspace                  0x00000999   Thumb Code     0  libspace.o(.text)
    __user_perthread_libspace                0x00000999   Thumb Code     0  libspace.o(.text)
    __rt_ctype_table                         0x000009a1   Thumb Code    16  rt_ctype_table.o(.text)
    _strtoul                                 0x000009b1   Thumb Code   158  _strtoul.o(.text)
    __aeabi_memclr4                          0x00000a4f   Thumb Code     0  rt_memclr_w.o(.text)
    __aeabi_memclr8                          0x00000a4f   Thumb Code     0  rt_memclr_w.o(.text)
    __rt_memclr_w                            0x00000a4f   Thumb Code    78  rt_memclr_w.o(.text)
    _memset_w                                0x00000a53   Thumb Code     0  rt_memclr_w.o(.text)
    __user_setup_stackheap                   0x00000a9d   Thumb Code    74  sys_stackheap_outer.o(.text)
    __rt_locale                              0x00000ae9   Thumb Code     8  rt_locale_intlibspace.o(.text)
    _chval                                   0x00000af1   Thumb Code    28  _chval.o(.text)
    exit                                     0x00000b0d   Thumb Code    18  exit.o(.text)
    strcmp                                   0x00000b21   Thumb Code   128  strcmpv7m.o(.text)
    _sys_exit                                0x00000ba1   Thumb Code     8  sys_exit.o(.text)
    __I$use$semihosting                      0x00000bad   Thumb Code     0  use_no_semi.o(.text)
    __use_no_semihosting_swi                 0x00000bad   Thumb Code     2  use_no_semi.o(.text)
    __semihosting_library_function           0x00000baf   Thumb Code     0  indicate_semi.o(.text)
    Alarmring                                0x00000bb1   Thumb Code    80  main.o(i.Alarmring)
    AuthorDisplay                            0x00000c21   Thumb Code   836  main.o(i.AuthorDisplay)
    BootMusic                                0x00000f91   Thumb Code  1692  main.o(i.BootMusic)
    Delay                                    0x00001639   Thumb Code    12  main.o(i.Delay)
    Display_alarm                            0x00001645   Thumb Code   374  main.o(i.Display_alarm)
    Display_countdown                        0x000017d9   Thumb Code   524  main.o(i.Display_countdown)
    Display_date                             0x00001a09   Thumb Code   342  main.o(i.Display_date)
    Display_time                             0x00001b7d   Thumb Code   374  main.o(i.Display_time)
    GPIODirModeSet                           0x00001d11   Thumb Code    40  gpio.o(i.GPIODirModeSet)
    GPIOIntClear                             0x00001d39   Thumb Code     6  gpio.o(i.GPIOIntClear)
    GPIOIntEnable                            0x00001d3f   Thumb Code    12  gpio.o(i.GPIOIntEnable)
    GPIOIntStatus                            0x00001d4b   Thumb Code    14  gpio.o(i.GPIOIntStatus)
    GPIOIntTypeSet                           0x00001d59   Thumb Code    80  gpio.o(i.GPIOIntTypeSet)
    GPIOJ_Handler                            0x00001da9   Thumb Code   112  main.o(i.GPIOJ_Handler)
    GPIOPadConfigSet                         0x00001e35   Thumb Code   312  gpio.o(i.GPIOPadConfigSet)
    GPIOPinConfigure                         0x00001f6d   Thumb Code    60  gpio.o(i.GPIOPinConfigure)
    GPIOPinRead                              0x00001fb1   Thumb Code     6  gpio.o(i.GPIOPinRead)
    GPIOPinTypeGPIOInput                     0x00001fb7   Thumb Code    28  gpio.o(i.GPIOPinTypeGPIOInput)
    GPIOPinTypeGPIOOutput                    0x00001fd3   Thumb Code    28  gpio.o(i.GPIOPinTypeGPIOOutput)
    GPIOPinTypeI2C                           0x00001fef   Thumb Code    28  gpio.o(i.GPIOPinTypeI2C)
    GPIOPinTypeI2CSCL                        0x0000200b   Thumb Code    28  gpio.o(i.GPIOPinTypeI2CSCL)
    GPIOPinTypeUART                          0x00002027   Thumb Code    28  gpio.o(i.GPIOPinTypeUART)
    GPIOPinWrite                             0x00002043   Thumb Code     6  gpio.o(i.GPIOPinWrite)
    I2C0_ReadByte                            0x00002049   Thumb Code   134  main.o(i.I2C0_ReadByte)
    I2C0_WriteByte                           0x000020d5   Thumb Code   110  main.o(i.I2C0_WriteByte)
    I2CMasterBusBusy                         0x00002149   Thumb Code    12  i2c.o(i.I2CMasterBusBusy)
    I2CMasterBusy                            0x00002155   Thumb Code    12  i2c.o(i.I2CMasterBusy)
    I2CMasterControl                         0x00002161   Thumb Code     4  i2c.o(i.I2CMasterControl)
    I2CMasterDataGet                         0x00002165   Thumb Code     4  i2c.o(i.I2CMasterDataGet)
    I2CMasterDataPut                         0x00002169   Thumb Code     4  i2c.o(i.I2CMasterDataPut)
    I2CMasterEnable                          0x0000216d   Thumb Code    10  i2c.o(i.I2CMasterEnable)
    I2CMasterErr                             0x00002177   Thumb Code    24  i2c.o(i.I2CMasterErr)
    I2CMasterInitExpClk                      0x00002191   Thumb Code    72  i2c.o(i.I2CMasterInitExpClk)
    I2CMasterSlaveAddrSet                    0x000021e5   Thumb Code     8  i2c.o(i.I2CMasterSlaveAddrSet)
    IntEnable                                0x000021ed   Thumb Code    92  interrupt.o(i.IntEnable)
    IntMasterDisable                         0x00002251   Thumb Code    14  interrupt.o(i.IntMasterDisable)
    IntMasterEnable                          0x0000225f   Thumb Code    14  interrupt.o(i.IntMasterEnable)
    S800_Clock_Init                          0x0000226d   Thumb Code    16  main.o(i.S800_Clock_Init)
    S800_GPIO_Init                           0x00002289   Thumb Code   194  main.o(i.S800_GPIO_Init)
    S800_I2C0_Init                           0x00002361   Thumb Code   122  main.o(i.S800_I2C0_Init)
    S800_SysTick_Init                        0x000023f9   Thumb Code    30  main.o(i.S800_SysTick_Init)
    S800_UART_Init                           0x0000241d   Thumb Code   182  main.o(i.S800_UART_Init)
    SWPressed                                0x0000252d   Thumb Code  1196  main.o(i.SWPressed)
    SysCtlClockFreqSet                       0x000029ed   Thumb Code   700  sysctl.o(i.SysCtlClockFreqSet)
    SysCtlPeripheralEnable                   0x00002cd1   Thumb Code    36  sysctl.o(i.SysCtlPeripheralEnable)
    SysCtlPeripheralReady                    0x00002cf9   Thumb Code    40  sysctl.o(i.SysCtlPeripheralReady)
    SysTickEnable                            0x00002d25   Thumb Code    14  systick.o(i.SysTickEnable)
    SysTickIntEnable                         0x00002d33   Thumb Code    14  systick.o(i.SysTickIntEnable)
    SysTickPeriodSet                         0x00002d41   Thumb Code    10  systick.o(i.SysTickPeriodSet)
    SysTick_Handler                          0x00002d4d   Thumb Code   112  main.o(i.SysTick_Handler)
    SystemInit                               0x00002dd9   Thumb Code    20  system_tm4c129.o(i.SystemInit)
    UART0_Handler                            0x00002df9   Thumb Code   102  main.o(i.UART0_Handler)
    UARTCharGetNonBlocking                   0x00002e71   Thumb Code    16  uart.o(i.UARTCharGetNonBlocking)
    UARTCharPut                              0x00002e81   Thumb Code    12  uart.o(i.UARTCharPut)
    UARTCharsAvail                           0x00002e8d   Thumb Code    10  uart.o(i.UARTCharsAvail)
    UARTConfigSetExpClk                      0x00002e97   Thumb Code   110  uart.o(i.UARTConfigSetExpClk)
    UARTFIFOLevelSet                         0x00002f05   Thumb Code     6  uart.o(i.UARTFIFOLevelSet)
    UARTIntClear                             0x00002f0b   Thumb Code     4  uart.o(i.UARTIntClear)
    UARTIntEnable                            0x00002f0f   Thumb Code     8  uart.o(i.UARTIntEnable)
    UARTIntStatus                            0x00002f17   Thumb Code    10  uart.o(i.UARTIntStatus)
    UARTStringPut                            0x00002f21   Thumb Code    24  main.o(i.UARTStringPut)
    Uart_set                                 0x00002f3d   Thumb Code  1480  main.o(i.Uart_set)
    _is_digit                                0x00003551   Thumb Code    14  __printf_wp.o(i._is_digit)
    main                                     0x00003561   Thumb Code   516  main.o(i.main)
    setAlarm                                 0x000037f5   Thumb Code    66  main.o(i.setAlarm)
    setDate                                  0x00003845   Thumb Code    68  main.o(i.setDate)
    setTime                                  0x00003895   Thumb Code    66  main.o(i.setTime)
    timeUpdate                               0x000038e5   Thumb Code  1098  main.o(i.timeUpdate)
    transAlarm                               0x00003d39   Thumb Code    40  main.o(i.transAlarm)
    transDate                                0x00003d85   Thumb Code    40  main.o(i.transDate)
    transTime                                0x00003dd1   Thumb Code    40  main.o(i.transTime)
    _get_lc_ctype                            0x00003e1d   Thumb Code    44  lc_ctype_c.o(locale$$code)
    _fp_init                                 0x00003e49   Thumb Code    10  fpinit.o(x$fpl$fpinit)
    __fplib_config_fpu_vfp                   0x00003e51   Thumb Code     0  fpinit.o(x$fpl$fpinit)
    __fplib_config_pureend_doubles           0x00003e51   Thumb Code     0  fpinit.o(x$fpl$fpinit)
    disp_7seg                                0x00003e54   Data          14  main.o(.constdata)
    updown_disp_7seg                         0x00003e62   Data          14  main.o(.constdata)
    Region$$Table$$Base                      0x00004760   Number         0  anon$$obj.o(Region$$Table)
    Region$$Table$$Limit                     0x00004780   Number         0  anon$$obj.o(Region$$Table)
    __ctype                                  0x0000478d   Data           0  lc_ctype_c.o(locale$$data)
    result                                   0x20000000   Data           1  main.o(.data)
    upsidedown                               0x20000001   Data           1  main.o(.data)
    cnt                                      0x20000004   Data           4  main.o(.data)
    ui32SysClock                             0x20000008   Data           4  main.o(.data)
    seg7                                     0x2000000c   Data          17  main.o(.data)
    author                                   0x2000001d   Data           8  main.o(.data)
    welcome                                  0x20000025   Data           6  main.o(.data)
    x                                        0x2000002b   Data           1  main.o(.data)
    y                                        0x2000002c   Data           1  main.o(.data)
    z                                        0x2000002d   Data           1  main.o(.data)
    i                                        0x2000002e   Data           1  main.o(.data)
    t                                        0x2000002f   Data           1  main.o(.data)
    i2c_flash_cnt1                           0x20000030   Data           2  main.o(.data)
    systick_1ms_couter2                      0x20000032   Data           2  main.o(.data)
    systick_1ms_couter                       0x20000034   Data           2  main.o(.data)
    systick_1ms_couter1                      0x20000036   Data           2  main.o(.data)
    systick_10ms_couter                      0x20000038   Data           2  main.o(.data)
    systick_100ms_couter                     0x2000003a   Data           2  main.o(.data)
    systick_500ms_couter                     0x2000003c   Data           2  main.o(.data)
    systick_1ms_status2                      0x2000003e   Data           1  main.o(.data)
    systick_1ms_status1                      0x2000003f   Data           1  main.o(.data)
    systick_10ms_status                      0x20000040   Data           1  main.o(.data)
    systick_100ms_status                     0x20000041   Data           1  main.o(.data)
    systick_1ms_status                       0x20000042   Data           1  main.o(.data)
    msCounter                                0x20000044   Data           4  main.o(.data)
    pressStart                               0x20000048   Data           8  main.o(.data)
    pressEnd                                 0x20000050   Data           8  main.o(.data)
    PJPressed                                0x20000058   Data           4  main.o(.data)
    systick_1s_couter                        0x2000005c   Data           2  main.o(.data)
    systick_1s_status                        0x2000005e   Data           1  main.o(.data)
    rightshift                               0x2000005f   Data           1  main.o(.data)
    functionChoice                           0x20000060   Data           1  main.o(.data)
    permitted                                0x20000061   Data           1  main.o(.data)
    column                                   0x20000062   Data           1  main.o(.data)
    row                                      0x20000063   Data           1  main.o(.data)
    timer                                    0x20000064   Data           1  main.o(.data)
    button_time                              0x20000065   Data           1  main.o(.data)
    initCount                                0x20000066   Data           1  main.o(.data)
    button_status                            0x20000067   Data           1  main.o(.data)
    t1                                       0x20000068   Data           1  main.o(.data)
    t2                                       0x20000069   Data           1  main.o(.data)
    t3                                       0x2000006a   Data           1  main.o(.data)
    t4                                       0x2000006b   Data           1  main.o(.data)
    t5                                       0x2000006c   Data           1  main.o(.data)
    countdown_value                          0x20000070   Data           4  main.o(.data)
    countdown_start                          0x20000074   Data           4  main.o(.data)
    countdown_stop                           0x20000078   Data           4  main.o(.data)
    p                                        0x2000007c   Data          16  main.o(.data)
    p2                                       0x2000008c   Data          18  main.o(.data)
    p3                                       0x2000009e   Data          19  main.o(.data)
    Sw_status                                0x200000b1   Data           1  main.o(.data)
    year                                     0x200000b4   Data           4  main.o(.data)
    month                                    0x200000b8   Data           4  main.o(.data)
    day                                      0x200000bc   Data           4  main.o(.data)
    setHour                                  0x200000c0   Data           1  main.o(.data)
    setMinute                                0x200000c1   Data           1  main.o(.data)
    setSecond                                0x200000c2   Data           1  main.o(.data)
    hour                                     0x200000c4   Data           4  main.o(.data)
    minute                                   0x200000c8   Data           4  main.o(.data)
    second                                   0x200000cc   Data           4  main.o(.data)
    carryFlag1                               0x200000d0   Data           1  main.o(.data)
    carryFlag2                               0x200000d1   Data           1  main.o(.data)
    carryFlag3                               0x200000d2   Data           1  main.o(.data)
    carryFlag4                               0x200000d3   Data           1  main.o(.data)
    carryFlag5                               0x200000d4   Data           1  main.o(.data)
    daysOfMonth                              0x200000d5   Data          12  main.o(.data)
    clockFlag                                0x200000e1   Data           1  main.o(.data)
    audio                                    0x200000e4   Data           4  main.o(.data)
    uart_receive_status                      0x200000e8   Data           1  main.o(.data)
    SystemCoreClock                          0x200000ec   Data           4  system_tm4c129.o(.data)
    countdown                                0x200000f0   Data          28  main.o(.bss)
    send_char                                0x2000010c   Data         100  main.o(.bss)
    send_char1                               0x20000170   Data         100  main.o(.bss)
    send_char2                               0x200001d4   Data         100  main.o(.bss)
    uart_receive_char                        0x20000238   Data         100  main.o(.bss)
    __libspace_start                         0x2000029c   Data          96  libspace.o(.bss)
    __temporary_stack_top$libspace           0x200002fc   Data           0  libspace.o(.bss)



==============================================================================

Memory Map of the image

  Image Entry point : 0x000002f9

  Load Region LR_1 (Base: 0x00000000, Size: 0x00004980, Max: 0xffffffff, ABSOLUTE)

    Execution Region ER_RO (Base: 0x00000000, Size: 0x00004890, Max: 0xffffffff, ABSOLUTE)

    Base Addr    Size         Type   Attr      Idx    E Section Name        Object

    0x00000000   0x00000200   Data   RO          282    RESET               startup_tm4c129.o
    0x00000200   0x00000008   Code   RO         1888  * !!!main             c_w.l(__main.o)
    0x00000208   0x00000034   Code   RO         2083    !!!scatter          c_w.l(__scatter.o)
    0x0000023c   0x0000001a   Code   RO         2085    !!handler_copy      c_w.l(__scatter_copy.o)
    0x00000256   0x00000002   PAD
    0x00000258   0x0000001c   Code   RO         2087    !!handler_zi        c_w.l(__scatter_zi.o)
    0x00000274   0x00000000   Code   RO         1877    .ARM.Collect$$_printf_percent$$00000000  c_w.l(_printf_percent.o)
    0x00000274   0x00000006   Code   RO         1875    .ARM.Collect$$_printf_percent$$00000009  c_w.l(_printf_d.o)
    0x0000027a   0x00000006   Code   RO         1876    .ARM.Collect$$_printf_percent$$0000000A  c_w.l(_printf_u.o)
    0x00000280   0x00000006   Code   RO         1874    .ARM.Collect$$_printf_percent$$00000014  c_w.l(_printf_s.o)
    0x00000286   0x00000004   Code   RO         1904    .ARM.Collect$$_printf_percent$$00000017  c_w.l(_printf_percent_end.o)
    0x0000028a   0x00000002   Code   RO         1954    .ARM.Collect$$libinit$$00000000  c_w.l(libinit.o)
    0x0000028c   0x00000004   Code   RO         1959    .ARM.Collect$$libinit$$00000001  c_w.l(libinit2.o)
    0x00000290   0x00000000   Code   RO         1962    .ARM.Collect$$libinit$$00000004  c_w.l(libinit2.o)
    0x00000290   0x00000000   Code   RO         1965    .ARM.Collect$$libinit$$0000000A  c_w.l(libinit2.o)
    0x00000290   0x00000000   Code   RO         1967    .ARM.Collect$$libinit$$0000000C  c_w.l(libinit2.o)
    0x00000290   0x00000000   Code   RO         1969    .ARM.Collect$$libinit$$0000000E  c_w.l(libinit2.o)
    0x00000290   0x00000006   Code   RO         1970    .ARM.Collect$$libinit$$0000000F  c_w.l(libinit2.o)
    0x00000296   0x00000000   Code   RO         1972    .ARM.Collect$$libinit$$00000011  c_w.l(libinit2.o)
    0x00000296   0x0000000c   Code   RO         1973    .ARM.Collect$$libinit$$00000012  c_w.l(libinit2.o)
    0x000002a2   0x00000000   Code   RO         1974    .ARM.Collect$$libinit$$00000013  c_w.l(libinit2.o)
    0x000002a2   0x00000000   Code   RO         1976    .ARM.Collect$$libinit$$00000015  c_w.l(libinit2.o)
    0x000002a2   0x00000000   Code   RO         1978    .ARM.Collect$$libinit$$00000017  c_w.l(libinit2.o)
    0x000002a2   0x00000000   Code   RO         1980    .ARM.Collect$$libinit$$00000019  c_w.l(libinit2.o)
    0x000002a2   0x00000000   Code   RO         1982    .ARM.Collect$$libinit$$0000001B  c_w.l(libinit2.o)
    0x000002a2   0x00000000   Code   RO         1984    .ARM.Collect$$libinit$$0000001D  c_w.l(libinit2.o)
    0x000002a2   0x00000000   Code   RO         1986    .ARM.Collect$$libinit$$0000001F  c_w.l(libinit2.o)
    0x000002a2   0x00000000   Code   RO         1988    .ARM.Collect$$libinit$$00000021  c_w.l(libinit2.o)
    0x000002a2   0x00000000   Code   RO         1990    .ARM.Collect$$libinit$$00000023  c_w.l(libinit2.o)
    0x000002a2   0x00000000   Code   RO         1992    .ARM.Collect$$libinit$$00000025  c_w.l(libinit2.o)
    0x000002a2   0x00000000   Code   RO         1996    .ARM.Collect$$libinit$$0000002C  c_w.l(libinit2.o)
    0x000002a2   0x00000000   Code   RO         1998    .ARM.Collect$$libinit$$0000002E  c_w.l(libinit2.o)
    0x000002a2   0x00000000   Code   RO         2000    .ARM.Collect$$libinit$$00000030  c_w.l(libinit2.o)
    0x000002a2   0x00000000   Code   RO         2002    .ARM.Collect$$libinit$$00000032  c_w.l(libinit2.o)
    0x000002a2   0x00000002   Code   RO         2003    .ARM.Collect$$libinit$$00000033  c_w.l(libinit2.o)
    0x000002a4   0x00000002   Code   RO         2023    .ARM.Collect$$libshutdown$$00000000  c_w.l(libshutdown.o)
    0x000002a6   0x00000000   Code   RO         2036    .ARM.Collect$$libshutdown$$00000002  c_w.l(libshutdown2.o)
    0x000002a6   0x00000000   Code   RO         2038    .ARM.Collect$$libshutdown$$00000004  c_w.l(libshutdown2.o)
    0x000002a6   0x00000000   Code   RO         2041    .ARM.Collect$$libshutdown$$00000007  c_w.l(libshutdown2.o)
    0x000002a6   0x00000000   Code   RO         2044    .ARM.Collect$$libshutdown$$0000000A  c_w.l(libshutdown2.o)
    0x000002a6   0x00000000   Code   RO         2046    .ARM.Collect$$libshutdown$$0000000C  c_w.l(libshutdown2.o)
    0x000002a6   0x00000000   Code   RO         2049    .ARM.Collect$$libshutdown$$0000000F  c_w.l(libshutdown2.o)
    0x000002a6   0x00000002   Code   RO         2050    .ARM.Collect$$libshutdown$$00000010  c_w.l(libshutdown2.o)
    0x000002a8   0x00000000   Code   RO         1890    .ARM.Collect$$rtentry$$00000000  c_w.l(__rtentry.o)
    0x000002a8   0x00000000   Code   RO         1913    .ARM.Collect$$rtentry$$00000002  c_w.l(__rtentry2.o)
    0x000002a8   0x00000006   Code   RO         1925    .ARM.Collect$$rtentry$$00000004  c_w.l(__rtentry4.o)
    0x000002ae   0x00000000   Code   RO         1915    .ARM.Collect$$rtentry$$00000009  c_w.l(__rtentry2.o)
    0x000002ae   0x00000004   Code   RO         1916    .ARM.Collect$$rtentry$$0000000A  c_w.l(__rtentry2.o)
    0x000002b2   0x00000000   Code   RO         1918    .ARM.Collect$$rtentry$$0000000C  c_w.l(__rtentry2.o)
    0x000002b2   0x00000008   Code   RO         1919    .ARM.Collect$$rtentry$$0000000D  c_w.l(__rtentry2.o)
    0x000002ba   0x00000002   Code   RO         1955    .ARM.Collect$$rtexit$$00000000  c_w.l(rtexit.o)
    0x000002bc   0x00000000   Code   RO         2005    .ARM.Collect$$rtexit$$00000002  c_w.l(rtexit2.o)
    0x000002bc   0x00000004   Code   RO         2006    .ARM.Collect$$rtexit$$00000003  c_w.l(rtexit2.o)
    0x000002c0   0x00000006   Code   RO         2007    .ARM.Collect$$rtexit$$00000004  c_w.l(rtexit2.o)
    0x000002c6   0x00000002   PAD
    0x000002c8   0x00000006   Code   RO         1124    .emb_text           driverlib.lib(sysctl.o)
    0x000002ce   0x00000002   PAD
    0x000002d0   0x00000026   Code   RO         1830    .emb_text           driverlib.lib(cpu.o)
    0x000002f6   0x00000002   PAD
    0x000002f8   0x0000012c   Code   RO          283  * .text               startup_tm4c129.o
    0x00000424   0x00000028   Code   RO         1844    .text               c_w.l(noretval__2sprintf.o)
    0x0000044c   0x0000004e   Code   RO         1848    .text               c_w.l(_printf_pad.o)
    0x0000049a   0x00000052   Code   RO         1850    .text               c_w.l(_printf_str.o)
    0x000004ec   0x00000078   Code   RO         1852    .text               c_w.l(_printf_dec.o)
    0x00000564   0x00000138   Code   RO         1866    .text               c_w.l(__printf_flags_wp.o)
    0x0000069c   0x0000001a   Code   RO         1878    .text               c_w.l(atoi.o)
    0x000006b6   0x00000048   Code   RO         1880    .text               c_w.l(strcpy.o)
    0x000006fe   0x00000064   Code   RO         1882    .text               c_w.l(rt_memcpy_w.o)
    0x00000762   0x00000056   Code   RO         1884    .text               c_w.l(strncpy.o)
    0x000007b8   0x00000006   Code   RO         1886    .text               c_w.l(heapauxi.o)
    0x000007be   0x00000002   PAD
    0x000007c0   0x00000008   Code   RO         1894    .text               c_w.l(rt_errno_addr_intlibspace.o)
    0x000007c8   0x000000b2   Code   RO         1896    .text               c_w.l(_printf_intcommon.o)
    0x0000087a   0x00000002   PAD
    0x0000087c   0x00000030   Code   RO         1898    .text               c_w.l(_printf_char_common.o)
    0x000008ac   0x0000000a   Code   RO         1900    .text               c_w.l(_sputc.o)
    0x000008b6   0x0000002c   Code   RO         1902    .text               c_w.l(_printf_char.o)
    0x000008e2   0x00000070   Code   RO         1905    .text               c_w.l(strtol.o)
    0x00000952   0x00000044   Code   RO         1907    .text               c_w.l(rt_memclr.o)
    0x00000996   0x00000002   PAD
    0x00000998   0x00000008   Code   RO         1909    .text               c_w.l(libspace.o)
    0x000009a0   0x00000010   Code   RO         1927    .text               c_w.l(rt_ctype_table.o)
    0x000009b0   0x0000009e   Code   RO         1931    .text               c_w.l(_strtoul.o)
    0x00000a4e   0x0000004e   Code   RO         1933    .text               c_w.l(rt_memclr_w.o)
    0x00000a9c   0x0000004a   Code   RO         1935    .text               c_w.l(sys_stackheap_outer.o)
    0x00000ae6   0x00000002   PAD
    0x00000ae8   0x00000008   Code   RO         1940    .text               c_w.l(rt_locale_intlibspace.o)
    0x00000af0   0x0000001c   Code   RO         1942    .text               c_w.l(_chval.o)
    0x00000b0c   0x00000012   Code   RO         1947    .text               c_w.l(exit.o)
    0x00000b1e   0x00000002   PAD
    0x00000b20   0x00000080   Code   RO         1957    .text               c_w.l(strcmpv7m.o)
    0x00000ba0   0x0000000c   Code   RO         2015    .text               c_w.l(sys_exit.o)
    0x00000bac   0x00000002   Code   RO         2026    .text               c_w.l(use_no_semi.o)
    0x00000bae   0x00000000   Code   RO         2028    .text               c_w.l(indicate_semi.o)
    0x00000bae   0x00000002   PAD
    0x00000bb0   0x00000070   Code   RO            2    i.Alarmring         main.o
    0x00000c20   0x00000370   Code   RO            3    i.AuthorDisplay     main.o
    0x00000f90   0x000006a8   Code   RO            4    i.BootMusic         main.o
    0x00001638   0x0000000c   Code   RO            5    i.Delay             main.o
    0x00001644   0x00000194   Code   RO            6    i.Display_alarm     main.o
    0x000017d8   0x00000230   Code   RO            7    i.Display_countdown  main.o
    0x00001a08   0x00000174   Code   RO            8    i.Display_date      main.o
    0x00001b7c   0x00000194   Code   RO            9    i.Display_time      main.o
    0x00001d10   0x00000028   Code   RO          345    i.GPIODirModeSet    driverlib.lib(gpio.o)
    0x00001d38   0x00000006   Code   RO          346    i.GPIOIntClear      driverlib.lib(gpio.o)
    0x00001d3e   0x0000000c   Code   RO          348    i.GPIOIntEnable     driverlib.lib(gpio.o)
    0x00001d4a   0x0000000e   Code   RO          351    i.GPIOIntStatus     driverlib.lib(gpio.o)
    0x00001d58   0x00000050   Code   RO          353    i.GPIOIntTypeSet    driverlib.lib(gpio.o)
    0x00001da8   0x0000008c   Code   RO           10    i.GPIOJ_Handler     main.o
    0x00001e34   0x00000138   Code   RO          357    i.GPIOPadConfigSet  driverlib.lib(gpio.o)
    0x00001f6c   0x00000044   Code   RO          358    i.GPIOPinConfigure  driverlib.lib(gpio.o)
    0x00001fb0   0x00000006   Code   RO          359    i.GPIOPinRead       driverlib.lib(gpio.o)
    0x00001fb6   0x0000001c   Code   RO          368    i.GPIOPinTypeGPIOInput  driverlib.lib(gpio.o)
    0x00001fd2   0x0000001c   Code   RO          369    i.GPIOPinTypeGPIOOutput  driverlib.lib(gpio.o)
    0x00001fee   0x0000001c   Code   RO          372    i.GPIOPinTypeI2C    driverlib.lib(gpio.o)
    0x0000200a   0x0000001c   Code   RO          373    i.GPIOPinTypeI2CSCL  driverlib.lib(gpio.o)
    0x00002026   0x0000001c   Code   RO          381    i.GPIOPinTypeUART   driverlib.lib(gpio.o)
    0x00002042   0x00000006   Code   RO          387    i.GPIOPinWrite      driverlib.lib(gpio.o)
    0x00002048   0x0000008c   Code   RO           11    i.I2C0_ReadByte     main.o
    0x000020d4   0x00000074   Code   RO           12    i.I2C0_WriteByte    main.o
    0x00002148   0x0000000c   Code   RO          681    i.I2CMasterBusBusy  driverlib.lib(i2c.o)
    0x00002154   0x0000000c   Code   RO          682    i.I2CMasterBusy     driverlib.lib(i2c.o)
    0x00002160   0x00000004   Code   RO          683    i.I2CMasterControl  driverlib.lib(i2c.o)
    0x00002164   0x00000004   Code   RO          684    i.I2CMasterDataGet  driverlib.lib(i2c.o)
    0x00002168   0x00000004   Code   RO          685    i.I2CMasterDataPut  driverlib.lib(i2c.o)
    0x0000216c   0x0000000a   Code   RO          687    i.I2CMasterEnable   driverlib.lib(i2c.o)
    0x00002176   0x00000018   Code   RO          688    i.I2CMasterErr      driverlib.lib(i2c.o)
    0x0000218e   0x00000002   PAD
    0x00002190   0x00000054   Code   RO          690    i.I2CMasterInitExpClk  driverlib.lib(i2c.o)
    0x000021e4   0x00000008   Code   RO          700    i.I2CMasterSlaveAddrSet  driverlib.lib(i2c.o)
    0x000021ec   0x00000064   Code   RO         1009    i.IntEnable         driverlib.lib(interrupt.o)
    0x00002250   0x0000000e   Code   RO         1011    i.IntMasterDisable  driverlib.lib(interrupt.o)
    0x0000225e   0x0000000e   Code   RO         1012    i.IntMasterEnable   driverlib.lib(interrupt.o)
    0x0000226c   0x0000001c   Code   RO           14    i.S800_Clock_Init   main.o
    0x00002288   0x000000d8   Code   RO           15    i.S800_GPIO_Init    main.o
    0x00002360   0x00000098   Code   RO           16    i.S800_I2C0_Init    main.o
    0x000023f8   0x00000024   Code   RO           17    i.S800_SysTick_Init  main.o
    0x0000241c   0x00000110   Code   RO           18    i.S800_UART_Init    main.o
    0x0000252c   0x000004c0   Code   RO           19    i.SWPressed         main.o
    0x000029ec   0x000002e4   Code   RO         1126    i.SysCtlClockFreqSet  driverlib.lib(sysctl.o)
    0x00002cd0   0x00000028   Code   RO         1158    i.SysCtlPeripheralEnable  driverlib.lib(sysctl.o)
    0x00002cf8   0x0000002c   Code   RO         1162    i.SysCtlPeripheralReady  driverlib.lib(sysctl.o)
    0x00002d24   0x0000000e   Code   RO         1473    i.SysTickEnable     driverlib.lib(systick.o)
    0x00002d32   0x0000000e   Code   RO         1475    i.SysTickIntEnable  driverlib.lib(systick.o)
    0x00002d40   0x0000000a   Code   RO         1479    i.SysTickPeriodSet  driverlib.lib(systick.o)
    0x00002d4a   0x00000002   PAD
    0x00002d4c   0x0000008c   Code   RO           20    i.SysTick_Handler   main.o
    0x00002dd8   0x00000020   Code   RO          292    i.SystemInit        system_tm4c129.o
    0x00002df8   0x00000078   Code   RO           21    i.UART0_Handler     main.o
    0x00002e70   0x00000010   Code   RO         1542    i.UARTCharGetNonBlocking  driverlib.lib(uart.o)
    0x00002e80   0x0000000c   Code   RO         1543    i.UARTCharPut       driverlib.lib(uart.o)
    0x00002e8c   0x0000000a   Code   RO         1545    i.UARTCharsAvail    driverlib.lib(uart.o)
    0x00002e96   0x0000006e   Code   RO         1549    i.UARTConfigSetExpClk  driverlib.lib(uart.o)
    0x00002f04   0x00000006   Code   RO         1559    i.UARTFIFOLevelSet  driverlib.lib(uart.o)
    0x00002f0a   0x00000004   Code   RO         1562    i.UARTIntClear      driverlib.lib(uart.o)
    0x00002f0e   0x00000008   Code   RO         1564    i.UARTIntEnable     driverlib.lib(uart.o)
    0x00002f16   0x0000000a   Code   RO         1566    i.UARTIntStatus     driverlib.lib(uart.o)
    0x00002f20   0x0000001c   Code   RO           22    i.UARTStringPut     main.o
    0x00002f3c   0x00000614   Code   RO           24    i.Uart_set          main.o
    0x00003550   0x0000000e   Code   RO         1864    i._is_digit         c_w.l(__printf_wp.o)
    0x0000355e   0x00000002   PAD
    0x00003560   0x00000294   Code   RO           26    i.main              main.o
    0x000037f4   0x00000050   Code   RO           27    i.setAlarm          main.o
    0x00003844   0x00000050   Code   RO           29    i.setDate           main.o
    0x00003894   0x00000050   Code   RO           30    i.setTime           main.o
    0x000038e4   0x00000454   Code   RO           33    i.timeUpdate        main.o
    0x00003d38   0x0000004c   Code   RO           34    i.transAlarm        main.o
    0x00003d84   0x0000004c   Code   RO           35    i.transDate         main.o
    0x00003dd0   0x0000004c   Code   RO           36    i.transTime         main.o
    0x00003e1c   0x0000002c   Code   RO         1945    locale$$code        c_w.l(lc_ctype_c.o)
    0x00003e48   0x0000000a   Code   RO         2013    x$fpl$fpinit        fz_wm.l(fpinit.o)
    0x00003e52   0x00000002   PAD
    0x00003e54   0x00000040   Data   RO           38    .constdata          main.o
    0x00003e94   0x00000228   Data   RO          389    .constdata          driverlib.lib(gpio.o)
    0x000040bc   0x0000010c   Data   RO         1025    .constdata          driverlib.lib(interrupt.o)
    0x000041c8   0x00000254   Data   RO         1180    .constdata          driverlib.lib(sysctl.o)
    0x0000441c   0x00000011   Data   RO         1867    .constdata          c_w.l(__printf_flags_wp.o)
    0x0000442d   0x00000003   PAD
    0x00004430   0x0000032e   Data   RO           39    .conststring        main.o
    0x0000475e   0x00000002   PAD
    0x00004760   0x00000020   Data   RO         2081    Region$$Table       anon$$obj.o
    0x00004780   0x00000110   Data   RO         1944    locale$$data        c_w.l(lc_ctype_c.o)


    Execution Region ER_RW (Base: 0x20000000, Size: 0x000000f0, Max: 0xffffffff, ABSOLUTE)

    Base Addr    Size         Type   Attr      Idx    E Section Name        Object

    0x20000000   0x000000ea   Data   RW           40    .data               main.o
    0x200000ea   0x00000002   PAD
    0x200000ec   0x00000004   Data   RW          293    .data               system_tm4c129.o


    Execution Region ER_ZI (Base: 0x200000f0, Size: 0x00000410, Max: 0xffffffff, ABSOLUTE)

    Base Addr    Size         Type   Attr      Idx    E Section Name        Object

    0x200000f0   0x000001ac   Zero   RW           37    .bss                main.o
    0x2000029c   0x00000060   Zero   RW         1910    .bss                c_w.l(libspace.o)
    0x200002fc   0x00000004   PAD
    0x20000300   0x00000000   Zero   RW          281    HEAP                startup_tm4c129.o
    0x20000300   0x00000200   Zero   RW          280    STACK               startup_tm4c129.o


==============================================================================

Image component sizes


      Code (inc. data)   RO Data    RW Data    ZI Data      Debug   Object Name

     10844       1570        878        234        428      29273   main.o
       300         22        512          0        512       6040   startup_tm4c129.o
        32         12          0          4          0        723   system_tm4c129.o

    ----------------------------------------------------------------------
     11176       1604       1424        240        940      36036   Object Totals
         0          0         32          0          0          0   (incl. Generated)
         0          0          2          2          0          0   (incl. Padding)

    ----------------------------------------------------------------------

      Code (inc. data)   RO Data    RW Data    ZI Data      Debug   Library Member Name

         8          0          0          0          0         68   __main.o
       312          4         17          0          0         92   __printf_flags_wp.o
        14          0          0          0          0         68   __printf_wp.o
         0          0          0          0          0          0   __rtentry.o
        12          0          0          0          0          0   __rtentry2.o
         6          0          0          0          0          0   __rtentry4.o
        52          8          0          0          0          0   __scatter.o
        26          0          0          0          0          0   __scatter_copy.o
        28          0          0          0          0          0   __scatter_zi.o
        28          0          0          0          0         68   _chval.o
        44          0          0          0          0        108   _printf_char.o
        48          6          0          0          0         96   _printf_char_common.o
         6          0          0          0          0          0   _printf_d.o
       120         16          0          0          0         92   _printf_dec.o
       178          0          0          0          0         88   _printf_intcommon.o
        78          0          0          0          0        108   _printf_pad.o
         0          0          0          0          0          0   _printf_percent.o
         4          0          0          0          0          0   _printf_percent_end.o
         6          0          0          0          0          0   _printf_s.o
        82          0          0          0          0         80   _printf_str.o
         6          0          0          0          0          0   _printf_u.o
        10          0          0          0          0         68   _sputc.o
       158          0          0          0          0         92   _strtoul.o
        26          0          0          0          0         80   atoi.o
        18          0          0          0          0         80   exit.o
         6          0          0          0          0        152   heapauxi.o
         0          0          0          0          0          0   indicate_semi.o
        44         10        272          0          0         76   lc_ctype_c.o
         2          0          0          0          0          0   libinit.o
        24          0          0          0          0          0   libinit2.o
         2          0          0          0          0          0   libshutdown.o
         2          0          0          0          0          0   libshutdown2.o
         8          4          0          0         96         68   libspace.o
        40          6          0          0          0         84   noretval__2sprintf.o
        16          4          0          0          0         76   rt_ctype_table.o
         8          4          0          0          0         68   rt_errno_addr_intlibspace.o
         8          4          0          0          0         68   rt_locale_intlibspace.o
        68          0          0          0          0         68   rt_memclr.o
        78          0          0          0          0         80   rt_memclr_w.o
       100          0          0          0          0         80   rt_memcpy_w.o
         2          0          0          0          0          0   rtexit.o
        10          0          0          0          0          0   rtexit2.o
       128          0          0          0          0         68   strcmpv7m.o
        72          0          0          0          0         80   strcpy.o
        86          0          0          0          0         76   strncpy.o
       112          0          0          0          0         88   strtol.o
        12          4          0          0          0         68   sys_exit.o
        74          0          0          0          0         80   sys_stackheap_outer.o
         2          0          0          0          0         68   use_no_semi.o
        38          0          0          0          0        572   cpu.o
       684          8        552          0          0      11874   gpio.o
       162         12          0          0          0       5454   i2c.o
       128          8        268          0          0       2561   interrupt.o
       830         48        596          0          0       4870   sysctl.o
        38          0          0          0          0       1410   systick.o
       176          0          0          0          0       5097   uart.o
        10          0          0          0          0        116   fpinit.o

    ----------------------------------------------------------------------
      4268        146       1708          0        100      34490   Library Totals
        28          0          3          0          4          0   (incl. Padding)

    ----------------------------------------------------------------------

      Code (inc. data)   RO Data    RW Data    ZI Data      Debug   Library Name

      2174         70        289          0         96       2536   c_w.l
      2056         76       1416          0          0      31838   driverlib.lib
        10          0          0          0          0        116   fz_wm.l

    ----------------------------------------------------------------------
      4268        146       1708          0        100      34490   Library Totals

    ----------------------------------------------------------------------

==============================================================================


      Code (inc. data)   RO Data    RW Data    ZI Data      Debug   

     15444       1750       3132        240       1040      62722   Grand Totals
     15444       1750       3132        240       1040      62722   ELF Image Totals
     15444       1750       3132        240          0          0   ROM Totals

==============================================================================

    Total RO  Size (Code + RO Data)                18576 (  18.14kB)
    Total RW  Size (RW Data + ZI Data)              1280 (   1.25kB)
    Total ROM Size (Code + RO Data + RW Data)      18816 (  18.38kB)

==============================================================================

